#
# There is insufficient memory for the Java Runtime Environment to continue.
# Native memory allocation (mmap) failed to map 307232768 bytes for G1 virtual space
# Possible reasons:
#   The system is out of physical RAM or swap space
#   The process is running with CompressedOops enabled, and the Java Heap may be blocking the growth of the native heap
# Possible solutions:
#   Reduce memory load on the system
#   Increase physical memory or swap space
#   Check if swap backing store is full
#   Decrease Java heap size (-Xmx/-Xms)
#   Decrease number of Java threads
#   Decrease Java thread stack sizes (-Xss)
#   Set larger code cache with -XX:ReservedCodeCacheSize=
#   JVM is running with Unscaled Compressed Oops mode in which the Java heap is
#     placed in the first 4GB address space. The Java Heap base address is the
#     maximum limit for the native heap growth. Please use -XX:HeapBaseMinAddress
#     to set the Java Heap base and to place the Java Heap above 4GB virtual address.
# This output file may be truncated or incomplete.
#
#  Out of Memory Error (os_windows.cpp:3548), pid=21816, tid=17276
#
# JRE version: Java(TM) SE Runtime Environment (17.0.12+8) (build 17.0.12+8-LTS-286)
# Java VM: Java HotSpot(TM) 64-Bit Server VM (17.0.12+8-LTS-286, mixed mode, sharing, tiered, compressed oops, compressed class ptrs, g1 gc, windows-amd64)
# No core dump will be written. Minidumps are not enabled by default on client versions of Windows
#

---------------  S U M M A R Y ------------

Command Line: --add-opens=java.base/java.lang=ALL-UNNAMED --add-opens=java.base/java.lang.invoke=ALL-UNNAMED --add-opens=java.base/java.util=ALL-UNNAMED --add-opens=java.prefs/java.util.prefs=ALL-UNNAMED --add-exports=jdk.compiler/com.sun.tools.javac.api=ALL-UNNAMED --add-exports=jdk.compiler/com.sun.tools.javac.util=ALL-UNNAMED --add-opens=java.base/java.util=ALL-UNNAMED --add-opens=java.prefs/java.util.prefs=ALL-UNNAMED --add-opens=java.base/java.nio.charset=ALL-UNNAMED --add-opens=java.base/java.net=ALL-UNNAMED --add-opens=java.base/java.util.concurrent=ALL-UNNAMED --add-opens=java.base/java.util.concurrent.atomic=ALL-UNNAMED --add-opens=java.xml/javax.xml.namespace=ALL-UNNAMED --add-opens=java.base/java.time=ALL-UNNAMED -Xmx2048m -Dfile.encoding=UTF-8 -Duser.country=US -Duser.language=en -Duser.variant -javaagent:C:\Users\OS\.gradle\wrapper\dists\gradle-9.1.0-bin\9agqghryom9wkf8r80qlhnts3\gradle-9.1.0\lib\agents\gradle-instrumentation-agent-9.1.0.jar org.gradle.launcher.daemon.bootstrap.GradleDaemon 9.1.0

Host: AMD Ryzen 7 8845H w/ Radeon 780M Graphics, 16 cores, 13G,  Windows 11 , 64 bit Build 26100 (10.0.26100.7920)
Time: Fri Mar 13 17:29:23 2026 SE Asia Standard Time elapsed time: 28.806166 seconds (0d 0h 0m 28s)

---------------  T H R E A D  ---------------

Current thread (0x0000019cfb32e880):  VMThread "VM Thread" [stack: 0x0000001cfa100000,0x0000001cfa200000] [id=17276]

Stack: [0x0000001cfa100000,0x0000001cfa200000]
Native frames: (J=compiled Java code, j=interpreted, Vv=VM code, C=native code)
V  [jvm.dll+0x67a04a]
V  [jvm.dll+0x7da4ed]
V  [jvm.dll+0x7dbe33]
V  [jvm.dll+0x7dc4a3]
V  [jvm.dll+0x24508f]
V  [jvm.dll+0x677089]
V  [jvm.dll+0x66bd32]
V  [jvm.dll+0x301fa6]
V  [jvm.dll+0x309546]
V  [jvm.dll+0x359d2e]
V  [jvm.dll+0x359f5f]
V  [jvm.dll+0x2d9078]
V  [jvm.dll+0x2d74ad]
V  [jvm.dll+0x2d6afc]
V  [jvm.dll+0x31a65b]
V  [jvm.dll+0x7e0d9b]
V  [jvm.dll+0x7e1ad4]
V  [jvm.dll+0x7e1fed]
V  [jvm.dll+0x7e23c4]
V  [jvm.dll+0x7e2490]
V  [jvm.dll+0x78abea]
V  [jvm.dll+0x678f35]
C  [ucrtbase.dll+0x37b0]
C  [KERNEL32.DLL+0x2e8d7]
C  [ntdll.dll+0x8c48c]

VM_Operation (0x0000001cfbdef450): G1CollectForAllocation, mode: safepoint, requested by thread 0x0000019cc767fa90


---------------  P R O C E S S  ---------------

Threads class SMR info:
_java_thread_list=0x0000019ccbccb7a0, length=53, elements={
0x0000019cdcd992f0, 0x0000019cfbaab8d0, 0x0000019cfbaac920, 0x0000019cfbac1fd0,
0x0000019cfbac24b0, 0x0000019cfbac3500, 0x0000019cfbac8560, 0x0000019cfbacf480,
0x0000019cfbadc620, 0x0000019cfbad9430, 0x0000019cfbbd5b30, 0x0000019cfbceeac0,
0x0000019cc75a31e0, 0x0000019cc761f450, 0x0000019cc68e3950, 0x0000019cc6207570,
0x0000019cc748d460, 0x0000019cc767f580, 0x0000019cc767fa90, 0x0000019cc76809c0,
0x0000019cc767eb60, 0x0000019cc767e140, 0x0000019cc767e650, 0x0000019cc7680ed0,
0x0000019cc76804b0, 0x0000019cc767ffa0, 0x0000019cc767d720, 0x0000019cc767dc30,
0x0000019cc7897960, 0x0000019cc7896a30, 0x0000019cc7898380, 0x0000019cc78992b0,
0x0000019cc7896520, 0x0000019cc7896f40, 0x0000019cc7897450, 0x0000019cc7898da0,
0x0000019cc9874660, 0x0000019cc9874150, 0x0000019cc8bdcb30, 0x0000019cc98773f0,
0x0000019cc7f30f10, 0x0000019cc98764c0, 0x0000019cc987a180, 0x0000019cc9877e10,
0x0000019cc9879c70, 0x0000019cc987a690, 0x0000019cc9878320, 0x0000019cc9878d40,
0x0000019cc9876ee0, 0x0000019ccd75a320, 0x0000019ccd755e10, 0x0000019ccd756e00,
0x0000019ccd75c300
}

Java Threads: ( => current thread )
  0x0000019cdcd992f0 JavaThread "main" [_thread_blocked, id=30708, stack(0x0000001cf9b00000,0x0000001cf9c00000)]
  0x0000019cfbaab8d0 JavaThread "Reference Handler" daemon [_thread_blocked, id=29896, stack(0x0000001cfa200000,0x0000001cfa300000)]
  0x0000019cfbaac920 JavaThread "Finalizer" daemon [_thread_blocked, id=29900, stack(0x0000001cfa300000,0x0000001cfa400000)]
  0x0000019cfbac1fd0 JavaThread "Signal Dispatcher" daemon [_thread_blocked, id=29712, stack(0x0000001cfa400000,0x0000001cfa500000)]
  0x0000019cfbac24b0 JavaThread "Attach Listener" daemon [_thread_blocked, id=26576, stack(0x0000001cfa500000,0x0000001cfa600000)]
  0x0000019cfbac3500 JavaThread "Service Thread" daemon [_thread_blocked, id=27900, stack(0x0000001cfa600000,0x0000001cfa700000)]
  0x0000019cfbac8560 JavaThread "Monitor Deflation Thread" daemon [_thread_blocked, id=19420, stack(0x0000001cfa700000,0x0000001cfa800000)]
  0x0000019cfbacf480 JavaThread "C2 CompilerThread0" daemon [_thread_blocked, id=20564, stack(0x0000001cfa800000,0x0000001cfa900000)]
  0x0000019cfbadc620 JavaThread "C1 CompilerThread0" daemon [_thread_blocked, id=26076, stack(0x0000001cfa900000,0x0000001cfaa00000)]
  0x0000019cfbad9430 JavaThread "Sweeper thread" daemon [_thread_blocked, id=8052, stack(0x0000001cfaa00000,0x0000001cfab00000)]
  0x0000019cfbbd5b30 JavaThread "Common-Cleaner" daemon [_thread_blocked, id=20192, stack(0x0000001cfab00000,0x0000001cfac00000)]
  0x0000019cfbceeac0 JavaThread "Notification Thread" daemon [_thread_blocked, id=25572, stack(0x0000001cfb000000,0x0000001cfb100000)]
  0x0000019cc75a31e0 JavaThread "Daemon health stats" [_thread_blocked, id=30468, stack(0x0000001cfb300000,0x0000001cfb400000)]
  0x0000019cc761f450 JavaThread "Incoming local TCP Connector on port 60882" [_thread_in_native, id=10548, stack(0x0000001cfb400000,0x0000001cfb500000)]
  0x0000019cc68e3950 JavaThread "Daemon periodic checks" [_thread_blocked, id=28180, stack(0x0000001cfb900000,0x0000001cfba00000)]
  0x0000019cc6207570 JavaThread "Daemon" [_thread_blocked, id=14388, stack(0x0000001cfba00000,0x0000001cfbb00000)]
  0x0000019cc748d460 JavaThread "Handler for socket connection from /127.0.0.1:60882 to /127.0.0.1:60883" [_thread_in_native, id=30544, stack(0x0000001cfbb00000,0x0000001cfbc00000)]
  0x0000019cc767f580 JavaThread "Cancel handler" [_thread_blocked, id=30656, stack(0x0000001cfbc00000,0x0000001cfbd00000)]
  0x0000019cc767fa90 JavaThread "Daemon worker" [_thread_blocked, id=27888, stack(0x0000001cfbd00000,0x0000001cfbe00000)]
  0x0000019cc76809c0 JavaThread "Asynchronous log dispatcher for DefaultDaemonConnection: socket connection from /127.0.0.1:60882 to /127.0.0.1:60883" [_thread_blocked, id=29848, stack(0x0000001cfbe00000,0x0000001cfbf00000)]
  0x0000019cc767eb60 JavaThread "Stdin handler" [_thread_blocked, id=22900, stack(0x0000001cfbf00000,0x0000001cfc000000)]
  0x0000019cc767e140 JavaThread "Daemon client event forwarder" [_thread_blocked, id=2592, stack(0x0000001cfc000000,0x0000001cfc100000)]
  0x0000019cc767e650 JavaThread "Cache worker for journal cache (C:\Users\OS\.gradle\caches\journal-1)" [_thread_blocked, id=30320, stack(0x0000001cfaf00000,0x0000001cfb000000)]
  0x0000019cc7680ed0 JavaThread "File lock request listener" [_thread_in_native, id=29740, stack(0x0000001cfc100000,0x0000001cfc200000)]
  0x0000019cc76804b0 JavaThread "Cache worker for file hash cache (C:\Users\OS\.gradle\caches\9.1.0\fileHashes)" [_thread_blocked, id=29708, stack(0x0000001cfc200000,0x0000001cfc300000)]
  0x0000019cc767ffa0 JavaThread "Cache worker for file hash cache (D:\AndroidStudioProjects\LTTBDD-D22CNPM02-N5\.gradle\9.1.0\fileHashes)" [_thread_blocked, id=2636, stack(0x0000001cfce00000,0x0000001cfcf00000)]
  0x0000019cc767d720 JavaThread "Cache worker for Build Output Cleanup Cache (D:\AndroidStudioProjects\LTTBDD-D22CNPM02-N5\.gradle\buildOutputCleanup)" [_thread_blocked, id=30456, stack(0x0000001cfcf00000,0x0000001cfd000000)]
  0x0000019cc767dc30 JavaThread "File lock release action executor" [_thread_blocked, id=30612, stack(0x0000001cfd000000,0x0000001cfd100000)]
  0x0000019cc7897960 JavaThread "File watcher server" daemon [_thread_in_native, id=28520, stack(0x0000001cfd100000,0x0000001cfd200000)]
  0x0000019cc7896a30 JavaThread "File watcher consumer" daemon [_thread_blocked, id=18224, stack(0x0000001cfd200000,0x0000001cfd300000)]
  0x0000019cc7898380 JavaThread "jar transforms" [_thread_blocked, id=15972, stack(0x0000001cfd300000,0x0000001cfd400000)]
  0x0000019cc78992b0 JavaThread "jar transforms Thread 2" [_thread_blocked, id=30000, stack(0x0000001cfd400000,0x0000001cfd500000)]
  0x0000019cc7896520 JavaThread "jar transforms Thread 3" [_thread_blocked, id=2044, stack(0x0000001cfd500000,0x0000001cfd600000)]
  0x0000019cc7896f40 JavaThread "Cache worker for checksums cache (D:\AndroidStudioProjects\LTTBDD-D22CNPM02-N5\.gradle\9.1.0\checksums)" [_thread_blocked, id=29860, stack(0x0000001cfc400000,0x0000001cfc500000)]
  0x0000019cc7897450 JavaThread "Cache worker for file content cache (C:\Users\OS\.gradle\caches\9.1.0\fileContent)" [_thread_blocked, id=27152, stack(0x0000001cfd600000,0x0000001cfd700000)]
  0x0000019cc7898da0 JavaThread "Cache worker for cache directory md-supplier (C:\Users\OS\.gradle\caches\9.1.0\md-supplier)" [_thread_blocked, id=30404, stack(0x0000001cfd800000,0x0000001cfd900000)]
  0x0000019cc9874660 JavaThread "Cache worker for cache directory md-rule (C:\Users\OS\.gradle\caches\9.1.0\md-rule)" [_thread_blocked, id=30400, stack(0x0000001cfd900000,0x0000001cfda00000)]
  0x0000019cc9874150 JavaThread "jar transforms Thread 4" [_thread_blocked, id=30592, stack(0x0000001cfdc00000,0x0000001cfdd00000)]
  0x0000019cc8bdcb30 JavaThread "C1 CompilerThread1" daemon [_thread_blocked, id=3364, stack(0x0000001cfac00000,0x0000001cfad00000)]
  0x0000019cc98773f0 JavaThread "jar transforms Thread 5" [_thread_blocked, id=14544, stack(0x0000001cfad00000,0x0000001cfae00000)]
  0x0000019cc7f30f10 JavaThread "C1 CompilerThread2" daemon [_thread_blocked, id=30696, stack(0x0000001cfae00000,0x0000001cfaf00000)]
  0x0000019cc98764c0 JavaThread "jar transforms Thread 6" [_thread_blocked, id=29856, stack(0x0000001cfdd00000,0x0000001cfde00000)]
  0x0000019cc987a180 JavaThread "jar transforms Thread 7" [_thread_blocked, id=21784, stack(0x0000001cfde00000,0x0000001cfdf00000)]
  0x0000019cc9877e10 JavaThread "jar transforms Thread 8" [_thread_blocked, id=29828, stack(0x0000001cfe200000,0x0000001cfe300000)]
  0x0000019cc9879c70 JavaThread "jar transforms Thread 9" [_thread_blocked, id=14836, stack(0x0000001cfe300000,0x0000001cfe400000)]
  0x0000019cc987a690 JavaThread "jar transforms Thread 10" [_thread_blocked, id=16064, stack(0x0000001cfe400000,0x0000001cfe500000)]
  0x0000019cc9878320 JavaThread "jar transforms Thread 11" [_thread_blocked, id=14352, stack(0x0000001cfe500000,0x0000001cfe600000)]
  0x0000019cc9878d40 JavaThread "jar transforms Thread 12" [_thread_blocked, id=22848, stack(0x0000001cfe600000,0x0000001cfe700000)]
  0x0000019cc9876ee0 JavaThread "jar transforms Thread 13" [_thread_blocked, id=29916, stack(0x0000001cfe700000,0x0000001cfe800000)]
  0x0000019ccd75a320 JavaThread "C1 CompilerThread3" daemon [_thread_blocked, id=31728, stack(0x0000001cfeb00000,0x0000001cfec00000)]
  0x0000019ccd755e10 JavaThread "C2 CompilerThread1" daemon [_thread_blocked, id=13800, stack(0x0000001cfc300000,0x0000001cfc400000)]
  0x0000019ccd756e00 JavaThread "C2 CompilerThread2" daemon [_thread_blocked, id=30372, stack(0x0000001cfd700000,0x0000001cfd800000)]
  0x0000019ccd75c300 JavaThread "C2 CompilerThread3" daemon [_thread_blocked, id=30808, stack(0x0000001cfe900000,0x0000001cfea00000)]

Other Threads:
=>0x0000019cfb32e880 VMThread "VM Thread" [stack: 0x0000001cfa100000,0x0000001cfa200000] [id=17276]
  0x0000019cfbd48980 WatcherThread [stack: 0x0000001cfb100000,0x0000001cfb200000] [id=28044]
  0x0000019cdcdf7540 GCTaskThread "GC Thread#0" [stack: 0x0000001cf9c00000,0x0000001cf9d00000] [id=29908]
  0x0000019cc5156b20 GCTaskThread "GC Thread#1" [stack: 0x0000001cfb500000,0x0000001cfb600000] [id=26436]
  0x0000019cc59d2080 GCTaskThread "GC Thread#2" [stack: 0x0000001cfb600000,0x0000001cfb700000] [id=26336]
  0x0000019cc53c9790 GCTaskThread "GC Thread#3" [stack: 0x0000001cfb700000,0x0000001cfb800000] [id=30524]
  0x0000019cc5b90020 GCTaskThread "GC Thread#4" [stack: 0x0000001cfb800000,0x0000001cfb900000] [id=27268]
  0x0000019cc68c47c0 GCTaskThread "GC Thread#5" [stack: 0x0000001cfb200000,0x0000001cfb300000] [id=25356]
  0x0000019cc83b0b30 GCTaskThread "GC Thread#6" [stack: 0x0000001cfc500000,0x0000001cfc600000] [id=20656]
  0x0000019cc83b0df0 GCTaskThread "GC Thread#7" [stack: 0x0000001cfc600000,0x0000001cfc700000] [id=9276]
  0x0000019cc83b0870 GCTaskThread "GC Thread#8" [stack: 0x0000001cfc700000,0x0000001cfc800000] [id=21604]
  0x0000019cc83b10b0 GCTaskThread "GC Thread#9" [stack: 0x0000001cfc800000,0x0000001cfc900000] [id=29912]
  0x0000019cc83b1370 GCTaskThread "GC Thread#10" [stack: 0x0000001cfc900000,0x0000001cfca00000] [id=24852]
  0x0000019cc91becf0 GCTaskThread "GC Thread#11" [stack: 0x0000001cfca00000,0x0000001cfcb00000] [id=29968]
  0x0000019cc91bdf30 GCTaskThread "GC Thread#12" [stack: 0x0000001cfcb00000,0x0000001cfcc00000] [id=29768]
  0x0000019cdce08500 ConcurrentGCThread "G1 Main Marker" [stack: 0x0000001cf9d00000,0x0000001cf9e00000] [id=30668]
  0x0000019cdce0a840 ConcurrentGCThread "G1 Conc#0" [stack: 0x0000001cf9e00000,0x0000001cf9f00000] [id=30672]
  0x0000019cc68e8b00 ConcurrentGCThread "G1 Conc#1" [stack: 0x0000001cfcc00000,0x0000001cfcd00000] [id=30036]
  0x0000019cc68e8000 ConcurrentGCThread "G1 Conc#2" [stack: 0x0000001cfcd00000,0x0000001cfce00000] [id=30408]
  0x0000019cdce4dd70 ConcurrentGCThread "G1 Refine#0" [stack: 0x0000001cf9f00000,0x0000001cfa000000] [id=29836]
  0x0000019cc5b7b330 ConcurrentGCThread "G1 Refine#1" [stack: 0x0000001cfdf00000,0x0000001cfe000000] [id=17180]
  0x0000019cc5b7b040 ConcurrentGCThread "G1 Refine#2" [stack: 0x0000001cfe000000,0x0000001cfe100000] [id=26444]
  0x0000019cc5b7b620 ConcurrentGCThread "G1 Refine#3" [stack: 0x0000001cfe100000,0x0000001cfe200000] [id=30500]
  0x0000019ccbe67d30 ConcurrentGCThread "G1 Refine#4" [stack: 0x0000001cfda00000,0x0000001cfdb00000] [id=17236]
  0x0000019ccbe65410 ConcurrentGCThread "G1 Refine#5" [stack: 0x0000001cfe800000,0x0000001cfe900000] [id=28408]
  0x0000019ccc2f8640 ConcurrentGCThread "G1 Refine#6" [stack: 0x0000001cfdb00000,0x0000001cfdc00000] [id=31704]
  0x0000019cdce4e060 ConcurrentGCThread "G1 Service" [stack: 0x0000001cfa000000,0x0000001cfa100000] [id=29904]

Threads with active compile tasks:
C2 CompilerThread0    28853 13187       4       org.objectweb.asm.ClassReader::readCode (5117 bytes)
C2 CompilerThread1    28854 13280   !   4       org.jetbrains.kotlin.cli.jvm.compiler.jarfs.FastJarHandler::<init> (551 bytes)
C2 CompilerThread2    28854 13347       4       org.jetbrains.kotlin.fir.declarations.impl.FirResolvedImportImpl::getImportedName (17 bytes)
C2 CompilerThread3    28854 13342       4       org.jetbrains.kotlin.cli.jvm.compiler.KotlinCliJavaFileManagerImpl::knownClassNamesInPackage$lambda$19 (99 bytes)

VM state: at safepoint (normal execution)

VM Mutex/Monitor currently owned by a thread:  ([mutex/lock_event])
[0x0000019cda9d7b40] Threads_lock - owner thread: 0x0000019cfb32e880
[0x0000019cdcd95030] Heap_lock - owner thread: 0x0000019cc767fa90

Heap address: 0x0000000080000000, size: 2048 MB, Compressed Oops mode: 32-bit

CDS archive(s) mapped at: [0x0000019c80000000-0x0000019c80bd0000-0x0000019c80bd0000), size 12386304, SharedBaseAddress: 0x0000019c80000000, ArchiveRelocationMode: 1.
Compressed class space mapped at: 0x0000019c81000000-0x0000019cc1000000, reserved size: 1073741824
Narrow klass base: 0x0000019c80000000, Narrow klass shift: 0, Narrow klass range: 0x100000000

GC Precious Log:
 CPUs: 16 total, 16 available
 Memory: 14140M
 Large Page Support: Disabled
 NUMA Support: Disabled
 Compressed Oops: Enabled (32-bit)
 Heap Region Size: 1M
 Heap Min Capacity: 8M
 Heap Initial Capacity: 222M
 Heap Max Capacity: 2G
 Pre-touch: Disabled
 Parallel Workers: 13
 Concurrent Workers: 3
 Concurrent Refinement Workers: 13
 Periodic GC: Disabled

Heap:
 garbage-first heap   total 227328K, used 150869K [0x0000000080000000, 0x0000000100000000)
  region size 1024K, 4 young (4096K), 4 survivors (4096K)
 Metaspace       used 120847K, committed 121792K, reserved 1179648K
  class space    used 15549K, committed 16000K, reserved 1048576K

Heap Regions: E=young(eden), S=young(survivor), O=old, HS=humongous(starts), HC=humongous(continues), CS=collection set, F=free, OA=open archive, CA=closed archive, TAMS=top-at-mark-start (previous, next)
|   0|0x0000000080000000, 0x0000000080100000, 0x0000000080100000|100%|HS|  |TAMS 0x0000000080100000, 0x0000000080000000| Complete 
|   1|0x0000000080100000, 0x0000000080200000, 0x0000000080200000|100%|HC|  |TAMS 0x0000000080200000, 0x0000000080100000| Complete 
|   2|0x0000000080200000, 0x0000000080300000, 0x0000000080300000|100%|HC|  |TAMS 0x0000000080300000, 0x0000000080200000| Complete 
|   3|0x0000000080300000, 0x0000000080400000, 0x0000000080400000|100%| O|  |TAMS 0x0000000080400000, 0x0000000080300000| Untracked 
|   4|0x0000000080400000, 0x0000000080500000, 0x0000000080500000|100%| O|  |TAMS 0x0000000080500000, 0x0000000080400000| Untracked 
|   5|0x0000000080500000, 0x0000000080600000, 0x0000000080600000|100%| O|  |TAMS 0x0000000080600000, 0x0000000080500000| Untracked 
|   6|0x0000000080600000, 0x0000000080700000, 0x0000000080700000|100%|HS|  |TAMS 0x0000000080700000, 0x0000000080600000| Complete 
|   7|0x0000000080700000, 0x0000000080800000, 0x0000000080800000|100%| O|  |TAMS 0x0000000080800000, 0x0000000080700000| Untracked 
|   8|0x0000000080800000, 0x0000000080900000, 0x0000000080900000|100%| O|  |TAMS 0x0000000080900000, 0x0000000080800000| Untracked 
|   9|0x0000000080900000, 0x0000000080a00000, 0x0000000080a00000|100%| O|  |TAMS 0x0000000080a00000, 0x0000000080900000| Untracked 
|  10|0x0000000080a00000, 0x0000000080b00000, 0x0000000080b00000|100%|HS|  |TAMS 0x0000000080a00000, 0x0000000080a00000| Complete 
|  11|0x0000000080b00000, 0x0000000080c00000, 0x0000000080c00000|100%| O|  |TAMS 0x0000000080c00000, 0x0000000080b00000| Untracked 
|  12|0x0000000080c00000, 0x0000000080d00000, 0x0000000080d00000|100%| O|  |TAMS 0x0000000080d00000, 0x0000000080c00000| Untracked 
|  13|0x0000000080d00000, 0x0000000080e00000, 0x0000000080e00000|100%| O|  |TAMS 0x0000000080e00000, 0x0000000080d00000| Untracked 
|  14|0x0000000080e00000, 0x0000000080f00000, 0x0000000080f00000|100%| O|  |TAMS 0x0000000080f00000, 0x0000000080e00000| Untracked 
|  15|0x0000000080f00000, 0x0000000081000000, 0x0000000081000000|100%| O|  |TAMS 0x0000000081000000, 0x0000000080f00000| Untracked 
|  16|0x0000000081000000, 0x0000000081100000, 0x0000000081100000|100%| O|  |TAMS 0x0000000081100000, 0x0000000081000000| Untracked 
|  17|0x0000000081100000, 0x0000000081200000, 0x0000000081200000|100%| O|  |TAMS 0x0000000081200000, 0x0000000081100000| Untracked 
|  18|0x0000000081200000, 0x0000000081300000, 0x0000000081300000|100%| O|  |TAMS 0x0000000081300000, 0x0000000081200000| Untracked 
|  19|0x0000000081300000, 0x0000000081400000, 0x0000000081400000|100%| O|  |TAMS 0x0000000081400000, 0x0000000081300000| Untracked 
|  20|0x0000000081400000, 0x0000000081500000, 0x0000000081500000|100%| O|  |TAMS 0x0000000081500000, 0x0000000081400000| Untracked 
|  21|0x0000000081500000, 0x0000000081600000, 0x0000000081600000|100%| O|  |TAMS 0x0000000081600000, 0x0000000081500000| Untracked 
|  22|0x0000000081600000, 0x0000000081700000, 0x0000000081700000|100%| O|  |TAMS 0x0000000081700000, 0x0000000081600000| Untracked 
|  23|0x0000000081700000, 0x0000000081800000, 0x0000000081800000|100%| O|  |TAMS 0x0000000081800000, 0x0000000081700000| Untracked 
|  24|0x0000000081800000, 0x0000000081900000, 0x0000000081900000|100%| O|  |TAMS 0x0000000081900000, 0x0000000081800000| Untracked 
|  25|0x0000000081900000, 0x0000000081a00000, 0x0000000081a00000|100%| O|  |TAMS 0x0000000081900000, 0x0000000081900000| Untracked 
|  26|0x0000000081a00000, 0x0000000081b00000, 0x0000000081b00000|100%| O|  |TAMS 0x0000000081b00000, 0x0000000081a00000| Untracked 
|  27|0x0000000081b00000, 0x0000000081c00000, 0x0000000081c00000|100%| O|  |TAMS 0x0000000081c00000, 0x0000000081b00000| Untracked 
|  28|0x0000000081c00000, 0x0000000081d00000, 0x0000000081d00000|100%| O|  |TAMS 0x0000000081d00000, 0x0000000081c00000| Untracked 
|  29|0x0000000081d00000, 0x0000000081e00000, 0x0000000081e00000|100%| O|  |TAMS 0x0000000081e00000, 0x0000000081d00000| Untracked 
|  30|0x0000000081e00000, 0x0000000081f00000, 0x0000000081f00000|100%| O|  |TAMS 0x0000000081f00000, 0x0000000081e00000| Untracked 
|  31|0x0000000081f00000, 0x0000000082000000, 0x0000000082000000|100%| O|  |TAMS 0x0000000082000000, 0x0000000081f00000| Untracked 
|  32|0x0000000082000000, 0x0000000082100000, 0x0000000082100000|100%| O|  |TAMS 0x0000000082100000, 0x0000000082000000| Untracked 
|  33|0x0000000082100000, 0x0000000082200000, 0x0000000082200000|100%| O|  |TAMS 0x0000000082200000, 0x0000000082100000| Untracked 
|  34|0x0000000082200000, 0x0000000082300000, 0x0000000082300000|100%| O|  |TAMS 0x0000000082300000, 0x0000000082200000| Untracked 
|  35|0x0000000082300000, 0x0000000082400000, 0x0000000082400000|100%| O|  |TAMS 0x0000000082400000, 0x0000000082300000| Untracked 
|  36|0x0000000082400000, 0x0000000082500000, 0x0000000082500000|100%| O|  |TAMS 0x0000000082500000, 0x0000000082400000| Untracked 
|  37|0x0000000082500000, 0x0000000082600000, 0x0000000082600000|100%| O|  |TAMS 0x0000000082600000, 0x0000000082500000| Untracked 
|  38|0x0000000082600000, 0x0000000082700000, 0x0000000082700000|100%| O|  |TAMS 0x0000000082700000, 0x0000000082600000| Untracked 
|  39|0x0000000082700000, 0x0000000082800000, 0x0000000082800000|100%| O|  |TAMS 0x0000000082800000, 0x0000000082700000| Untracked 
|  40|0x0000000082800000, 0x0000000082900000, 0x0000000082900000|100%| O|  |TAMS 0x0000000082900000, 0x0000000082800000| Untracked 
|  41|0x0000000082900000, 0x0000000082a00000, 0x0000000082a00000|100%| O|  |TAMS 0x0000000082a00000, 0x0000000082900000| Untracked 
|  42|0x0000000082a00000, 0x0000000082b00000, 0x0000000082b00000|100%| O|  |TAMS 0x0000000082b00000, 0x0000000082a00000| Untracked 
|  43|0x0000000082b00000, 0x0000000082c00000, 0x0000000082c00000|100%| O|  |TAMS 0x0000000082c00000, 0x0000000082b00000| Untracked 
|  44|0x0000000082c00000, 0x0000000082d00000, 0x0000000082d00000|100%|HS|  |TAMS 0x0000000082d00000, 0x0000000082c00000| Complete 
|  45|0x0000000082d00000, 0x0000000082e00000, 0x0000000082e00000|100%| O|  |TAMS 0x0000000082e00000, 0x0000000082d00000| Untracked 
|  46|0x0000000082e00000, 0x0000000082f00000, 0x0000000082f00000|100%| O|  |TAMS 0x0000000082f00000, 0x0000000082e00000| Untracked 
|  47|0x0000000082f00000, 0x0000000083000000, 0x0000000083000000|100%| O|  |TAMS 0x0000000083000000, 0x0000000082f00000| Untracked 
|  48|0x0000000083000000, 0x0000000083100000, 0x0000000083100000|100%| O|  |TAMS 0x0000000083100000, 0x0000000083000000| Untracked 
|  49|0x0000000083100000, 0x0000000083200000, 0x0000000083200000|100%| O|  |TAMS 0x0000000083200000, 0x0000000083100000| Untracked 
|  50|0x0000000083200000, 0x0000000083300000, 0x0000000083300000|100%| O|  |TAMS 0x0000000083300000, 0x0000000083200000| Untracked 
|  51|0x0000000083300000, 0x0000000083400000, 0x0000000083400000|100%| O|  |TAMS 0x0000000083400000, 0x0000000083300000| Untracked 
|  52|0x0000000083400000, 0x0000000083500000, 0x0000000083500000|100%| O|  |TAMS 0x0000000083500000, 0x0000000083400000| Untracked 
|  53|0x0000000083500000, 0x0000000083600000, 0x0000000083600000|100%| O|  |TAMS 0x0000000083600000, 0x0000000083500000| Untracked 
|  54|0x0000000083600000, 0x0000000083700000, 0x0000000083700000|100%| O|  |TAMS 0x0000000083700000, 0x0000000083600000| Untracked 
|  55|0x0000000083700000, 0x0000000083800000, 0x0000000083800000|100%| O|  |TAMS 0x0000000083800000, 0x0000000083700000| Untracked 
|  56|0x0000000083800000, 0x0000000083900000, 0x0000000083900000|100%| O|  |TAMS 0x0000000083900000, 0x0000000083800000| Untracked 
|  57|0x0000000083900000, 0x0000000083a00000, 0x0000000083a00000|100%| O|  |TAMS 0x0000000083900000, 0x0000000083900000| Untracked 
|  58|0x0000000083a00000, 0x0000000083b00000, 0x0000000083b00000|100%| O|  |TAMS 0x0000000083a00000, 0x0000000083a00000| Untracked 
|  59|0x0000000083b00000, 0x0000000083c00000, 0x0000000083c00000|100%| O|  |TAMS 0x0000000083b00000, 0x0000000083b00000| Untracked 
|  60|0x0000000083c00000, 0x0000000083d00000, 0x0000000083d00000|100%| O|  |TAMS 0x0000000083c00000, 0x0000000083c00000| Untracked 
|  61|0x0000000083d00000, 0x0000000083e00000, 0x0000000083e00000|100%| O|  |TAMS 0x0000000083d00000, 0x0000000083d00000| Untracked 
|  62|0x0000000083e00000, 0x0000000083f00000, 0x0000000083f00000|100%| O|  |TAMS 0x0000000083e00000, 0x0000000083e00000| Untracked 
|  63|0x0000000083f00000, 0x0000000084000000, 0x0000000084000000|100%| O|  |TAMS 0x0000000083f00000, 0x0000000083f00000| Untracked 
|  64|0x0000000084000000, 0x0000000084100000, 0x0000000084100000|100%| O|  |TAMS 0x0000000084100000, 0x0000000084000000| Untracked 
|  65|0x0000000084100000, 0x0000000084200000, 0x0000000084200000|100%| O|  |TAMS 0x0000000084100000, 0x0000000084100000| Untracked 
|  66|0x0000000084200000, 0x0000000084300000, 0x0000000084300000|100%| O|  |TAMS 0x0000000084200000, 0x0000000084200000| Untracked 
|  67|0x0000000084300000, 0x0000000084400000, 0x0000000084400000|100%| O|  |TAMS 0x0000000084300000, 0x0000000084300000| Untracked 
|  68|0x0000000084400000, 0x0000000084500000, 0x0000000084500000|100%| O|  |TAMS 0x0000000084500000, 0x0000000084400000| Untracked 
|  69|0x0000000084500000, 0x0000000084600000, 0x0000000084600000|100%| O|  |TAMS 0x0000000084500000, 0x0000000084500000| Untracked 
|  70|0x0000000084600000, 0x0000000084700000, 0x0000000084700000|100%| O|  |TAMS 0x0000000084600000, 0x0000000084600000| Untracked 
|  71|0x0000000084700000, 0x0000000084800000, 0x0000000084800000|100%| O|  |TAMS 0x0000000084700000, 0x0000000084700000| Untracked 
|  72|0x0000000084800000, 0x0000000084900000, 0x0000000084900000|100%| O|  |TAMS 0x0000000084900000, 0x0000000084800000| Untracked 
|  73|0x0000000084900000, 0x0000000084a00000, 0x0000000084a00000|100%| O|  |TAMS 0x0000000084a00000, 0x0000000084900000| Untracked 
|  74|0x0000000084a00000, 0x0000000084b00000, 0x0000000084b00000|100%| O|  |TAMS 0x0000000084a00000, 0x0000000084a00000| Untracked 
|  75|0x0000000084b00000, 0x0000000084c00000, 0x0000000084c00000|100%| O|  |TAMS 0x0000000084b00000, 0x0000000084b00000| Untracked 
|  76|0x0000000084c00000, 0x0000000084d00000, 0x0000000084d00000|100%| O|  |TAMS 0x0000000084d00000, 0x0000000084c00000| Untracked 
|  77|0x0000000084d00000, 0x0000000084e00000, 0x0000000084e00000|100%| O|  |TAMS 0x0000000084e00000, 0x0000000084d00000| Untracked 
|  78|0x0000000084e00000, 0x0000000084f00000, 0x0000000084f00000|100%| O|  |TAMS 0x0000000084e00000, 0x0000000084e00000| Untracked 
|  79|0x0000000084f00000, 0x0000000085000000, 0x0000000085000000|100%| O|  |TAMS 0x0000000084f00000, 0x0000000084f00000| Untracked 
|  80|0x0000000085000000, 0x0000000085100000, 0x0000000085100000|100%| O|  |TAMS 0x0000000085000000, 0x0000000085000000| Untracked 
|  81|0x0000000085100000, 0x0000000085200000, 0x0000000085200000|100%| O|  |TAMS 0x0000000085100000, 0x0000000085100000| Untracked 
|  82|0x0000000085200000, 0x0000000085300000, 0x0000000085300000|100%| O|  |TAMS 0x0000000085200000, 0x0000000085200000| Untracked 
|  83|0x0000000085300000, 0x0000000085400000, 0x0000000085400000|100%| O|  |TAMS 0x0000000085300000, 0x0000000085300000| Untracked 
|  84|0x0000000085400000, 0x0000000085500000, 0x0000000085500000|100%| O|  |TAMS 0x0000000085500000, 0x0000000085400000| Untracked 
|  85|0x0000000085500000, 0x0000000085600000, 0x0000000085600000|100%| O|  |TAMS 0x0000000085600000, 0x0000000085500000| Untracked 
|  86|0x0000000085600000, 0x0000000085700000, 0x0000000085700000|100%| O|  |TAMS 0x0000000085700000, 0x0000000085600000| Untracked 
|  87|0x0000000085700000, 0x0000000085800000, 0x0000000085800000|100%| O|  |TAMS 0x0000000085700000, 0x0000000085700000| Untracked 
|  88|0x0000000085800000, 0x0000000085900000, 0x0000000085900000|100%| O|  |TAMS 0x0000000085900000, 0x0000000085800000| Untracked 
|  89|0x0000000085900000, 0x0000000085a00000, 0x0000000085a00000|100%| O|  |TAMS 0x0000000085900000, 0x0000000085900000| Untracked 
|  90|0x0000000085a00000, 0x0000000085b00000, 0x0000000085b00000|100%| O|  |TAMS 0x0000000085a00000, 0x0000000085a00000| Untracked 
|  91|0x0000000085b00000, 0x0000000085c00000, 0x0000000085c00000|100%| O|  |TAMS 0x0000000085b00000, 0x0000000085b00000| Untracked 
|  92|0x0000000085c00000, 0x0000000085d00000, 0x0000000085d00000|100%| O|  |TAMS 0x0000000085c00000, 0x0000000085c00000| Untracked 
|  93|0x0000000085d00000, 0x0000000085e00000, 0x0000000085e00000|100%| O|  |TAMS 0x0000000085d00000, 0x0000000085d00000| Untracked 
|  94|0x0000000085e00000, 0x0000000085f00000, 0x0000000085f00000|100%| O|  |TAMS 0x0000000085e00000, 0x0000000085e00000| Untracked 
|  95|0x0000000085f00000, 0x0000000086000000, 0x0000000086000000|100%| O|  |TAMS 0x0000000085f00000, 0x0000000085f00000| Untracked 
|  96|0x0000000086000000, 0x0000000086100000, 0x0000000086100000|100%| O|  |TAMS 0x0000000086100000, 0x0000000086000000| Untracked 
|  97|0x0000000086100000, 0x0000000086200000, 0x0000000086200000|100%| O|  |TAMS 0x0000000086100000, 0x0000000086100000| Untracked 
|  98|0x0000000086200000, 0x0000000086300000, 0x0000000086300000|100%| O|  |TAMS 0x0000000086200000, 0x0000000086200000| Untracked 
|  99|0x0000000086300000, 0x0000000086400000, 0x0000000086400000|100%| O|  |TAMS 0x0000000086300000, 0x0000000086300000| Untracked 
| 100|0x0000000086400000, 0x0000000086500000, 0x0000000086500000|100%| O|  |TAMS 0x0000000086400000, 0x0000000086400000| Untracked 
| 101|0x0000000086500000, 0x0000000086600000, 0x0000000086600000|100%| O|  |TAMS 0x0000000086500000, 0x0000000086500000| Untracked 
| 102|0x0000000086600000, 0x0000000086700000, 0x0000000086700000|100%| O|  |TAMS 0x0000000086700000, 0x0000000086600000| Untracked 
| 103|0x0000000086700000, 0x0000000086800000, 0x0000000086800000|100%| O|  |TAMS 0x0000000086700000, 0x0000000086700000| Untracked 
| 104|0x0000000086800000, 0x0000000086900000, 0x0000000086900000|100%| O|  |TAMS 0x0000000086800000, 0x0000000086800000| Untracked 
| 105|0x0000000086900000, 0x0000000086a00000, 0x0000000086a00000|100%| O|  |TAMS 0x0000000086a00000, 0x0000000086900000| Untracked 
| 106|0x0000000086a00000, 0x0000000086b00000, 0x0000000086b00000|100%| O|  |TAMS 0x0000000086a00000, 0x0000000086a00000| Untracked 
| 107|0x0000000086b00000, 0x0000000086c00000, 0x0000000086c00000|100%| O|  |TAMS 0x0000000086b00000, 0x0000000086b00000| Untracked 
| 108|0x0000000086c00000, 0x0000000086d00000, 0x0000000086d00000|100%| O|  |TAMS 0x0000000086d00000, 0x0000000086c00000| Untracked 
| 109|0x0000000086d00000, 0x0000000086e00000, 0x0000000086e00000|100%| O|  |TAMS 0x0000000086e00000, 0x0000000086d00000| Untracked 
| 110|0x0000000086e00000, 0x0000000086f00000, 0x0000000086f00000|100%| O|  |TAMS 0x0000000086f00000, 0x0000000086e00000| Untracked 
| 111|0x0000000086f00000, 0x0000000087000000, 0x0000000087000000|100%| O|  |TAMS 0x0000000087000000, 0x0000000086f00000| Untracked 
| 112|0x0000000087000000, 0x0000000087100000, 0x0000000087100000|100%| O|  |TAMS 0x0000000087000000, 0x0000000087000000| Untracked 
| 113|0x0000000087100000, 0x0000000087200000, 0x0000000087200000|100%| O|  |TAMS 0x0000000087113600, 0x0000000087100000| Untracked 
| 114|0x0000000087200000, 0x0000000087300000, 0x0000000087300000|100%| O|  |TAMS 0x0000000087200000, 0x0000000087200000| Untracked 
| 115|0x0000000087300000, 0x0000000087400000, 0x0000000087400000|100%| O|  |TAMS 0x0000000087300000, 0x0000000087300000| Untracked 
| 116|0x0000000087400000, 0x0000000087500000, 0x0000000087500000|100%| O|  |TAMS 0x0000000087400000, 0x0000000087400000| Untracked 
| 117|0x0000000087500000, 0x0000000087600000, 0x0000000087600000|100%| O|  |TAMS 0x0000000087500000, 0x0000000087500000| Untracked 
| 118|0x0000000087600000, 0x0000000087700000, 0x0000000087700000|100%| O|  |TAMS 0x0000000087600000, 0x0000000087600000| Untracked 
| 119|0x0000000087700000, 0x0000000087800000, 0x0000000087800000|100%| O|  |TAMS 0x0000000087700000, 0x0000000087700000| Untracked 
| 120|0x0000000087800000, 0x0000000087900000, 0x0000000087900000|100%| O|  |TAMS 0x0000000087800000, 0x0000000087800000| Untracked 
| 121|0x0000000087900000, 0x0000000087a00000, 0x0000000087a00000|100%| O|  |TAMS 0x0000000087900000, 0x0000000087900000| Untracked 
| 122|0x0000000087a00000, 0x0000000087b00000, 0x0000000087b00000|100%| O|  |TAMS 0x0000000087a00000, 0x0000000087a00000| Untracked 
| 123|0x0000000087b00000, 0x0000000087c00000, 0x0000000087c00000|100%| O|  |TAMS 0x0000000087b00000, 0x0000000087b00000| Untracked 
| 124|0x0000000087c00000, 0x0000000087d00000, 0x0000000087d00000|100%| O|  |TAMS 0x0000000087c00000, 0x0000000087c00000| Untracked 
| 125|0x0000000087d00000, 0x0000000087e00000, 0x0000000087e00000|100%| O|  |TAMS 0x0000000087d00000, 0x0000000087d00000| Untracked 
| 126|0x0000000087e00000, 0x0000000087f00000, 0x0000000087f00000|100%| O|  |TAMS 0x0000000087e00000, 0x0000000087e00000| Untracked 
| 127|0x0000000087f00000, 0x0000000088000000, 0x0000000088000000|100%| O|  |TAMS 0x0000000087f00000, 0x0000000087f00000| Untracked 
| 128|0x0000000088000000, 0x0000000088100000, 0x0000000088100000|100%| O|  |TAMS 0x0000000088000000, 0x0000000088000000| Untracked 
| 129|0x0000000088100000, 0x0000000088200000, 0x0000000088200000|100%| O|  |TAMS 0x0000000088100000, 0x0000000088100000| Untracked 
| 130|0x0000000088200000, 0x0000000088300000, 0x0000000088300000|100%| O|  |TAMS 0x0000000088200000, 0x0000000088200000| Untracked 
| 131|0x0000000088300000, 0x0000000088400000, 0x0000000088400000|100%| O|  |TAMS 0x0000000088300000, 0x0000000088300000| Untracked 
| 132|0x0000000088400000, 0x0000000088500000, 0x0000000088500000|100%| O|  |TAMS 0x0000000088400000, 0x0000000088400000| Untracked 
| 133|0x0000000088500000, 0x0000000088600000, 0x0000000088600000|100%| O|  |TAMS 0x0000000088500000, 0x0000000088500000| Untracked 
| 134|0x0000000088600000, 0x0000000088700000, 0x0000000088700000|100%| O|  |TAMS 0x0000000088600000, 0x0000000088600000| Untracked 
| 135|0x0000000088700000, 0x0000000088800000, 0x0000000088800000|100%| O|  |TAMS 0x0000000088700000, 0x0000000088700000| Untracked 
| 136|0x0000000088800000, 0x0000000088900000, 0x0000000088900000|100%| O|  |TAMS 0x0000000088800000, 0x0000000088800000| Untracked 
| 137|0x0000000088900000, 0x0000000088a00000, 0x0000000088a00000|100%| O|  |TAMS 0x0000000088900000, 0x0000000088900000| Untracked 
| 138|0x0000000088a00000, 0x0000000088b00000, 0x0000000088b00000|100%| O|  |TAMS 0x0000000088a00000, 0x0000000088a00000| Untracked 
| 139|0x0000000088b00000, 0x0000000088c00000, 0x0000000088c00000|100%| O|  |TAMS 0x0000000088b00000, 0x0000000088b00000| Untracked 
| 140|0x0000000088c00000, 0x0000000088d00000, 0x0000000088d00000|100%| O|  |TAMS 0x0000000088c00000, 0x0000000088c00000| Untracked 
| 141|0x0000000088d00000, 0x0000000088e00000, 0x0000000088e00000|100%| O|  |TAMS 0x0000000088d00000, 0x0000000088d00000| Untracked 
| 142|0x0000000088e00000, 0x0000000088f00000, 0x0000000088f00000|100%| O|  |TAMS 0x0000000088e00000, 0x0000000088e00000| Untracked 
| 143|0x0000000088f00000, 0x0000000088f55600, 0x0000000089000000| 33%| O|  |TAMS 0x0000000088f00000, 0x0000000088f00000| Untracked 
| 144|0x0000000089000000, 0x0000000089000000, 0x0000000089100000|  0%| F|  |TAMS 0x0000000089000000, 0x0000000089000000| Untracked 
| 145|0x0000000089100000, 0x0000000089100000, 0x0000000089200000|  0%| F|  |TAMS 0x0000000089100000, 0x0000000089100000| Untracked 
| 146|0x0000000089200000, 0x0000000089200000, 0x0000000089300000|  0%| F|  |TAMS 0x0000000089200000, 0x0000000089200000| Untracked 
| 147|0x0000000089300000, 0x0000000089300000, 0x0000000089400000|  0%| F|  |TAMS 0x0000000089300000, 0x0000000089300000| Untracked 
| 148|0x0000000089400000, 0x0000000089400000, 0x0000000089500000|  0%| F|  |TAMS 0x0000000089400000, 0x0000000089400000| Untracked 
| 149|0x0000000089500000, 0x0000000089500000, 0x0000000089600000|  0%| F|  |TAMS 0x0000000089500000, 0x0000000089500000| Untracked 
| 150|0x0000000089600000, 0x0000000089600000, 0x0000000089700000|  0%| F|  |TAMS 0x0000000089600000, 0x0000000089600000| Untracked 
| 151|0x0000000089700000, 0x0000000089700000, 0x0000000089800000|  0%| F|  |TAMS 0x0000000089700000, 0x0000000089700000| Untracked 
| 152|0x0000000089800000, 0x0000000089800000, 0x0000000089900000|  0%| F|  |TAMS 0x0000000089800000, 0x0000000089800000| Untracked 
| 153|0x0000000089900000, 0x0000000089900000, 0x0000000089a00000|  0%| F|  |TAMS 0x0000000089900000, 0x0000000089900000| Untracked 
| 154|0x0000000089a00000, 0x0000000089a00000, 0x0000000089b00000|  0%| F|  |TAMS 0x0000000089a00000, 0x0000000089a00000| Untracked 
| 155|0x0000000089b00000, 0x0000000089b00000, 0x0000000089c00000|  0%| F|  |TAMS 0x0000000089b00000, 0x0000000089b00000| Untracked 
| 156|0x0000000089c00000, 0x0000000089c00000, 0x0000000089d00000|  0%| F|  |TAMS 0x0000000089c00000, 0x0000000089c00000| Untracked 
| 157|0x0000000089d00000, 0x0000000089d00000, 0x0000000089e00000|  0%| F|  |TAMS 0x0000000089d00000, 0x0000000089d00000| Untracked 
| 158|0x0000000089e00000, 0x0000000089e00000, 0x0000000089f00000|  0%| F|  |TAMS 0x0000000089e00000, 0x0000000089e00000| Untracked 
| 159|0x0000000089f00000, 0x0000000089f00000, 0x000000008a000000|  0%| F|  |TAMS 0x0000000089f00000, 0x0000000089f00000| Untracked 
| 160|0x000000008a000000, 0x000000008a000000, 0x000000008a100000|  0%| F|  |TAMS 0x000000008a000000, 0x000000008a000000| Untracked 
| 161|0x000000008a100000, 0x000000008a100000, 0x000000008a200000|  0%| F|  |TAMS 0x000000008a100000, 0x000000008a100000| Untracked 
| 162|0x000000008a200000, 0x000000008a200000, 0x000000008a300000|  0%| F|  |TAMS 0x000000008a200000, 0x000000008a200000| Untracked 
| 163|0x000000008a300000, 0x000000008a300000, 0x000000008a400000|  0%| F|  |TAMS 0x000000008a300000, 0x000000008a300000| Untracked 
| 164|0x000000008a400000, 0x000000008a400000, 0x000000008a500000|  0%| F|  |TAMS 0x000000008a400000, 0x000000008a400000| Untracked 
| 165|0x000000008a500000, 0x000000008a500000, 0x000000008a600000|  0%| F|  |TAMS 0x000000008a500000, 0x000000008a500000| Untracked 
| 166|0x000000008a600000, 0x000000008a600000, 0x000000008a700000|  0%| F|  |TAMS 0x000000008a600000, 0x000000008a600000| Untracked 
| 167|0x000000008a700000, 0x000000008a700000, 0x000000008a800000|  0%| F|  |TAMS 0x000000008a700000, 0x000000008a700000| Untracked 
| 168|0x000000008a800000, 0x000000008a800000, 0x000000008a900000|  0%| F|  |TAMS 0x000000008a800000, 0x000000008a800000| Untracked 
| 169|0x000000008a900000, 0x000000008a900000, 0x000000008aa00000|  0%| F|  |TAMS 0x000000008a900000, 0x000000008a900000| Untracked 
| 170|0x000000008aa00000, 0x000000008aa00000, 0x000000008ab00000|  0%| F|  |TAMS 0x000000008aa00000, 0x000000008aa00000| Untracked 
| 171|0x000000008ab00000, 0x000000008ac00000, 0x000000008ac00000|100%| S|CS|TAMS 0x000000008ab00000, 0x000000008ab00000| Complete 
| 172|0x000000008ac00000, 0x000000008ad00000, 0x000000008ad00000|100%| S|CS|TAMS 0x000000008ac00000, 0x000000008ac00000| Complete 
| 173|0x000000008ad00000, 0x000000008ae00000, 0x000000008ae00000|100%| S|CS|TAMS 0x000000008ad00000, 0x000000008ad00000| Complete 
| 174|0x000000008ae00000, 0x000000008af00000, 0x000000008af00000|100%| S|CS|TAMS 0x000000008ae00000, 0x000000008ae00000| Complete 
| 175|0x000000008af00000, 0x000000008af00000, 0x000000008b000000|  0%| F|  |TAMS 0x000000008af00000, 0x000000008af00000| Untracked 
| 176|0x000000008b000000, 0x000000008b000000, 0x000000008b100000|  0%| F|  |TAMS 0x000000008b000000, 0x000000008b000000| Untracked 
| 177|0x000000008b100000, 0x000000008b100000, 0x000000008b200000|  0%| F|  |TAMS 0x000000008b100000, 0x000000008b100000| Untracked 
| 178|0x000000008b200000, 0x000000008b200000, 0x000000008b300000|  0%| F|  |TAMS 0x000000008b200000, 0x000000008b200000| Untracked 
| 179|0x000000008b300000, 0x000000008b300000, 0x000000008b400000|  0%| F|  |TAMS 0x000000008b300000, 0x000000008b300000| Untracked 
| 180|0x000000008b400000, 0x000000008b400000, 0x000000008b500000|  0%| F|  |TAMS 0x000000008b400000, 0x000000008b400000| Untracked 
| 181|0x000000008b500000, 0x000000008b500000, 0x000000008b600000|  0%| F|  |TAMS 0x000000008b500000, 0x000000008b500000| Untracked 
| 182|0x000000008b600000, 0x000000008b600000, 0x000000008b700000|  0%| F|  |TAMS 0x000000008b600000, 0x000000008b600000| Untracked 
| 183|0x000000008b700000, 0x000000008b700000, 0x000000008b800000|  0%| F|  |TAMS 0x000000008b700000, 0x000000008b700000| Untracked 
| 184|0x000000008b800000, 0x000000008b800000, 0x000000008b900000|  0%| F|  |TAMS 0x000000008b800000, 0x000000008b800000| Untracked 
| 185|0x000000008b900000, 0x000000008b900000, 0x000000008ba00000|  0%| F|  |TAMS 0x000000008b900000, 0x000000008b900000| Untracked 
| 186|0x000000008ba00000, 0x000000008ba00000, 0x000000008bb00000|  0%| F|  |TAMS 0x000000008ba00000, 0x000000008ba00000| Untracked 
| 187|0x000000008bb00000, 0x000000008bb00000, 0x000000008bc00000|  0%| F|  |TAMS 0x000000008bb00000, 0x000000008bb00000| Untracked 
| 188|0x000000008bc00000, 0x000000008bc00000, 0x000000008bd00000|  0%| F|  |TAMS 0x000000008bc00000, 0x000000008bc00000| Untracked 
| 189|0x000000008bd00000, 0x000000008bd00000, 0x000000008be00000|  0%| F|  |TAMS 0x000000008bd00000, 0x000000008bd00000| Untracked 
| 190|0x000000008be00000, 0x000000008be00000, 0x000000008bf00000|  0%| F|  |TAMS 0x000000008be00000, 0x000000008be00000| Untracked 
| 191|0x000000008bf00000, 0x000000008bf00000, 0x000000008c000000|  0%| F|  |TAMS 0x000000008bf00000, 0x000000008bf00000| Untracked 
| 192|0x000000008c000000, 0x000000008c000000, 0x000000008c100000|  0%| F|  |TAMS 0x000000008c000000, 0x000000008c000000| Untracked 
| 193|0x000000008c100000, 0x000000008c100000, 0x000000008c200000|  0%| F|  |TAMS 0x000000008c100000, 0x000000008c100000| Untracked 
| 194|0x000000008c200000, 0x000000008c200000, 0x000000008c300000|  0%| F|  |TAMS 0x000000008c200000, 0x000000008c200000| Untracked 
| 195|0x000000008c300000, 0x000000008c300000, 0x000000008c400000|  0%| F|  |TAMS 0x000000008c300000, 0x000000008c300000| Untracked 
| 196|0x000000008c400000, 0x000000008c400000, 0x000000008c500000|  0%| F|  |TAMS 0x000000008c400000, 0x000000008c400000| Untracked 
| 197|0x000000008c500000, 0x000000008c500000, 0x000000008c600000|  0%| F|  |TAMS 0x000000008c500000, 0x000000008c500000| Untracked 
| 198|0x000000008c600000, 0x000000008c600000, 0x000000008c700000|  0%| F|  |TAMS 0x000000008c600000, 0x000000008c600000| Untracked 
| 199|0x000000008c700000, 0x000000008c700000, 0x000000008c800000|  0%| F|  |TAMS 0x000000008c700000, 0x000000008c700000| Untracked 
| 200|0x000000008c800000, 0x000000008c800000, 0x000000008c900000|  0%| F|  |TAMS 0x000000008c800000, 0x000000008c800000| Untracked 
| 201|0x000000008c900000, 0x000000008c900000, 0x000000008ca00000|  0%| F|  |TAMS 0x000000008c900000, 0x000000008c900000| Untracked 
| 202|0x000000008ca00000, 0x000000008ca00000, 0x000000008cb00000|  0%| F|  |TAMS 0x000000008ca00000, 0x000000008ca00000| Untracked 
| 203|0x000000008cb00000, 0x000000008cb00000, 0x000000008cc00000|  0%| F|  |TAMS 0x000000008cb00000, 0x000000008cb00000| Untracked 
| 204|0x000000008cc00000, 0x000000008cc00000, 0x000000008cd00000|  0%| F|  |TAMS 0x000000008cc00000, 0x000000008cc00000| Untracked 
| 205|0x000000008cd00000, 0x000000008cd00000, 0x000000008ce00000|  0%| F|  |TAMS 0x000000008cd00000, 0x000000008cd00000| Untracked 
| 206|0x000000008ce00000, 0x000000008ce00000, 0x000000008cf00000|  0%| F|  |TAMS 0x000000008ce00000, 0x000000008ce00000| Untracked 
| 207|0x000000008cf00000, 0x000000008cf00000, 0x000000008d000000|  0%| F|  |TAMS 0x000000008cf00000, 0x000000008cf00000| Untracked 
| 208|0x000000008d000000, 0x000000008d000000, 0x000000008d100000|  0%| F|  |TAMS 0x000000008d000000, 0x000000008d000000| Untracked 
| 209|0x000000008d100000, 0x000000008d100000, 0x000000008d200000|  0%| F|  |TAMS 0x000000008d100000, 0x000000008d100000| Untracked 
| 210|0x000000008d200000, 0x000000008d200000, 0x000000008d300000|  0%| F|  |TAMS 0x000000008d200000, 0x000000008d200000| Untracked 
| 211|0x000000008d300000, 0x000000008d300000, 0x000000008d400000|  0%| F|  |TAMS 0x000000008d300000, 0x000000008d300000| Untracked 
| 212|0x000000008d400000, 0x000000008d400000, 0x000000008d500000|  0%| F|  |TAMS 0x000000008d400000, 0x000000008d400000| Untracked 
| 213|0x000000008d500000, 0x000000008d500000, 0x000000008d600000|  0%| F|  |TAMS 0x000000008d500000, 0x000000008d500000| Untracked 
| 214|0x000000008d600000, 0x000000008d600000, 0x000000008d700000|  0%| F|  |TAMS 0x000000008d600000, 0x000000008d600000| Untracked 
| 215|0x000000008d700000, 0x000000008d700000, 0x000000008d800000|  0%| F|  |TAMS 0x000000008d700000, 0x000000008d700000| Untracked 
| 216|0x000000008d800000, 0x000000008d800000, 0x000000008d900000|  0%| F|  |TAMS 0x000000008d800000, 0x000000008d800000| Untracked 
| 217|0x000000008d900000, 0x000000008d900000, 0x000000008da00000|  0%| F|  |TAMS 0x000000008d900000, 0x000000008d900000| Untracked 
| 218|0x000000008da00000, 0x000000008da00000, 0x000000008db00000|  0%| F|  |TAMS 0x000000008da00000, 0x000000008da00000| Untracked 
| 219|0x000000008db00000, 0x000000008db00000, 0x000000008dc00000|  0%| F|  |TAMS 0x000000008db00000, 0x000000008db00000| Untracked 
| 220|0x000000008dc00000, 0x000000008dc00000, 0x000000008dd00000|  0%| F|  |TAMS 0x000000008dc00000, 0x000000008dc00000| Untracked 
| 221|0x000000008dd00000, 0x000000008dd00000, 0x000000008de00000|  0%| F|  |TAMS 0x000000008dd00000, 0x000000008dd00000| Untracked 

Card table byte_map: [0x0000019cf42d0000,0x0000019cf46d0000] _byte_map_base: 0x0000019cf3ed0000

Marking Bits (Prev, Next): (CMBitMap*) 0x0000019cdcdf7ab0, (CMBitMap*) 0x0000019cdcdf7a70
 Prev Bits: [0x0000019cf6ad0000, 0x0000019cf8ad0000)
 Next Bits: [0x0000019cf4ad0000, 0x0000019cf6ad0000)

Polling page: 0x0000019cdacd0000

Metaspace:

Usage:
  Non-class:    102.83 MB used.
      Class:     15.18 MB used.
       Both:    118.02 MB used.

Virtual space:
  Non-class space:      128.00 MB reserved,     103.31 MB ( 81%) committed,  2 nodes.
      Class space:        1.00 GB reserved,      15.62 MB (  2%) committed,  1 nodes.
             Both:        1.12 GB reserved,     118.94 MB ( 10%) committed. 

Chunk freelists:
   Non-Class:  8.27 MB
       Class:  446.00 KB
        Both:  8.70 MB

MaxMetaspaceSize: unlimited
CompressedClassSpaceSize: 1.00 GB
Initial GC threshold: 21.00 MB
Current GC threshold: 185.75 MB
CDS: on
MetaspaceReclaimPolicy: balanced
 - commit_granule_bytes: 65536.
 - commit_granule_words: 8192.
 - virtual_space_node_default_size: 8388608.
 - enlarge_chunks_in_place: 1.
 - new_chunks_are_fully_committed: 0.
 - uncommit_free_chunks: 1.
 - use_allocation_guard: 0.
 - handle_deallocations: 1.


Internal statistics:

num_allocs_failed_limit: 12.
num_arena_births: 1196.
num_arena_deaths: 12.
num_vsnodes_births: 3.
num_vsnodes_deaths: 0.
num_space_committed: 1902.
num_space_uncommitted: 0.
num_chunks_returned_to_freelist: 37.
num_chunks_taken_from_freelist: 5804.
num_chunk_merges: 13.
num_chunk_splits: 4324.
num_chunks_enlarged: 3417.
num_inconsistent_stats: 0.

CodeHeap 'non-profiled nmethods': size=119168Kb used=7035Kb max_used=7035Kb free=112132Kb
 bounds [0x0000019cec1e0000, 0x0000019cec8c0000, 0x0000019cf3640000]
CodeHeap 'profiled nmethods': size=119104Kb used=27919Kb max_used=27919Kb free=91184Kb
 bounds [0x0000019ce4640000, 0x0000019ce6190000, 0x0000019ceba90000]
CodeHeap 'non-nmethods': size=7488Kb used=3605Kb max_used=3676Kb free=3882Kb
 bounds [0x0000019ceba90000, 0x0000019cebe30000, 0x0000019cec1e0000]
 total_blobs=12607 nmethods=11585 adapters=923
 compilation: enabled
              stopped_count=0, restarted_count=0
 full_count=0

Compilation events (20 events):
Event: 28.757 Thread 0x0000019cfbadc620 nmethod 13357 0x0000019ce617c910 code [0x0000019ce617cba0, 0x0000019ce617d8c8]
Event: 28.759 Thread 0x0000019ccd75a320 nmethod 13356 0x0000019ce617dc90 code [0x0000019ce617e300, 0x0000019ce6182338]
Event: 28.762 Thread 0x0000019cc7f30f10 13361       1       org.jetbrains.kotlin.fir.resolve.calls.ResolutionContext::getBodyResolveComponents (5 bytes)
Event: 28.762 Thread 0x0000019cc7f30f10 nmethod 13361 0x0000019cec8b9b10 code [0x0000019cec8b9ca0, 0x0000019cec8b9d78]
Event: 28.763 Thread 0x0000019ccd75a320 13362       1       org.jetbrains.kotlin.fir.expressions.impl.FirAnonymousFunctionExpressionImpl::getAnonymousFunction (5 bytes)
Event: 28.763 Thread 0x0000019ccd75a320 nmethod 13362 0x0000019cec8b9e10 code [0x0000019cec8b9fa0, 0x0000019cec8ba078]
Event: 28.763 Thread 0x0000019cfbadc620 13363       1       org.jetbrains.kotlin.fir.declarations.impl.FirAnonymousFunctionImpl::getReturnTypeRef (5 bytes)
Event: 28.763 Thread 0x0000019cfbadc620 nmethod 13363 0x0000019cec8ba110 code [0x0000019cec8ba2a0, 0x0000019cec8ba378]
Event: 28.780 Thread 0x0000019ccd756e00 nmethod 13336 0x0000019cec8ba410 code [0x0000019cec8ba660, 0x0000019cec8bc978]
Event: 28.782 Thread 0x0000019ccd756e00 13343       4       org.jetbrains.kotlin.fir.declarations.impl.FirResolvedImportImpl::isAllUnder (8 bytes)
Event: 28.784 Thread 0x0000019ccd756e00 nmethod 13343 0x0000019cec8bd910 code [0x0000019cec8bda80, 0x0000019cec8bdb38]
Event: 28.784 Thread 0x0000019ccd756e00 13339       4       kotlin.text.StringsKt__StringsKt::split$default (26 bytes)
Event: 28.786 Thread 0x0000019ccd756e00 nmethod 13339 0x0000019cec8bdc10 code [0x0000019cec8bdda0, 0x0000019cec8bdf28]
Event: 28.786 Thread 0x0000019ccd756e00 13340       4       kotlin.text.StringsKt__StringsKt::split (165 bytes)
Event: 28.789 Thread 0x0000019ccd756e00 nmethod 13340 0x0000019cec8be210 code [0x0000019cec8be3a0, 0x0000019cec8be4e8]
Event: 28.789 Thread 0x0000019ccd756e00 13364       4       java.util.concurrent.atomic.AtomicInteger::decrementAndGet (14 bytes)
Event: 28.789 Thread 0x0000019ccd756e00 nmethod 13364 0x0000019cec8be710 code [0x0000019cec8be880, 0x0000019cec8be918]
Event: 28.789 Thread 0x0000019ccd756e00 13348       4       org.jetbrains.kotlin.fir.declarations.builder.FirImportBuilder::<init> (15 bytes)
Event: 28.791 Thread 0x0000019ccd756e00 nmethod 13348 0x0000019cec8bea10 code [0x0000019cec8beba0, 0x0000019cec8bed38]
Event: 28.791 Thread 0x0000019ccd756e00 13347       4       org.jetbrains.kotlin.fir.declarations.impl.FirResolvedImportImpl::getImportedName (17 bytes)

GC Heap History (20 events):
Event: 24.298 GC heap after
{Heap after GC invocations=43 (full 0):
 garbage-first heap   total 200704K, used 115067K [0x0000000080000000, 0x0000000100000000)
  region size 1024K, 3 young (3072K), 3 survivors (3072K)
 Metaspace       used 110969K, committed 111680K, reserved 1179648K
  class space    used 14223K, committed 14528K, reserved 1048576K
}
Event: 24.413 GC heap before
{Heap before GC invocations=43 (full 0):
 garbage-first heap   total 200704K, used 121211K [0x0000000080000000, 0x0000000100000000)
  region size 1024K, 9 young (9216K), 3 survivors (3072K)
 Metaspace       used 111745K, committed 112512K, reserved 1179648K
  class space    used 14325K, committed 14656K, reserved 1048576K
}
Event: 24.416 GC heap after
{Heap after GC invocations=44 (full 0):
 garbage-first heap   total 200704K, used 114380K [0x0000000080000000, 0x0000000100000000)
  region size 1024K, 1 young (1024K), 1 survivors (1024K)
 Metaspace       used 111745K, committed 112512K, reserved 1179648K
  class space    used 14325K, committed 14656K, reserved 1048576K
}
Event: 25.026 GC heap before
{Heap before GC invocations=44 (full 0):
 garbage-first heap   total 200704K, used 166604K [0x0000000080000000, 0x0000000100000000)
  region size 1024K, 52 young (53248K), 1 survivors (1024K)
 Metaspace       used 113238K, committed 113984K, reserved 1179648K
  class space    used 14514K, committed 14848K, reserved 1048576K
}
Event: 25.031 GC heap after
{Heap after GC invocations=45 (full 0):
 garbage-first heap   total 200704K, used 129984K [0x0000000080000000, 0x0000000100000000)
  region size 1024K, 7 young (7168K), 7 survivors (7168K)
 Metaspace       used 113238K, committed 113984K, reserved 1179648K
  class space    used 14514K, committed 14848K, reserved 1048576K
}
Event: 25.332 GC heap before
{Heap before GC invocations=46 (full 0):
 garbage-first heap   total 203776K, used 143296K [0x0000000080000000, 0x0000000100000000)
  region size 1024K, 37 young (37888K), 7 survivors (7168K)
 Metaspace       used 113506K, committed 114304K, reserved 1179648K
  class space    used 14523K, committed 14848K, reserved 1048576K
}
Event: 25.340 GC heap after
{Heap after GC invocations=47 (full 0):
 garbage-first heap   total 203776K, used 122415K [0x0000000080000000, 0x0000000100000000)
  region size 1024K, 5 young (5120K), 5 survivors (5120K)
 Metaspace       used 113506K, committed 114304K, reserved 1179648K
  class space    used 14523K, committed 14848K, reserved 1048576K
}
Event: 25.344 GC heap before
{Heap before GC invocations=47 (full 0):
 garbage-first heap   total 203776K, used 126511K [0x0000000080000000, 0x0000000100000000)
  region size 1024K, 9 young (9216K), 5 survivors (5120K)
 Metaspace       used 113506K, committed 114304K, reserved 1179648K
  class space    used 14523K, committed 14848K, reserved 1048576K
}
Event: 25.348 GC heap after
{Heap after GC invocations=48 (full 0):
 garbage-first heap   total 203776K, used 107675K [0x0000000080000000, 0x0000000100000000)
  region size 1024K, 2 young (2048K), 2 survivors (2048K)
 Metaspace       used 113506K, committed 114304K, reserved 1179648K
  class space    used 14523K, committed 14848K, reserved 1048576K
}
Event: 25.369 GC heap before
{Heap before GC invocations=48 (full 0):
 garbage-first heap   total 203776K, used 114843K [0x0000000080000000, 0x0000000100000000)
  region size 1024K, 9 young (9216K), 2 survivors (2048K)
 Metaspace       used 113506K, committed 114304K, reserved 1179648K
  class space    used 14523K, committed 14848K, reserved 1048576K
}
Event: 25.374 GC heap after
{Heap after GC invocations=49 (full 0):
 garbage-first heap   total 203776K, used 109832K [0x0000000080000000, 0x0000000100000000)
  region size 1024K, 2 young (2048K), 2 survivors (2048K)
 Metaspace       used 113506K, committed 114304K, reserved 1179648K
  class space    used 14523K, committed 14848K, reserved 1048576K
}
Event: 26.491 GC heap before
{Heap before GC invocations=49 (full 0):
 garbage-first heap   total 203776K, used 150792K [0x0000000080000000, 0x0000000100000000)
  region size 1024K, 43 young (44032K), 2 survivors (2048K)
 Metaspace       used 114681K, committed 115456K, reserved 1179648K
  class space    used 14590K, committed 14912K, reserved 1048576K
}
Event: 26.497 GC heap after
{Heap after GC invocations=50 (full 0):
 garbage-first heap   total 203776K, used 121557K [0x0000000080000000, 0x0000000100000000)
  region size 1024K, 6 young (6144K), 6 survivors (6144K)
 Metaspace       used 114681K, committed 115456K, reserved 1179648K
  class space    used 14590K, committed 14912K, reserved 1048576K
}
Event: 27.665 GC heap before
{Heap before GC invocations=50 (full 0):
 garbage-first heap   total 203776K, used 156373K [0x0000000080000000, 0x0000000100000000)
  region size 1024K, 40 young (40960K), 6 survivors (6144K)
 Metaspace       used 118526K, committed 119296K, reserved 1179648K
  class space    used 15178K, committed 15552K, reserved 1048576K
}
Event: 27.669 GC heap after
{Heap after GC invocations=51 (full 0):
 garbage-first heap   total 203776K, used 124979K [0x0000000080000000, 0x0000000100000000)
  region size 1024K, 3 young (3072K), 3 survivors (3072K)
 Metaspace       used 118526K, committed 119296K, reserved 1179648K
  class space    used 15178K, committed 15552K, reserved 1048576K
}
Event: 28.590 GC heap before
{Heap before GC invocations=51 (full 0):
 garbage-first heap   total 203776K, used 160819K [0x0000000080000000, 0x0000000100000000)
  region size 1024K, 38 young (38912K), 3 survivors (3072K)
 Metaspace       used 120777K, committed 121664K, reserved 1179648K
  class space    used 15547K, committed 15936K, reserved 1048576K
}
Event: 28.595 GC heap after
{Heap after GC invocations=52 (full 0):
 garbage-first heap   total 203776K, used 128732K [0x0000000080000000, 0x0000000100000000)
  region size 1024K, 5 young (5120K), 5 survivors (5120K)
 Metaspace       used 120777K, committed 121664K, reserved 1179648K
  class space    used 15547K, committed 15936K, reserved 1048576K
}
Event: 28.653 GC heap before
{Heap before GC invocations=52 (full 0):
 garbage-first heap   total 203776K, used 163548K [0x0000000080000000, 0x0000000100000000)
  region size 1024K, 39 young (39936K), 5 survivors (5120K)
 Metaspace       used 120777K, committed 121664K, reserved 1179648K
  class space    used 15547K, committed 15936K, reserved 1048576K
}
Event: 28.661 GC heap after
{Heap after GC invocations=53 (full 0):
 garbage-first heap   total 203776K, used 143102K [0x0000000080000000, 0x0000000100000000)
  region size 1024K, 5 young (5120K), 5 survivors (5120K)
 Metaspace       used 120777K, committed 121664K, reserved 1179648K
  class space    used 15547K, committed 15936K, reserved 1048576K
}
Event: 28.793 GC heap before
{Heap before GC invocations=53 (full 0):
 garbage-first heap   total 203776K, used 167678K [0x0000000080000000, 0x0000000100000000)
  region size 1024K, 29 young (29696K), 5 survivors (5120K)
 Metaspace       used 120847K, committed 121792K, reserved 1179648K
  class space    used 15549K, committed 16000K, reserved 1048576K
}

Deoptimization events (20 events):
Event: 28.145 Thread 0x0000019cc767fa90 Uncommon trap: trap_request=0xffffffde fr.pc=0x0000019cec65287c relative=0x0000000000004c7c
Event: 28.145 Thread 0x0000019cc767fa90 Uncommon trap: reason=class_check action=maybe_recompile pc=0x0000019cec65287c method=java.net.URLClassLoader.defineClass(Ljava/lang/String;Ljdk/internal/loader/Resource;)Ljava/lang/Class; @ 34 c2
Event: 28.145 Thread 0x0000019cc767fa90 DEOPT PACKING pc=0x0000019cec65287c sp=0x0000001cfbdf76e0
Event: 28.145 Thread 0x0000019cc767fa90 DEOPT UNPACKING pc=0x0000019cebae5ba3 sp=0x0000001cfbdf7518 mode 2
Event: 28.148 Thread 0x0000019cc767fa90 Uncommon trap: trap_request=0xffffffde fr.pc=0x0000019cec63add4 relative=0x00000000000048f4
Event: 28.148 Thread 0x0000019cc767fa90 Uncommon trap: reason=class_check action=maybe_recompile pc=0x0000019cec63add4 method=java.net.URLClassLoader.defineClass(Ljava/lang/String;Ljdk/internal/loader/Resource;)Ljava/lang/Class; @ 34 c2
Event: 28.148 Thread 0x0000019cc767fa90 DEOPT PACKING pc=0x0000019cec63add4 sp=0x0000001cfbdf7610
Event: 28.148 Thread 0x0000019cc767fa90 DEOPT UNPACKING pc=0x0000019cebae5ba3 sp=0x0000001cfbdf75e0 mode 2
Event: 28.264 Thread 0x0000019cc767fa90 DEOPT PACKING pc=0x0000019ce471a733 sp=0x0000001cfbdf6e20
Event: 28.264 Thread 0x0000019cc767fa90 DEOPT UNPACKING pc=0x0000019cebae66e3 sp=0x0000001cfbdf6358 mode 0
Event: 28.489 Thread 0x0000019cc767fa90 Uncommon trap: trap_request=0xffffffd6 fr.pc=0x0000019cec236170 relative=0x0000000000001910
Event: 28.489 Thread 0x0000019cc767fa90 Uncommon trap: reason=array_check action=maybe_recompile pc=0x0000019cec236170 method=java.util.TimSort.reverseRange([Ljava/lang/Object;II)V @ 20 c2
Event: 28.489 Thread 0x0000019cc767fa90 DEOPT PACKING pc=0x0000019cec236170 sp=0x0000001cfbdf7b30
Event: 28.489 Thread 0x0000019cc767fa90 DEOPT UNPACKING pc=0x0000019cebae5ba3 sp=0x0000001cfbdf7a70 mode 2
Event: 28.605 Thread 0x0000019cc767fa90 DEOPT PACKING pc=0x0000019ce4eea62e sp=0x0000001cfbdf4310
Event: 28.605 Thread 0x0000019cc767fa90 DEOPT UNPACKING pc=0x0000019cebae66e3 sp=0x0000001cfbdf38e0 mode 0
Event: 28.606 Thread 0x0000019cc767fa90 Uncommon trap: trap_request=0xfffffff4 fr.pc=0x0000019cec264714 relative=0x00000000000016b4
Event: 28.606 Thread 0x0000019cc767fa90 Uncommon trap: reason=null_check action=make_not_entrant pc=0x0000019cec264714 method=org.jetbrains.kotlin.cli.jvm.compiler.jarfs.FastJarHandler.<init>(Lorg/jetbrains/kotlin/cli/jvm/compiler/jarfs/FastJarFileSystem;Ljava/lang/String;)V @ 282 c2
Event: 28.606 Thread 0x0000019cc767fa90 DEOPT PACKING pc=0x0000019cec264714 sp=0x0000001cfbdf4460
Event: 28.606 Thread 0x0000019cc767fa90 DEOPT UNPACKING pc=0x0000019cebae5ba3 sp=0x0000001cfbdf43e8 mode 2

Classes unloaded (20 events):
Event: 11.740 Thread 0x0000019cfb32e880 Unloading class 0x0000019c81651000 'ProtobufPatchPlugin$_apply_closure1$_closure2$_closure3$_closure4'
Event: 11.740 Thread 0x0000019cfb32e880 Unloading class 0x0000019c81650a98 'ProtobufPatchPlugin$_apply_closure1$_closure2$_closure3'
Event: 11.740 Thread 0x0000019cfb32e880 Unloading class 0x0000019c816506b0 'ProtobufPatchPlugin$_apply_closure1$_closure2'
Event: 11.740 Thread 0x0000019cfb32e880 Unloading class 0x0000019c816502c8 'ProtobufPatchPlugin$_apply_closure1'
Event: 11.740 Thread 0x0000019cfb32e880 Unloading class 0x0000019c81650000 'ProtobufPatchPlugin'
Event: 13.369 Thread 0x0000019cfb32e880 Unloading class 0x0000019c81685000 '_BuildScript_'
Event: 13.369 Thread 0x0000019cfb32e880 Unloading class 0x0000019c8165e8d8 '_BuildScript_$_run_closure1$_closure2'
Event: 13.369 Thread 0x0000019cfb32e880 Unloading class 0x0000019c8165e4f0 '_BuildScript_$_run_closure1'
Event: 13.369 Thread 0x0000019cfb32e880 Unloading class 0x0000019c8165e000 '_BuildScript_'
Event: 13.369 Thread 0x0000019cfb32e880 Unloading class 0x0000019c8165c7d0 '_BuildScript_$_run_closure1$_closure2$_closure4$_closure5'
Event: 13.369 Thread 0x0000019cfb32e880 Unloading class 0x0000019c8165c3e8 '_BuildScript_$_run_closure1$_closure2$_closure4'
Event: 13.369 Thread 0x0000019cfb32e880 Unloading class 0x0000019c8165c000 '_BuildScript_$_run_closure1$_closure2$_closure3'
Event: 13.369 Thread 0x0000019cfb32e880 Unloading class 0x0000019c8165b8d8 '_BuildScript_$_run_closure1$_closure2'
Event: 13.369 Thread 0x0000019cfb32e880 Unloading class 0x0000019c8165b4f0 '_BuildScript_$_run_closure1'
Event: 13.369 Thread 0x0000019cfb32e880 Unloading class 0x0000019c8165b000 '_BuildScript_'
Event: 13.369 Thread 0x0000019cfb32e880 Unloading class 0x0000019c81656bb8 '_BuildScript_$_run_closure1$_closure2$_closure3$_closure4'
Event: 13.369 Thread 0x0000019cfb32e880 Unloading class 0x0000019c816567d0 '_BuildScript_$_run_closure1$_closure2$_closure3'
Event: 13.369 Thread 0x0000019cfb32e880 Unloading class 0x0000019c816563e8 '_BuildScript_$_run_closure1$_closure2'
Event: 13.369 Thread 0x0000019cfb32e880 Unloading class 0x0000019c81656000 '_BuildScript_$_run_closure1'
Event: 13.369 Thread 0x0000019cfb32e880 Unloading class 0x0000019c81655800 '_BuildScript_'

Classes redefined (0 events):
No events

Internal exceptions (20 events):
Event: 27.791 Thread 0x0000019cc767fa90 Implicit null exception at 0x0000019cec66d93e to 0x0000019cec66dc30
Event: 27.792 Thread 0x0000019cc767fa90 Exception <a 'java/lang/NoSuchMethodError'{0x000000008c2f7060}: 'int java.lang.invoke.DirectMethodHandle$Holder.invokeSpecial(java.lang.Object, java.lang.Object, java.lang.Object, java.lang.Object, java.lang.Object)'> (0x000000008c2f7060) 
thrown [s\open\src\hotspot\share\interpreter\linkResolver.cpp, line 759]
Event: 27.811 Thread 0x0000019cc767fa90 Exception <a 'java/lang/ClassNotFoundException'{0x000000008c180358}: org/gradle/api/internal/plugins/DefaultObjectConfigurationActionBeanInfo> (0x000000008c180358) 
thrown [s\open\src\hotspot\share\classfile\systemDictionary.cpp, line 256]
Event: 27.812 Thread 0x0000019cc767fa90 Exception <a 'java/lang/ClassNotFoundException'{0x000000008c19bfb8}: org/gradle/api/internal/plugins/DefaultObjectConfigurationActionCustomizer> (0x000000008c19bfb8) 
thrown [s\open\src\hotspot\share\classfile\systemDictionary.cpp, line 256]
Event: 27.889 Thread 0x0000019cc767fa90 Exception <a 'java/lang/NoSuchMethodError'{0x000000008bd2a8c8}: 'long java.lang.invoke.DirectMethodHandle$Holder.invokeStatic(java.lang.Object, long)'> (0x000000008bd2a8c8) 
thrown [s\open\src\hotspot\share\interpreter\linkResolver.cpp, line 759]
Event: 28.022 Thread 0x0000019cc767fa90 Exception <a 'java/lang/ClassNotFoundException'{0x000000008b7477b0}: java/lang/StringBeanInfo> (0x000000008b7477b0) 
thrown [s\open\src\hotspot\share\classfile\systemDictionary.cpp, line 256]
Event: 28.022 Thread 0x0000019cc767fa90 Exception <a 'java/lang/ClassNotFoundException'{0x000000008b753820}: java/lang/StringCustomizer> (0x000000008b753820) 
thrown [s\open\src\hotspot\share\classfile\systemDictionary.cpp, line 256]
Event: 28.030 Thread 0x0000019cc767fa90 Exception <a 'java/lang/ClassNotFoundException'{0x000000008b7a9518}: java/io/FileBeanInfo> (0x000000008b7a9518) 
thrown [s\open\src\hotspot\share\classfile\systemDictionary.cpp, line 256]
Event: 28.031 Thread 0x0000019cc767fa90 Exception <a 'java/lang/ClassNotFoundException'{0x000000008b7b5370}: java/io/FileCustomizer> (0x000000008b7b5370) 
thrown [s\open\src\hotspot\share\classfile\systemDictionary.cpp, line 256]
Event: 28.064 Thread 0x0000019cc767fa90 Exception <a 'java/lang/ClassNotFoundException'{0x000000008b6b7688}: org/gradle/plugins/ide/eclipse/model/EclipseModel_DecoratedBeanInfo> (0x000000008b6b7688) 
thrown [s\open\src\hotspot\share\classfile\systemDictionary.cpp, line 256]
Event: 28.067 Thread 0x0000019cc767fa90 Exception <a 'java/lang/ClassNotFoundException'{0x000000008b6ce878}: org/gradle/plugins/ide/eclipse/model/EclipseModelBeanInfo> (0x000000008b6ce878) 
thrown [s\open\src\hotspot\share\classfile\systemDictionary.cpp, line 256]
Event: 28.068 Thread 0x0000019cc767fa90 Exception <a 'java/lang/ClassNotFoundException'{0x000000008b6e5a60}: org/gradle/plugins/ide/eclipse/model/EclipseModelCustomizer> (0x000000008b6e5a60) 
thrown [s\open\src\hotspot\share\classfile\systemDictionary.cpp, line 256]
Event: 28.072 Thread 0x0000019cc767fa90 Exception <a 'java/lang/ClassNotFoundException'{0x000000008b511c18}: org/gradle/plugins/ide/eclipse/model/EclipseModel_DecoratedCustomizer> (0x000000008b511c18) 
thrown [s\open\src\hotspot\share\classfile\systemDictionary.cpp, line 256]
Event: 28.088 Thread 0x0000019cc767fa90 Exception <a 'java/lang/ClassNotFoundException'{0x000000008b58b5f0}: org/gradle/plugins/ide/eclipse/model/EclipseProject_DecoratedBeanInfo> (0x000000008b58b5f0) 
thrown [s\open\src\hotspot\share\classfile\systemDictionary.cpp, line 256]
Event: 28.089 Thread 0x0000019cc767fa90 Exception <a 'java/lang/ClassNotFoundException'{0x000000008b5a2810}: org/gradle/plugins/ide/eclipse/model/EclipseProjectBeanInfo> (0x000000008b5a2810) 
thrown [s\open\src\hotspot\share\classfile\systemDictionary.cpp, line 256]
Event: 28.091 Thread 0x0000019cc767fa90 Exception <a 'java/lang/ClassNotFoundException'{0x000000008b5b99f8}: org/gradle/plugins/ide/eclipse/model/EclipseProjectCustomizer> (0x000000008b5b99f8) 
thrown [s\open\src\hotspot\share\classfile\systemDictionary.cpp, line 256]
Event: 28.093 Thread 0x0000019cc767fa90 Exception <a 'java/lang/ClassNotFoundException'{0x000000008b5ec640}: org/gradle/plugins/ide/eclipse/model/EclipseProject_DecoratedCustomizer> (0x000000008b5ec640) 
thrown [s\open\src\hotspot\share\classfile\systemDictionary.cpp, line 256]
Event: 28.128 Thread 0x0000019cc767e140 Exception <a 'java/lang/NoSuchMethodError'{0x000000008b3899e0}: static Lorg/gradle/internal/build/event/types/DefaultProjectConfigurationDescriptor;.<clinit>()V> (0x000000008b3899e0) 
thrown [s\open\src\hotspot\share\prims\jni.cpp, line 1112]
Event: 28.567 Thread 0x0000019cc767fa90 Exception <a 'sun/nio/fs/WindowsException'{0x000000008abeccf8}> (0x000000008abeccf8) 
thrown [s\open\src\hotspot\share\prims\jni.cpp, line 516]
Event: 28.568 Thread 0x0000019cc767fa90 Exception <a 'sun/nio/fs/WindowsException'{0x000000008abeea58}> (0x000000008abeea58) 
thrown [s\open\src\hotspot\share\prims\jni.cpp, line 516]

VM Operations (20 events):
Event: 26.497 Executing VM operation: G1CollectForAllocation done
Event: 27.332 Executing VM operation: ICBufferFull
Event: 27.332 Executing VM operation: ICBufferFull done
Event: 27.358 Executing VM operation: HandshakeAllThreads
Event: 27.358 Executing VM operation: HandshakeAllThreads done
Event: 27.539 Executing VM operation: HandshakeAllThreads
Event: 27.539 Executing VM operation: HandshakeAllThreads done
Event: 27.664 Executing VM operation: G1CollectForAllocation
Event: 27.669 Executing VM operation: G1CollectForAllocation done
Event: 27.736 Executing VM operation: HandshakeAllThreads
Event: 27.736 Executing VM operation: HandshakeAllThreads done
Event: 27.978 Executing VM operation: ICBufferFull
Event: 27.978 Executing VM operation: ICBufferFull done
Event: 28.037 Executing VM operation: HandshakeAllThreads
Event: 28.037 Executing VM operation: HandshakeAllThreads done
Event: 28.590 Executing VM operation: G1CollectForAllocation
Event: 28.595 Executing VM operation: G1CollectForAllocation done
Event: 28.653 Executing VM operation: G1CollectForAllocation
Event: 28.661 Executing VM operation: G1CollectForAllocation done
Event: 28.793 Executing VM operation: G1CollectForAllocation

Events (20 events):
Event: 27.889 loading class java/util/function/LongUnaryOperator
Event: 27.889 loading class java/util/function/LongUnaryOperator done
Event: 28.021 loading class java/lang/StringBeanInfo
Event: 28.021 loading class java/lang/StringBeanInfo done
Event: 28.022 loading class java/lang/StringBeanInfo
Event: 28.022 loading class java/lang/StringBeanInfo done
Event: 28.022 loading class java/lang/StringCustomizer
Event: 28.022 loading class java/lang/StringCustomizer done
Event: 28.022 loading class java/lang/StringCustomizer
Event: 28.022 loading class java/lang/StringCustomizer done
Event: 28.029 loading class java/io/FileBeanInfo
Event: 28.029 loading class java/io/FileBeanInfo done
Event: 28.030 loading class java/io/FileBeanInfo
Event: 28.030 loading class java/io/FileBeanInfo done
Event: 28.030 loading class java/io/FileCustomizer
Event: 28.030 loading class java/io/FileCustomizer done
Event: 28.031 loading class java/io/FileCustomizer
Event: 28.031 loading class java/io/FileCustomizer done
Event: 28.102 Thread 0x0000019ccd756e00 Thread added: 0x0000019ccd756e00
Event: 28.132 Thread 0x0000019ccd75c300 Thread added: 0x0000019ccd75c300


Dynamic libraries:
0x00007ff7e1110000 - 0x00007ff7e1120000 	C:\Program Files\Java\jdk-17\bin\java.exe
0x00007ff8991c0000 - 0x00007ff899427000 	C:\WINDOWS\SYSTEM32\ntdll.dll
0x00007ff8973f0000 - 0x00007ff8974b9000 	C:\WINDOWS\System32\KERNEL32.DLL
0x00007ff895c20000 - 0x00007ff896011000 	C:\WINDOWS\System32\KERNELBASE.dll
0x00007ff8933c0000 - 0x00007ff89345f000 	C:\WINDOWS\SYSTEM32\apphelp.dll
0x00007ff896bf0000 - 0x00007ff896d3b000 	C:\WINDOWS\System32\ucrtbase.dll
0x00007ff83c200000 - 0x00007ff83c219000 	C:\Program Files\Java\jdk-17\bin\jli.dll
0x00007ff83a590000 - 0x00007ff83a5ab000 	C:\Program Files\Java\jdk-17\bin\VCRUNTIME140.dll
0x00007ff896f60000 - 0x00007ff89701b000 	C:\WINDOWS\System32\ADVAPI32.dll
0x00007ff897340000 - 0x00007ff8973e9000 	C:\WINDOWS\System32\msvcrt.dll
0x00007ff897bf0000 - 0x00007ff897c97000 	C:\WINDOWS\System32\sechost.dll
0x00007ff897a00000 - 0x00007ff897b18000 	C:\WINDOWS\System32\RPCRT4.dll
0x00007ff898fb0000 - 0x00007ff899175000 	C:\WINDOWS\System32\USER32.dll
0x00007ff883310000 - 0x00007ff8835a3000 	C:\WINDOWS\WinSxS\amd64_microsoft.windows.common-controls_6595b64144ccf1df_6.0.26100.8037_none_3e092faae333b53b\COMCTL32.dll
0x00007ff896d40000 - 0x00007ff896d67000 	C:\WINDOWS\System32\win32u.dll
0x00007ff897020000 - 0x00007ff89704b000 	C:\WINDOWS\System32\GDI32.dll
0x00007ff896ac0000 - 0x00007ff896beb000 	C:\WINDOWS\System32\gdi32full.dll
0x00007ff88f450000 - 0x00007ff88f45b000 	C:\WINDOWS\SYSTEM32\VERSION.dll
0x00007ff896d70000 - 0x00007ff896e13000 	C:\WINDOWS\System32\msvcp_win.dll
0x00007ff898f70000 - 0x00007ff898fa1000 	C:\WINDOWS\System32\IMM32.DLL
0x00007ff85efa0000 - 0x00007ff85efac000 	C:\Program Files\Java\jdk-17\bin\vcruntime140_1.dll
0x00007ff82b200000 - 0x00007ff82b28e000 	C:\Program Files\Java\jdk-17\bin\msvcp140.dll
0x00007fffe00d0000 - 0x00007fffe0cb0000 	C:\Program Files\Java\jdk-17\bin\server\jvm.dll
0x00007ff897b20000 - 0x00007ff897b28000 	C:\WINDOWS\System32\PSAPI.DLL
0x00007ff88f460000 - 0x00007ff88f495000 	C:\WINDOWS\SYSTEM32\WINMM.dll
0x00007ff87f360000 - 0x00007ff87f36a000 	C:\WINDOWS\SYSTEM32\WSOCK32.dll
0x00007ff898060000 - 0x00007ff8980d4000 	C:\WINDOWS\System32\WS2_32.dll
0x00007ff894830000 - 0x00007ff89484b000 	C:\WINDOWS\SYSTEM32\kernel.appcore.dll
0x00007ff85dea0000 - 0x00007ff85deaa000 	C:\Program Files\Java\jdk-17\bin\jimage.dll
0x00007ff8890d0000 - 0x00007ff889312000 	C:\WINDOWS\SYSTEM32\DBGHELP.DLL
0x00007ff8974d0000 - 0x00007ff897852000 	C:\WINDOWS\System32\combase.dll
0x00007ff897ef0000 - 0x00007ff897fc7000 	C:\WINDOWS\System32\OLEAUT32.dll
0x00007ff8800b0000 - 0x00007ff8800eb000 	C:\WINDOWS\SYSTEM32\dbgcore.DLL
0x00007ff896eb0000 - 0x00007ff896f55000 	C:\WINDOWS\System32\bcryptPrimitives.dll
0x00007ff8671e0000 - 0x00007ff8671ee000 	C:\Program Files\Java\jdk-17\bin\instrument.dll
0x00007ff837030000 - 0x00007ff837055000 	C:\Program Files\Java\jdk-17\bin\java.dll
0x00007ff82b290000 - 0x00007ff82b367000 	C:\Program Files\Java\jdk-17\bin\jsvml.dll
0x00007ff8982a0000 - 0x00007ff8989ff000 	C:\WINDOWS\System32\SHELL32.dll
0x00007ff896890000 - 0x00007ff8969fa000 	C:\WINDOWS\System32\wintypes.dll
0x00007ff896020000 - 0x00007ff896884000 	C:\WINDOWS\System32\windows.storage.dll
0x00007ff897240000 - 0x00007ff897337000 	C:\WINDOWS\System32\SHCORE.dll
0x00007ff897e80000 - 0x00007ff897ee7000 	C:\WINDOWS\System32\shlwapi.dll
0x00007ff8959c0000 - 0x00007ff8959e9000 	C:\WINDOWS\SYSTEM32\profapi.dll
0x00007ff8370d0000 - 0x00007ff8370e8000 	C:\Program Files\Java\jdk-17\bin\zip.dll
0x00007ff83a570000 - 0x00007ff83a589000 	C:\Program Files\Java\jdk-17\bin\net.dll
0x00007ff88b380000 - 0x00007ff88b4a7000 	C:\WINDOWS\SYSTEM32\WINHTTP.dll
0x00007ff894da0000 - 0x00007ff894e0b000 	C:\WINDOWS\system32\mswsock.dll
0x00007ff838d60000 - 0x00007ff838d76000 	C:\Program Files\Java\jdk-17\bin\nio.dll
0x00007ff85d640000 - 0x00007ff85d650000 	C:\Program Files\Java\jdk-17\bin\verify.dll
0x00007ff864920000 - 0x00007ff864947000 	C:\Users\OS\.gradle\native\1def1411415f61bf3af743bc5b6707747c0891f09f0c88961ee8f79bc544acac\windows-amd64\native-platform.dll
0x00007ff837280000 - 0x00007ff8372f7000 	C:\Users\OS\.gradle\native\0.2.8\x86_64-windows-gnu\gradle-fileevents.dll
0x00007ff85f100000 - 0x00007ff85f10a000 	C:\Program Files\Java\jdk-17\bin\management.dll
0x00007ff83c790000 - 0x00007ff83c79b000 	C:\Program Files\Java\jdk-17\bin\management_ext.dll
0x00007ff894250000 - 0x00007ff894283000 	C:\WINDOWS\SYSTEM32\IPHLPAPI.DLL
0x00007ff898f30000 - 0x00007ff898f3a000 	C:\WINDOWS\System32\NSI.dll
0x00007ff88ef40000 - 0x00007ff88ef5d000 	C:\WINDOWS\SYSTEM32\dhcpcsvc6.DLL
0x00007ff88b500000 - 0x00007ff88b523000 	C:\WINDOWS\SYSTEM32\dhcpcsvc.DLL
0x00007ff8942f0000 - 0x00007ff89441a000 	C:\WINDOWS\SYSTEM32\DNSAPI.dll
0x00007ff895090000 - 0x00007ff8950ab000 	C:\WINDOWS\SYSTEM32\CRYPTSP.dll
0x00007ff894790000 - 0x00007ff8947c9000 	C:\WINDOWS\system32\rsaenh.dll
0x00007ff894e50000 - 0x00007ff894e82000 	C:\WINDOWS\SYSTEM32\USERENV.dll
0x00007ff895990000 - 0x00007ff8959ba000 	C:\WINDOWS\SYSTEM32\bcrypt.dll
0x00007ff895080000 - 0x00007ff89508c000 	C:\WINDOWS\SYSTEM32\CRYPTBASE.dll
0x00007ff83c080000 - 0x00007ff83c08e000 	C:\Program Files\Java\jdk-17\bin\sunmscapi.dll
0x00007ff895aa0000 - 0x00007ff895c17000 	C:\WINDOWS\System32\CRYPT32.dll
0x00007ff8952a0000 - 0x00007ff8952d0000 	C:\WINDOWS\SYSTEM32\ncrypt.dll
0x00007ff895250000 - 0x00007ff89528f000 	C:\WINDOWS\SYSTEM32\NTASN1.dll
0x00007ff8821e0000 - 0x00007ff8821e8000 	C:\WINDOWS\system32\wshunix.dll
0x00007ff894950000 - 0x00007ff894986000 	C:\WINDOWS\SYSTEM32\ntmarta.dll

dbghelp: loaded successfully - version: 4.0.5 - missing functions: none
symbol engine: initialized successfully - sym options: 0x614 - pdb path: .;C:\Program Files\Java\jdk-17\bin;C:\WINDOWS\SYSTEM32;C:\WINDOWS\WinSxS\amd64_microsoft.windows.common-controls_6595b64144ccf1df_6.0.26100.8037_none_3e092faae333b53b;C:\Program Files\Java\jdk-17\bin\server;C:\Users\OS\.gradle\native\1def1411415f61bf3af743bc5b6707747c0891f09f0c88961ee8f79bc544acac\windows-amd64;C:\Users\OS\.gradle\native\0.2.8\x86_64-windows-gnu

VM Arguments:
jvm_args: --add-opens=java.base/java.lang=ALL-UNNAMED --add-opens=java.base/java.lang.invoke=ALL-UNNAMED --add-opens=java.base/java.util=ALL-UNNAMED --add-opens=java.prefs/java.util.prefs=ALL-UNNAMED --add-exports=jdk.compiler/com.sun.tools.javac.api=ALL-UNNAMED --add-exports=jdk.compiler/com.sun.tools.javac.util=ALL-UNNAMED --add-opens=java.base/java.util=ALL-UNNAMED --add-opens=java.prefs/java.util.prefs=ALL-UNNAMED --add-opens=java.base/java.nio.charset=ALL-UNNAMED --add-opens=java.base/java.net=ALL-UNNAMED --add-opens=java.base/java.util.concurrent=ALL-UNNAMED --add-opens=java.base/java.util.concurrent.atomic=ALL-UNNAMED --add-opens=java.xml/javax.xml.namespace=ALL-UNNAMED --add-opens=java.base/java.time=ALL-UNNAMED -Xmx2048m -Dfile.encoding=UTF-8 -Duser.country=US -Duser.language=en -Duser.variant -javaagent:C:\Users\OS\.gradle\wrapper\dists\gradle-9.1.0-bin\9agqghryom9wkf8r80qlhnts3\gradle-9.1.0\lib\agents\gradle-instrumentation-agent-9.1.0.jar 
java_command: org.gradle.launcher.daemon.bootstrap.GradleDaemon 9.1.0
java_class_path (initial): C:\Users\OS\.gradle\wrapper\dists\gradle-9.1.0-bin\9agqghryom9wkf8r80qlhnts3\gradle-9.1.0\lib\gradle-daemon-main-9.1.0.jar
Launcher Type: SUN_STANDARD

[Global flags]
     intx CICompilerCount                          = 12                                        {product} {ergonomic}
     uint ConcGCThreads                            = 3                                         {product} {ergonomic}
     uint G1ConcRefinementThreads                  = 13                                        {product} {ergonomic}
   size_t G1HeapRegionSize                         = 1048576                                   {product} {ergonomic}
    uintx GCDrainStackTargetSize                   = 64                                        {product} {ergonomic}
   size_t InitialHeapSize                          = 232783872                                 {product} {ergonomic}
   size_t MarkStackSize                            = 4194304                                   {product} {ergonomic}
   size_t MaxHeapSize                              = 2147483648                                {product} {command line}
   size_t MaxNewSize                               = 1287651328                                {product} {ergonomic}
   size_t MinHeapDeltaBytes                        = 1048576                                   {product} {ergonomic}
   size_t MinHeapSize                              = 8388608                                   {product} {ergonomic}
    uintx NonNMethodCodeHeapSize                   = 7602480                                {pd product} {ergonomic}
    uintx NonProfiledCodeHeapSize                  = 122027880                              {pd product} {ergonomic}
    uintx ProfiledCodeHeapSize                     = 122027880                              {pd product} {ergonomic}
    uintx ReservedCodeCacheSize                    = 251658240                              {pd product} {ergonomic}
     bool SegmentedCodeCache                       = true                                      {product} {ergonomic}
   size_t SoftMaxHeapSize                          = 2147483648                             {manageable} {ergonomic}
     bool UseCompressedClassPointers               = true                           {product lp64_product} {ergonomic}
     bool UseCompressedOops                        = true                           {product lp64_product} {ergonomic}
     bool UseG1GC                                  = true                                      {product} {ergonomic}
     bool UseLargePagesIndividualAllocation        = false                                  {pd product} {ergonomic}

Logging:
Log output configuration:
 #0: stdout all=warning uptime,level,tags
 #1: stderr all=off uptime,level,tags

Environment Variables:
JAVA_HOME=C:\Program Files\Java\jdk-17
PATH=C:\Program Files\Eclipse Adoptium\jdk-21.0.9.10-hotspot\bin;C:\Program Files (x86)\Common Files\Oracle\Java\javapath;C:\Program Files\Microsoft MPI\Bin\;C:\Program Files\Common Files\Oracle\Java\javapath;C:\WINDOWS\system32;C:\WINDOWS;C:\WINDOWS\System32\Wbem;C:\WINDOWS\System32\WindowsPowerShell\v1.0\;C:\WINDOWS\System32\OpenSSH\;C:\Program Files\nodejs\;C:\Program Files\Git\cmd;C:\Program Files\Java\jdk-17\bin;C:\Program Files\MongoDB\Server\8.0\bin;C:\Users\OS\AppData\Local\Programs\mongosh\;C:\Program Files\MySQL\MySQL Server 8.0\bin;C:\Users\OS\AppData\Local\Microsoft\WindowsApps;C:\Users\OS\AppData\Roaming\npm;C:\Users\OS\AppData\Local\Programs\Microsoft VS Code\bin;C:\Program Files (x86)\mingw64\mingw64\bin;C:\Program Files\heroku\bin;C:\xampp\php;C:\Program Files\MySQL\MySQL Server 8.0\bin;C:\Program Files\MongoDB\Server\8.0\bin;C:\Program Files\Docker\Docker\resources\bin;C:\Users\OS\AppData\Local\Programs\Python\Python311\Scripts\;C:\Program Files\Java\jdk-17\bin;C:\apache-tomcat-10.1.48\bin;C:\Program Files (x86)\ZeroTier\One\;C:\Program Files\mosquitto;C:\Program Files\Cloudflare\Cloudflare WARP\;C:\Users\OS\AppData\Local\Microsoft\WindowsApps;C:\Users\OS\AppData\Roaming\npm;C:\Users\OS\AppData\Local\Programs\Microsoft VS Code\bin;C:\Program Files (x86)\mingw64\mingw64\bin;C:\Program Files\heroku\bin;C:\xampp\php;C:\Program Files\Java\jdk-17\bin;C:\Program Files\MySQL\MySQL Server 8.0\bin;C:\Program Files\MongoDB\Server\8.0\bin;C:\Users\OS\AppData\Local\Programs\Python\Python311\;C:\Users\OS\AppData\Local\Programs\Python\Python311\Scripts\;C:\Program Files\JetBrains\IntelliJ IDEA 2025.3.3\bin
USERNAME=OS
OS=Windows_NT
PROCESSOR_IDENTIFIER=AMD64 Family 25 Model 117 Stepping 2, AuthenticAMD



---------------  S Y S T E M  ---------------

OS:
 Windows 11 , 64 bit Build 26100 (10.0.26100.7920)
OS uptime: 0 days 10:10 hours
Hyper-V role detected

CPU: total 16 (initial active 16) (16 cores per cpu, 2 threads per core) family 25 model 117 stepping 2 microcode 0xa705205, cx8, cmov, fxsr, ht, mmx, 3dnowpref, sse, sse2, sse3, ssse3, sse4a, sse4.1, sse4.2, popcnt, lzcnt, tsc, tscinvbit, avx, avx2, aes, erms, clmul, bmi1, bmi2, adx, avx512f, avx512dq, avx512cd, avx512bw, avx512vl, sha, fma, vzeroupper, avx512_vpopcntdq, avx512_vpclmulqdq, avx512_vaes, avx512_vnni, clflush, clflushopt, avx512_vbmi2, avx512_vbmi, hv

Memory: 4k page, system-wide physical 14140M (1004M free)
TotalPageFile size 38434M (AvailPageFile size 190M)
current process WorkingSet (physical memory assigned to process): 560M, peak: 566M
current process commit charge ("private bytes"): 628M, peak: 921M

vm_info: Java HotSpot(TM) 64-Bit Server VM (17.0.12+8-LTS-286) for windows-amd64 JRE (17.0.12+8-LTS-286), built on Jun  5 2024 06:46:59 by "mach5one" with MS VC++ 17.6 (VS2022)

END.
