#
# There is insufficient memory for the Java Runtime Environment to continue.
# Native memory allocation (mmap) failed to map 57671680 bytes. Error detail: G1 virtual space
# Possible reasons:
#   The system is out of physical RAM or swap space
#   This process is running with CompressedOops enabled, and the Java Heap may be blocking the growth of the native heap
# Possible solutions:
#   Reduce memory load on the system
#   Increase physical memory or swap space
#   Check if swap backing store is full
#   Decrease Java heap size (-Xmx/-Xms)
#   Decrease number of Java threads
#   Decrease Java thread stack sizes (-Xss)
#   Set larger code cache with -XX:ReservedCodeCacheSize=
#   JVM is running with Unscaled Compressed Oops mode in which the Java heap is
#     placed in the first 4GB address space. The Java Heap base address is the
#     maximum limit for the native heap growth. Please use -XX:HeapBaseMinAddress
#     to set the Java Heap base and to place the Java Heap above 4GB virtual address.
# This output file may be truncated or incomplete.
#
#  Out of Memory Error (os_windows.cpp:3925), pid=32704, tid=2768
#
# JRE version: OpenJDK Runtime Environment (21.0.9) (build 21.0.9+-14649483-b1163.86)
# Java VM: OpenJDK 64-Bit Server VM (21.0.9+-14649483-b1163.86, mixed mode, tiered, compressed oops, compressed class ptrs, g1 gc, windows-amd64)
# No core dump will be written. Minidumps are not enabled by default on client versions of Windows
#

---------------  S U M M A R Y ------------

Command Line: --add-opens=java.base/java.lang=ALL-UNNAMED --add-opens=java.base/java.lang.invoke=ALL-UNNAMED --add-opens=java.base/java.util=ALL-UNNAMED --add-opens=java.prefs/java.util.prefs=ALL-UNNAMED --add-exports=jdk.compiler/com.sun.tools.javac.api=ALL-UNNAMED --add-exports=jdk.compiler/com.sun.tools.javac.util=ALL-UNNAMED --add-opens=java.base/java.util=ALL-UNNAMED --add-opens=java.prefs/java.util.prefs=ALL-UNNAMED --add-opens=java.base/java.nio.charset=ALL-UNNAMED --add-opens=java.base/java.net=ALL-UNNAMED --add-opens=java.base/java.util.concurrent=ALL-UNNAMED --add-opens=java.base/java.util.concurrent.atomic=ALL-UNNAMED --add-opens=java.xml/javax.xml.namespace=ALL-UNNAMED --add-opens=java.base/java.time=ALL-UNNAMED -Xmx2048m -Dfile.encoding=UTF-8 -Duser.country=US -Duser.language=en -Duser.variant -javaagent:C:\Users\OS\.gradle\wrapper\dists\gradle-9.1.0-bin\9agqghryom9wkf8r80qlhnts3\gradle-9.1.0\lib\agents\gradle-instrumentation-agent-9.1.0.jar org.gradle.launcher.daemon.bootstrap.GradleDaemon 9.1.0

Host: AMD Ryzen 7 8845H w/ Radeon 780M Graphics, 16 cores, 13G,  Windows 11 , 64 bit Build 26100 (10.0.26100.7920)
Time: Fri Mar 13 17:31:41 2026 SE Asia Standard Time elapsed time: 11.304728 seconds (0d 0h 0m 11s)

---------------  T H R E A D  ---------------

Current thread (0x0000024d9e88af60):  VMThread "VM Thread"          [id=2768, stack(0x000000f8fbb00000,0x000000f8fbc00000) (1024K)]

Stack: [0x000000f8fbb00000,0x000000f8fbc00000]
Native frames: (J=compiled Java code, j=interpreted, Vv=VM code, C=native code)
V  [jvm.dll+0x6d6c99]
V  [jvm.dll+0x866b83]
V  [jvm.dll+0x86919e]
V  [jvm.dll+0x869883]
V  [jvm.dll+0x280776]
V  [jvm.dll+0x6d3555]
V  [jvm.dll+0x6c6bea]
V  [jvm.dll+0x3587fb]
V  [jvm.dll+0x360476]
V  [jvm.dll+0x3b2646]
V  [jvm.dll+0x3b2918]
V  [jvm.dll+0x32af0c]
V  [jvm.dll+0x32af97]
V  [jvm.dll+0x370e7c]
V  [jvm.dll+0x36f62e]
V  [jvm.dll+0x32a661]
V  [jvm.dll+0x36ed30]
V  [jvm.dll+0x86f608]
V  [jvm.dll+0x870984]
V  [jvm.dll+0x870ec0]
V  [jvm.dll+0x871153]
V  [jvm.dll+0x80f118]
V  [jvm.dll+0x6d54ed]
C  [ucrtbase.dll+0x37b0]
C  [KERNEL32.DLL+0x2e8d7]
C  [ntdll.dll+0x8c48c]

VM_Operation (0x000000f883ffba20): G1CollectForAllocation, mode: safepoint, requested by thread 0x0000024da477f090


---------------  P R O C E S S  ---------------

Threads class SMR info:
_java_thread_list=0x0000024da94a2c80, length=121, elements={
0x0000024d8463bea0, 0x0000024d9e9253c0, 0x0000024d9e933710, 0x0000024d9e934580,
0x0000024d9e9549b0, 0x0000024d9e94b4c0, 0x0000024d9e9650b0, 0x0000024d9e9662b0,
0x0000024d9e96fc00, 0x0000024d9e9748d0, 0x0000024d9ea154b0, 0x0000024d9ea16ff0,
0x0000024d9ea17d90, 0x0000024da310e000, 0x0000024da3f30680, 0x0000024da4172cb0,
0x0000024da420c1e0, 0x0000024da4160b70, 0x0000024da4161f20, 0x0000024da4161200,
0x0000024da415eaa0, 0x0000024da415f130, 0x0000024da4161890, 0x0000024da415fe50,
0x0000024da41604e0, 0x0000024da5f5c3a0, 0x0000024da5f5dde0, 0x0000024da5f5e470,
0x0000024da5f5b680, 0x0000024da5f5d0c0, 0x0000024da5f5f190, 0x0000024da5f5f820,
0x0000024da5f5feb0, 0x0000024da5f60540, 0x0000024da5f60bd0, 0x0000024da5f5d750,
0x0000024da5f618f0, 0x0000024da5f61260, 0x0000024da5f62610, 0x0000024da5f62ca0,
0x0000024da73125b0, 0x0000024da7313960, 0x0000024da7311f20, 0x0000024da73132d0,
0x0000024da73160c0, 0x0000024da7313ff0, 0x0000024da7315a30, 0x0000024da7314680,
0x0000024da7314d10, 0x0000024da7312c40, 0x0000024da7318820, 0x0000024da7316750,
0x0000024da7316de0, 0x0000024da7317470, 0x0000024da7317b00, 0x0000024da7318190,
0x0000024da73153a0, 0x0000024da7318eb0, 0x0000024da7319540, 0x0000024da792ef40,
0x0000024da7930980, 0x0000024da792e220, 0x0000024da792e8b0, 0x0000024da7931010,
0x0000024da792db90, 0x0000024da792f5d0, 0x0000024da79316a0, 0x0000024da7931d30,
0x0000024da79323c0, 0x0000024da7932a50, 0x0000024da79330e0, 0x0000024da792fc60,
0x0000024da7933770, 0x0000024da7933e00, 0x0000024da5a8ce10, 0x0000024da7934490,
0x0000024da7934b20, 0x0000024da79351b0, 0x0000024da33171e0, 0x0000024da3317870,
0x0000024da3317f00, 0x0000024da3318590, 0x0000024da3316b50, 0x0000024da3319940,
0x0000024da331a660, 0x0000024da3319fd0, 0x0000024da33192b0, 0x0000024da331acf0,
0x0000024da3318c20, 0x0000024da331e170, 0x0000024da331b380, 0x0000024da331d450,
0x0000024da331ba10, 0x0000024da331dae0, 0x0000024da331c0a0, 0x0000024da331c730,
0x0000024da331cdc0, 0x0000024da4778100, 0x0000024da477bc10, 0x0000024da4778e20,
0x0000024da4779b40, 0x0000024da5a8fdc0, 0x0000024da4778790, 0x0000024da477c2a0,
0x0000024da47794b0, 0x0000024da477b580, 0x0000024da477a1d0, 0x0000024da477a860,
0x0000024da477c930, 0x0000024da477e370, 0x0000024da477cfc0, 0x0000024da477aef0,
0x0000024da477dce0, 0x0000024da477d650, 0x0000024da477ea00, 0x0000024da477f090,
0x0000024da477f720, 0x0000024da79b1420, 0x0000024da79adfa0, 0x0000024da79b1ab0,
0x0000024da79b0070
}

Java Threads: ( => current thread )
  0x0000024d8463bea0 JavaThread "main"                              [_thread_blocked, id=9880, stack(0x000000f8fb400000,0x000000f8fb500000) (1024K)]
  0x0000024d9e9253c0 JavaThread "Common-Cleaner"             daemon [_thread_blocked, id=32308, stack(0x000000f8fbc00000,0x000000f8fbd00000) (1024K)]
  0x0000024d9e933710 JavaThread "Reference Handler"          daemon [_thread_blocked, id=30544, stack(0x000000f8fbd00000,0x000000f8fbe00000) (1024K)]
  0x0000024d9e934580 JavaThread "Finalizer"                  daemon [_thread_blocked, id=30820, stack(0x000000f8fbe00000,0x000000f8fbf00000) (1024K)]
  0x0000024d9e9549b0 JavaThread "Signal Dispatcher"          daemon [_thread_blocked, id=32524, stack(0x000000f8fbf00000,0x000000f8fc000000) (1024K)]
  0x0000024d9e94b4c0 JavaThread "Attach Listener"            daemon [_thread_blocked, id=30832, stack(0x000000f8fc000000,0x000000f8fc100000) (1024K)]
  0x0000024d9e9650b0 JavaThread "Service Thread"             daemon [_thread_blocked, id=14544, stack(0x000000f8fc100000,0x000000f8fc200000) (1024K)]
  0x0000024d9e9662b0 JavaThread "Monitor Deflation Thread"   daemon [_thread_blocked, id=29828, stack(0x000000f8fc200000,0x000000f8fc300000) (1024K)]
  0x0000024d9e96fc00 JavaThread "C2 CompilerThread0"         daemon [_thread_blocked, id=31044, stack(0x000000f8fc300000,0x000000f8fc400000) (1024K)]
  0x0000024d9e9748d0 JavaThread "C1 CompilerThread0"         daemon [_thread_blocked, id=30500, stack(0x000000f8fc400000,0x000000f8fc500000) (1024K)]
  0x0000024d9ea154b0 JavaThread "C1 CompilerThread1"         daemon [_thread_blocked, id=32208, stack(0x000000f8fc500000,0x000000f8fc600000) (1024K)]
  0x0000024d9ea16ff0 JavaThread "C1 CompilerThread2"         daemon [_thread_blocked, id=32136, stack(0x000000f8fc600000,0x000000f8fc700000) (1024K)]
  0x0000024d9ea17d90 JavaThread "C1 CompilerThread3"         daemon [_thread_blocked, id=31868, stack(0x000000f8fc700000,0x000000f8fc800000) (1024K)]
  0x0000024da310e000 JavaThread "Notification Thread"        daemon [_thread_blocked, id=28344, stack(0x000000f8fc800000,0x000000f8fc900000) (1024K)]
  0x0000024da3f30680 JavaThread "Daemon health stats"               [_thread_blocked, id=24884, stack(0x000000f8fca00000,0x000000f8fcb00000) (1024K)]
  0x0000024da4172cb0 JavaThread "Incoming local TCP Connector on port 62176"        [_thread_in_native, id=20840, stack(0x000000f8fd000000,0x000000f8fd100000) (1024K)]
  0x0000024da420c1e0 JavaThread "Daemon periodic checks"            [_thread_blocked, id=26224, stack(0x000000f8fd700000,0x000000f8fd800000) (1024K)]
  0x0000024da4160b70 JavaThread "Daemon"                            [_thread_blocked, id=31104, stack(0x000000f8fd800000,0x000000f8fd900000) (1024K)]
  0x0000024da4161f20 JavaThread "Handler for socket connection from /127.0.0.1:62176 to /127.0.0.1:62177"        [_thread_in_native, id=31484, stack(0x000000f8fd900000,0x000000f8fda00000) (1024K)]
  0x0000024da4161200 JavaThread "Cancel handler"                    [_thread_blocked, id=25784, stack(0x000000f8fda00000,0x000000f8fdb00000) (1024K)]
  0x0000024da415eaa0 JavaThread "Daemon worker"                     [_thread_blocked, id=30344, stack(0x000000f8fdb00000,0x000000f8fdc00000) (1024K)]
  0x0000024da415f130 JavaThread "Asynchronous log dispatcher for DefaultDaemonConnection: socket connection from /127.0.0.1:62176 to /127.0.0.1:62177"        [_thread_blocked, id=24552, stack(0x000000f8fdc00000,0x000000f8fdd00000) (1024K)]
  0x0000024da4161890 JavaThread "Stdin handler"                     [_thread_blocked, id=32356, stack(0x000000f8fdd00000,0x000000f8fde00000) (1024K)]
  0x0000024da415fe50 JavaThread "Daemon client event forwarder"        [_thread_blocked, id=20488, stack(0x000000f8fe200000,0x000000f8fe300000) (1024K)]
  0x0000024da41604e0 JavaThread "Cache worker for journal cache (C:\Users\OS\.gradle\caches\journal-1)"        [_thread_blocked, id=10208, stack(0x000000f8fe300000,0x000000f8fe400000) (1024K)]
  0x0000024da5f5c3a0 JavaThread "File lock request listener"        [_thread_blocked, id=12888, stack(0x000000f8fe400000,0x000000f8fe500000) (1024K)]
  0x0000024da5f5dde0 JavaThread "Cache worker for file hash cache (C:\Users\OS\.gradle\caches\9.1.0\fileHashes)"        [_thread_blocked, id=31024, stack(0x000000f8fe500000,0x000000f8fe600000) (1024K)]
  0x0000024da5f5e470 JavaThread "Cache worker for file hash cache (D:\AndroidStudioProjects\LTTBDD-D22CNPM02-N5\.gradle\9.1.0\fileHashes)"        [_thread_blocked, id=12680, stack(0x000000f8fe700000,0x000000f8fe800000) (1024K)]
  0x0000024da5f5b680 JavaThread "Cache worker for Build Output Cleanup Cache (D:\AndroidStudioProjects\LTTBDD-D22CNPM02-N5\.gradle\buildOutputCleanup)"        [_thread_blocked, id=24112, stack(0x000000f8fe800000,0x000000f8fe900000) (1024K)]
  0x0000024da5f5d0c0 JavaThread "File watcher server"        daemon [_thread_in_native, id=26744, stack(0x000000f8fe900000,0x000000f8fea00000) (1024K)]
  0x0000024da5f5f190 JavaThread "File watcher consumer"      daemon [_thread_blocked, id=19352, stack(0x000000f8fea00000,0x000000f8feb00000) (1024K)]
  0x0000024da5f5f820 JavaThread "Cache worker for checksums cache (D:\AndroidStudioProjects\LTTBDD-D22CNPM02-N5\.gradle\9.1.0\checksums)"        [_thread_blocked, id=32328, stack(0x000000f8feb00000,0x000000f8fec00000) (1024K)]
  0x0000024da5f5feb0 JavaThread "Cache worker for file content cache (C:\Users\OS\.gradle\caches\9.1.0\fileContent)"        [_thread_blocked, id=30708, stack(0x000000f8fec00000,0x000000f8fed00000) (1024K)]
  0x0000024da5f60540 JavaThread "Cache worker for cache directory md-supplier (C:\Users\OS\.gradle\caches\9.1.0\md-supplier)"        [_thread_blocked, id=20272, stack(0x000000f8fed00000,0x000000f8fee00000) (1024K)]
  0x0000024da5f60bd0 JavaThread "Cache worker for cache directory md-rule (C:\Users\OS\.gradle\caches\9.1.0\md-rule)"        [_thread_blocked, id=31892, stack(0x000000f8fee00000,0x000000f8fef00000) (1024K)]
  0x0000024da5f5d750 JavaThread "jar transforms"                    [_thread_blocked, id=30376, stack(0x000000f8fef00000,0x000000f8ff000000) (1024K)]
  0x0000024da5f618f0 JavaThread "jar transforms Thread 2"           [_thread_blocked, id=23796, stack(0x000000f8ff000000,0x000000f8ff100000) (1024K)]
  0x0000024da5f61260 JavaThread "jar transforms Thread 3"           [_thread_blocked, id=20516, stack(0x000000f8ff100000,0x000000f8ff200000) (1024K)]
  0x0000024da5f62610 JavaThread "Unconstrained build operations"        [_thread_blocked, id=28904, stack(0x000000f8ff200000,0x000000f8ff300000) (1024K)]
  0x0000024da5f62ca0 JavaThread "Unconstrained build operations Thread 2"        [_thread_blocked, id=21336, stack(0x000000f8ff300000,0x000000f8ff400000) (1024K)]
  0x0000024da73125b0 JavaThread "Unconstrained build operations Thread 3"        [_thread_blocked, id=13212, stack(0x000000f8ff400000,0x000000f8ff500000) (1024K)]
  0x0000024da7313960 JavaThread "Unconstrained build operations Thread 4"        [_thread_blocked, id=688, stack(0x000000f8ff500000,0x000000f8ff600000) (1024K)]
  0x0000024da7311f20 JavaThread "Unconstrained build operations Thread 5"        [_thread_blocked, id=28892, stack(0x000000f8ff600000,0x000000f8ff700000) (1024K)]
  0x0000024da73132d0 JavaThread "Unconstrained build operations Thread 6"        [_thread_blocked, id=30760, stack(0x000000f8ff700000,0x000000f8ff800000) (1024K)]
  0x0000024da73160c0 JavaThread "Unconstrained build operations Thread 7"        [_thread_blocked, id=15808, stack(0x000000f8ff800000,0x000000f8ff900000) (1024K)]
  0x0000024da7313ff0 JavaThread "Unconstrained build operations Thread 8"        [_thread_blocked, id=32368, stack(0x000000f8ff900000,0x000000f8ffa00000) (1024K)]
  0x0000024da7315a30 JavaThread "Unconstrained build operations Thread 9"        [_thread_blocked, id=27160, stack(0x000000f8ffa00000,0x000000f8ffb00000) (1024K)]
  0x0000024da7314680 JavaThread "Unconstrained build operations Thread 10"        [_thread_blocked, id=7728, stack(0x000000f8ffb00000,0x000000f8ffc00000) (1024K)]
  0x0000024da7314d10 JavaThread "Unconstrained build operations Thread 11"        [_thread_blocked, id=31244, stack(0x000000f8ffc00000,0x000000f8ffd00000) (1024K)]
  0x0000024da7312c40 JavaThread "Unconstrained build operations Thread 12"        [_thread_blocked, id=12532, stack(0x000000f8ffd00000,0x000000f8ffe00000) (1024K)]
  0x0000024da7318820 JavaThread "Unconstrained build operations Thread 13"        [_thread_blocked, id=32184, stack(0x000000f8ffe00000,0x000000f8fff00000) (1024K)]
  0x0000024da7316750 JavaThread "Unconstrained build operations Thread 14"        [_thread_blocked, id=32376, stack(0x000000f8fff00000,0x000000f900000000) (1024K)]
  0x0000024da7316de0 JavaThread "Unconstrained build operations Thread 15"        [_thread_blocked, id=28468, stack(0x000000f880000000,0x000000f880100000) (1024K)]
  0x0000024da7317470 JavaThread "Unconstrained build operations Thread 16"        [_thread_blocked, id=31908, stack(0x000000f880100000,0x000000f880200000) (1024K)]
  0x0000024da7317b00 JavaThread "Unconstrained build operations Thread 17"        [_thread_blocked, id=32464, stack(0x000000f880200000,0x000000f880300000) (1024K)]
  0x0000024da7318190 JavaThread "Unconstrained build operations Thread 18"        [_thread_blocked, id=32608, stack(0x000000f880300000,0x000000f880400000) (1024K)]
  0x0000024da73153a0 JavaThread "Unconstrained build operations Thread 19"        [_thread_blocked, id=32472, stack(0x000000f880400000,0x000000f880500000) (1024K)]
  0x0000024da7318eb0 JavaThread "Unconstrained build operations Thread 20"        [_thread_blocked, id=27936, stack(0x000000f880500000,0x000000f880600000) (1024K)]
  0x0000024da7319540 JavaThread "jar transforms Thread 4"           [_thread_blocked, id=32364, stack(0x000000f880600000,0x000000f880700000) (1024K)]
  0x0000024da792ef40 JavaThread "jar transforms Thread 5"           [_thread_blocked, id=31428, stack(0x000000f880700000,0x000000f880800000) (1024K)]
  0x0000024da7930980 JavaThread "Unconstrained build operations Thread 21"        [_thread_blocked, id=19424, stack(0x000000f880800000,0x000000f880900000) (1024K)]
  0x0000024da792e220 JavaThread "Unconstrained build operations Thread 22"        [_thread_blocked, id=26944, stack(0x000000f880900000,0x000000f880a00000) (1024K)]
  0x0000024da792e8b0 JavaThread "Unconstrained build operations Thread 23"        [_thread_blocked, id=11512, stack(0x000000f880a00000,0x000000f880b00000) (1024K)]
  0x0000024da7931010 JavaThread "Unconstrained build operations Thread 24"        [_thread_blocked, id=30636, stack(0x000000f880b00000,0x000000f880c00000) (1024K)]
  0x0000024da792db90 JavaThread "Unconstrained build operations Thread 25"        [_thread_blocked, id=15328, stack(0x000000f880c00000,0x000000f880d00000) (1024K)]
  0x0000024da792f5d0 JavaThread "Unconstrained build operations Thread 26"        [_thread_blocked, id=30688, stack(0x000000f880d00000,0x000000f880e00000) (1024K)]
  0x0000024da79316a0 JavaThread "Unconstrained build operations Thread 27"        [_thread_blocked, id=10492, stack(0x000000f880e00000,0x000000f880f00000) (1024K)]
  0x0000024da7931d30 JavaThread "Unconstrained build operations Thread 28"        [_thread_blocked, id=26436, stack(0x000000f880f00000,0x000000f881000000) (1024K)]
  0x0000024da79323c0 JavaThread "Unconstrained build operations Thread 29"        [_thread_blocked, id=26424, stack(0x000000f881000000,0x000000f881100000) (1024K)]
  0x0000024da7932a50 JavaThread "Unconstrained build operations Thread 30"        [_thread_blocked, id=3328, stack(0x000000f881100000,0x000000f881200000) (1024K)]
  0x0000024da79330e0 JavaThread "jar transforms Thread 6"           [_thread_blocked, id=18312, stack(0x000000f881200000,0x000000f881300000) (1024K)]
  0x0000024da792fc60 JavaThread "jar transforms Thread 7"           [_thread_blocked, id=21364, stack(0x000000f881300000,0x000000f881400000) (1024K)]
  0x0000024da7933770 JavaThread "jar transforms Thread 8"           [_thread_blocked, id=29780, stack(0x000000f881400000,0x000000f881500000) (1024K)]
  0x0000024da7933e00 JavaThread "File lock release action executor"        [_thread_blocked, id=32256, stack(0x000000f881500000,0x000000f881600000) (1024K)]
  0x0000024da5a8ce10 JavaThread "C2 CompilerThread1"         daemon [_thread_blocked, id=29836, stack(0x000000f881600000,0x000000f881700000) (1024K)]
  0x0000024da7934490 JavaThread "Unconstrained build operations Thread 31"        [_thread_blocked, id=17056, stack(0x000000f881700000,0x000000f881800000) (1024K)]
  0x0000024da7934b20 JavaThread "Unconstrained build operations Thread 32"        [_thread_blocked, id=31272, stack(0x000000f881800000,0x000000f881900000) (1024K)]
  0x0000024da79351b0 JavaThread "Unconstrained build operations Thread 33"        [_thread_blocked, id=29756, stack(0x000000f881900000,0x000000f881a00000) (1024K)]
  0x0000024da33171e0 JavaThread "Unconstrained build operations Thread 34"        [_thread_blocked, id=29976, stack(0x000000f881a00000,0x000000f881b00000) (1024K)]
  0x0000024da3317870 JavaThread "Unconstrained build operations Thread 35"        [_thread_blocked, id=29964, stack(0x000000f881b00000,0x000000f881c00000) (1024K)]
  0x0000024da3317f00 JavaThread "Unconstrained build operations Thread 36"        [_thread_blocked, id=30628, stack(0x000000f881c00000,0x000000f881d00000) (1024K)]
  0x0000024da3318590 JavaThread "Unconstrained build operations Thread 37"        [_thread_blocked, id=30632, stack(0x000000f881d00000,0x000000f881e00000) (1024K)]
  0x0000024da3316b50 JavaThread "Unconstrained build operations Thread 38"        [_thread_blocked, id=30396, stack(0x000000f881e00000,0x000000f881f00000) (1024K)]
  0x0000024da3319940 JavaThread "Unconstrained build operations Thread 39"        [_thread_blocked, id=7788, stack(0x000000f881f00000,0x000000f882000000) (1024K)]
  0x0000024da331a660 JavaThread "Unconstrained build operations Thread 40"        [_thread_blocked, id=17344, stack(0x000000f882000000,0x000000f882100000) (1024K)]
  0x0000024da3319fd0 JavaThread "Unconstrained build operations Thread 41"        [_thread_blocked, id=30616, stack(0x000000f882100000,0x000000f882200000) (1024K)]
  0x0000024da33192b0 JavaThread "Unconstrained build operations Thread 42"        [_thread_blocked, id=28056, stack(0x000000f882200000,0x000000f882300000) (1024K)]
  0x0000024da331acf0 JavaThread "Unconstrained build operations Thread 43"        [_thread_blocked, id=23480, stack(0x000000f882300000,0x000000f882400000) (1024K)]
  0x0000024da3318c20 JavaThread "Unconstrained build operations Thread 44"        [_thread_blocked, id=30620, stack(0x000000f882400000,0x000000f882500000) (1024K)]
  0x0000024da331e170 JavaThread "Unconstrained build operations Thread 45"        [_thread_blocked, id=30128, stack(0x000000f882500000,0x000000f882600000) (1024K)]
  0x0000024da331b380 JavaThread "Unconstrained build operations Thread 46"        [_thread_blocked, id=30148, stack(0x000000f882600000,0x000000f882700000) (1024K)]
  0x0000024da331d450 JavaThread "Unconstrained build operations Thread 47"        [_thread_blocked, id=29760, stack(0x000000f882700000,0x000000f882800000) (1024K)]
  0x0000024da331ba10 JavaThread "Unconstrained build operations Thread 48"        [_thread_blocked, id=29952, stack(0x000000f882800000,0x000000f882900000) (1024K)]
  0x0000024da331dae0 JavaThread "Unconstrained build operations Thread 49"        [_thread_blocked, id=30132, stack(0x000000f882900000,0x000000f882a00000) (1024K)]
  0x0000024da331c0a0 JavaThread "Unconstrained build operations Thread 50"        [_thread_blocked, id=29884, stack(0x000000f882a00000,0x000000f882b00000) (1024K)]
  0x0000024da331c730 JavaThread "Unconstrained build operations Thread 51"        [_thread_blocked, id=32212, stack(0x000000f882b00000,0x000000f882c00000) (1024K)]
  0x0000024da331cdc0 JavaThread "Unconstrained build operations Thread 52"        [_thread_blocked, id=29736, stack(0x000000f882c00000,0x000000f882d00000) (1024K)]
  0x0000024da4778100 JavaThread "Unconstrained build operations Thread 53"        [_thread_blocked, id=19996, stack(0x000000f882d00000,0x000000f882e00000) (1024K)]
  0x0000024da477bc10 JavaThread "Unconstrained build operations Thread 54"        [_thread_blocked, id=29948, stack(0x000000f882e00000,0x000000f882f00000) (1024K)]
  0x0000024da4778e20 JavaThread "Unconstrained build operations Thread 55"        [_thread_blocked, id=7856, stack(0x000000f882f00000,0x000000f883000000) (1024K)]
  0x0000024da4779b40 JavaThread "Unconstrained build operations Thread 56"        [_thread_blocked, id=29660, stack(0x000000f883000000,0x000000f883100000) (1024K)]
  0x0000024da5a8fdc0 JavaThread "C2 CompilerThread2"         daemon [_thread_blocked, id=28288, stack(0x000000f883100000,0x000000f883200000) (1024K)]
  0x0000024da4778790 JavaThread "Unconstrained build operations Thread 57"        [_thread_blocked, id=12192, stack(0x000000f883200000,0x000000f883300000) (1024K)]
  0x0000024da477c2a0 JavaThread "Unconstrained build operations Thread 58"        [_thread_blocked, id=11524, stack(0x000000f883300000,0x000000f883400000) (1024K)]
  0x0000024da47794b0 JavaThread "Unconstrained build operations Thread 59"        [_thread_blocked, id=12236, stack(0x000000f883400000,0x000000f883500000) (1024K)]
  0x0000024da477b580 JavaThread "Unconstrained build operations Thread 60"        [_thread_blocked, id=18256, stack(0x000000f883500000,0x000000f883600000) (1024K)]
  0x0000024da477a1d0 JavaThread "Unconstrained build operations Thread 61"        [_thread_blocked, id=14860, stack(0x000000f883600000,0x000000f883700000) (1024K)]
  0x0000024da477a860 JavaThread "Unconstrained build operations Thread 62"        [_thread_blocked, id=29088, stack(0x000000f883700000,0x000000f883800000) (1024K)]
  0x0000024da477c930 JavaThread "Unconstrained build operations Thread 63"        [_thread_blocked, id=10288, stack(0x000000f883800000,0x000000f883900000) (1024K)]
  0x0000024da477e370 JavaThread "Unconstrained build operations Thread 64"        [_thread_blocked, id=6664, stack(0x000000f883900000,0x000000f883a00000) (1024K)]
  0x0000024da477cfc0 JavaThread "Unconstrained build operations Thread 65"        [_thread_blocked, id=25460, stack(0x000000f883a00000,0x000000f883b00000) (1024K)]
  0x0000024da477aef0 JavaThread "Unconstrained build operations Thread 66"        [_thread_blocked, id=21512, stack(0x000000f883b00000,0x000000f883c00000) (1024K)]
  0x0000024da477dce0 JavaThread "Unconstrained build operations Thread 67"        [_thread_blocked, id=29936, stack(0x000000f883c00000,0x000000f883d00000) (1024K)]
  0x0000024da477d650 JavaThread "Unconstrained build operations Thread 68"        [_thread_blocked, id=29940, stack(0x000000f883d00000,0x000000f883e00000) (1024K)]
  0x0000024da477ea00 JavaThread "Unconstrained build operations Thread 69"        [_thread_blocked, id=2212, stack(0x000000f883e00000,0x000000f883f00000) (1024K)]
  0x0000024da477f090 JavaThread "Unconstrained build operations Thread 70"        [_thread_blocked, id=24904, stack(0x000000f883f00000,0x000000f884000000) (1024K)]
  0x0000024da477f720 JavaThread "Unconstrained build operations Thread 71"        [_thread_blocked, id=11376, stack(0x000000f884000000,0x000000f884100000) (1024K)]
  0x0000024da79b1420 JavaThread "Unconstrained build operations Thread 72"        [_thread_blocked, id=24868, stack(0x000000f884100000,0x000000f884200000) (1024K)]
  0x0000024da79adfa0 JavaThread "Unconstrained build operations Thread 73"        [_thread_blocked, id=31008, stack(0x000000f884200000,0x000000f884300000) (1024K)]
  0x0000024da79b1ab0 JavaThread "Unconstrained build operations Thread 74"        [_thread_blocked, id=29944, stack(0x000000f884300000,0x000000f884400000) (1024K)]
  0x0000024da79b0070 JavaThread "Unconstrained build operations Thread 75"        [_thread_blocked, id=30432, stack(0x000000f884400000,0x000000f884500000) (1024K)]
Total: 121

Other Threads:
=>0x0000024d9e88af60 VMThread "VM Thread"                           [id=2768, stack(0x000000f8fbb00000,0x000000f8fbc00000) (1024K)]
  0x0000024d9e6d87d0 WatcherThread "VM Periodic Task Thread"        [id=26220, stack(0x000000f8fba00000,0x000000f8fbb00000) (1024K)]
  0x0000024d846962d0 WorkerThread "GC Thread#0"                     [id=30756, stack(0x000000f8fb500000,0x000000f8fb600000) (1024K)]
  0x0000024da33bb0b0 WorkerThread "GC Thread#1"                     [id=22164, stack(0x000000f8fcb00000,0x000000f8fcc00000) (1024K)]
  0x0000024da33bb450 WorkerThread "GC Thread#2"                     [id=31404, stack(0x000000f8fcc00000,0x000000f8fcd00000) (1024K)]
  0x0000024da365d720 WorkerThread "GC Thread#3"                     [id=2732, stack(0x000000f8fcd00000,0x000000f8fce00000) (1024K)]
  0x0000024da365dac0 WorkerThread "GC Thread#4"                     [id=5272, stack(0x000000f8fce00000,0x000000f8fcf00000) (1024K)]
  0x0000024da5325780 WorkerThread "GC Thread#5"                     [id=30404, stack(0x000000f8fd100000,0x000000f8fd200000) (1024K)]
  0x0000024da53253e0 WorkerThread "GC Thread#6"                     [id=27800, stack(0x000000f8fd200000,0x000000f8fd300000) (1024K)]
  0x0000024da53241c0 WorkerThread "GC Thread#7"                     [id=6320, stack(0x000000f8fd300000,0x000000f8fd400000) (1024K)]
  0x0000024da5324900 WorkerThread "GC Thread#8"                     [id=26640, stack(0x000000f8fd400000,0x000000f8fd500000) (1024K)]
  0x0000024da5323e20 WorkerThread "GC Thread#9"                     [id=31268, stack(0x000000f8fd500000,0x000000f8fd600000) (1024K)]
  0x0000024da5324560 WorkerThread "GC Thread#10"                    [id=30964, stack(0x000000f8fd600000,0x000000f8fd700000) (1024K)]
  0x0000024da5325040 WorkerThread "GC Thread#11"                    [id=32196, stack(0x000000f8fde00000,0x000000f8fdf00000) (1024K)]
  0x0000024da4787c00 WorkerThread "GC Thread#12"                    [id=31380, stack(0x000000f8fdf00000,0x000000f8fe000000) (1024K)]
  0x0000024d846a81d0 ConcurrentGCThread "G1 Main Marker"            [id=30944, stack(0x000000f8fb600000,0x000000f8fb700000) (1024K)]
  0x0000024d846a9a20 WorkerThread "G1 Conc#0"                       [id=30524, stack(0x000000f8fb700000,0x000000f8fb800000) (1024K)]
  0x0000024da4787fa0 WorkerThread "G1 Conc#1"                       [id=24948, stack(0x000000f8fe000000,0x000000f8fe100000) (1024K)]
  0x0000024da4788340 WorkerThread "G1 Conc#2"                       [id=32420, stack(0x000000f8fe100000,0x000000f8fe200000) (1024K)]
  0x0000024d9e5ac6e0 ConcurrentGCThread "G1 Refine#0"               [id=12196, stack(0x000000f8fb800000,0x000000f8fb900000) (1024K)]
  0x0000024d9e5acf00 ConcurrentGCThread "G1 Service"                [id=30772, stack(0x000000f8fb900000,0x000000f8fba00000) (1024K)]
Total: 21

Threads with active compile tasks:
C2 CompilerThread0  11340 9398   !   4       java.util.concurrent.locks.AbstractQueuedSynchronizer::acquire (424 bytes)
C2 CompilerThread2  11340 9268       4       org.gradle.cache.internal.btree.FreeListBlockStore::read (12 bytes)
Total: 2

VM state: at safepoint (normal execution)

VM Mutex/Monitor currently owned by a thread:  ([mutex/lock_event])
[0x00007ff8350f8690] Threads_lock - owner thread: 0x0000024d9e88af60
[0x00007ff8350f8790] Heap_lock - owner thread: 0x0000024da477f090

Heap address: 0x0000000080000000, size: 2048 MB, Compressed Oops mode: 32-bit

CDS archive(s) not mapped
Compressed class space mapped at: 0x0000000100000000-0x0000000140000000, reserved size: 1073741824
Narrow klass base: 0x0000000000000000, Narrow klass shift: 3, Narrow klass range: 0x140000000

GC Precious Log:
 CardTable entry size: 512
 Card Set container configuration: InlinePtr #cards 5 size 8 Array Of Cards #cards 12 size 40 Howl #buckets 4 coarsen threshold 1843 Howl Bitmap #cards 512 size 80 coarsen threshold 460 Card regions per heap region 1 cards per card region 2048
 CPUs: 16 total, 16 available
 Memory: 14140M
 Large Page Support: Disabled
 NUMA Support: Disabled
 Compressed Oops: Enabled (32-bit)
 Heap Region Size: 1M
 Heap Min Capacity: 8M
 Heap Initial Capacity: 222M
 Heap Max Capacity: 2G
 Pre-touch: Disabled
 Parallel Workers: 13
 Concurrent Workers: 3
 Concurrent Refinement Workers: 13
 Periodic GC: Disabled

Heap:
 garbage-first heap   total 97280K, used 54106K [0x0000000080000000, 0x0000000100000000)
  region size 1024K, 3 young (3072K), 3 survivors (3072K)
 Metaspace       used 71172K, committed 73024K, reserved 1114112K
  class space    used 10057K, committed 10944K, reserved 1048576K

Heap Regions: E=young(eden), S=young(survivor), O=old, HS=humongous(starts), HC=humongous(continues), CS=collection set, F=free, TAMS=top-at-mark-start, PB=parsable bottom
|   0|0x0000000080000000, 0x0000000080100000, 0x0000000080100000|100%|HS|  |TAMS 0x0000000080000000| PB 0x0000000080000000| Complete 
|   1|0x0000000080100000, 0x0000000080200000, 0x0000000080200000|100%|HC|  |TAMS 0x0000000080100000| PB 0x0000000080100000| Complete 
|   2|0x0000000080200000, 0x0000000080300000, 0x0000000080300000|100%|HC|  |TAMS 0x0000000080200000| PB 0x0000000080200000| Complete 
|   3|0x0000000080300000, 0x0000000080400000, 0x0000000080400000|100%| O|  |TAMS 0x0000000080300000| PB 0x0000000080300000| Untracked 
|   4|0x0000000080400000, 0x0000000080500000, 0x0000000080500000|100%| O|  |TAMS 0x0000000080400000| PB 0x0000000080400000| Untracked 
|   5|0x0000000080500000, 0x0000000080600000, 0x0000000080600000|100%| O|  |TAMS 0x0000000080500000| PB 0x0000000080500000| Untracked 
|   6|0x0000000080600000, 0x0000000080700000, 0x0000000080700000|100%|HS|  |TAMS 0x0000000080600000| PB 0x0000000080600000| Complete 
|   7|0x0000000080700000, 0x0000000080800000, 0x0000000080800000|100%| O|  |TAMS 0x0000000080700000| PB 0x0000000080700000| Untracked 
|   8|0x0000000080800000, 0x0000000080900000, 0x0000000080900000|100%| O|  |TAMS 0x0000000080800000| PB 0x0000000080800000| Untracked 
|   9|0x0000000080900000, 0x0000000080a00000, 0x0000000080a00000|100%| O|  |TAMS 0x0000000080900000| PB 0x0000000080900000| Untracked 
|  10|0x0000000080a00000, 0x0000000080b00000, 0x0000000080b00000|100%| O|  |TAMS 0x0000000080a00000| PB 0x0000000080a00000| Untracked 
|  11|0x0000000080b00000, 0x0000000080c00000, 0x0000000080c00000|100%| O|  |TAMS 0x0000000080b00000| PB 0x0000000080b00000| Untracked 
|  12|0x0000000080c00000, 0x0000000080d00000, 0x0000000080d00000|100%| O|  |TAMS 0x0000000080c00000| PB 0x0000000080c00000| Untracked 
|  13|0x0000000080d00000, 0x0000000080e00000, 0x0000000080e00000|100%| O|  |TAMS 0x0000000080d00000| PB 0x0000000080d00000| Untracked 
|  14|0x0000000080e00000, 0x0000000080f00000, 0x0000000080f00000|100%| O|  |TAMS 0x0000000080e00000| PB 0x0000000080e00000| Untracked 
|  15|0x0000000080f00000, 0x0000000081000000, 0x0000000081000000|100%| O|  |TAMS 0x0000000080f00000| PB 0x0000000080f00000| Untracked 
|  16|0x0000000081000000, 0x0000000081100000, 0x0000000081100000|100%| O|  |TAMS 0x0000000081000000| PB 0x0000000081000000| Untracked 
|  17|0x0000000081100000, 0x0000000081200000, 0x0000000081200000|100%| O|  |TAMS 0x0000000081100000| PB 0x0000000081100000| Untracked 
|  18|0x0000000081200000, 0x0000000081300000, 0x0000000081300000|100%| O|  |TAMS 0x0000000081200000| PB 0x0000000081200000| Untracked 
|  19|0x0000000081300000, 0x0000000081400000, 0x0000000081400000|100%| O|  |TAMS 0x0000000081300000| PB 0x0000000081300000| Untracked 
|  20|0x0000000081400000, 0x0000000081500000, 0x0000000081500000|100%| O|  |TAMS 0x0000000081400000| PB 0x0000000081400000| Untracked 
|  21|0x0000000081500000, 0x0000000081600000, 0x0000000081600000|100%| O|  |TAMS 0x0000000081500000| PB 0x0000000081500000| Untracked 
|  22|0x0000000081600000, 0x0000000081700000, 0x0000000081700000|100%| O|  |TAMS 0x0000000081600000| PB 0x0000000081600000| Untracked 
|  23|0x0000000081700000, 0x0000000081800000, 0x0000000081800000|100%| O|  |TAMS 0x0000000081700000| PB 0x0000000081700000| Untracked 
|  24|0x0000000081800000, 0x0000000081900000, 0x0000000081900000|100%| O|  |TAMS 0x0000000081800000| PB 0x0000000081800000| Untracked 
|  25|0x0000000081900000, 0x0000000081a00000, 0x0000000081a00000|100%| O|  |TAMS 0x0000000081900000| PB 0x0000000081900000| Untracked 
|  26|0x0000000081a00000, 0x0000000081b00000, 0x0000000081b00000|100%| O|  |TAMS 0x0000000081a00000| PB 0x0000000081a00000| Untracked 
|  27|0x0000000081b00000, 0x0000000081c00000, 0x0000000081c00000|100%| O|  |TAMS 0x0000000081b00000| PB 0x0000000081b00000| Untracked 
|  28|0x0000000081c00000, 0x0000000081d00000, 0x0000000081d00000|100%| O|  |TAMS 0x0000000081c00000| PB 0x0000000081c00000| Untracked 
|  29|0x0000000081d00000, 0x0000000081e00000, 0x0000000081e00000|100%| O|  |TAMS 0x0000000081d00000| PB 0x0000000081d00000| Untracked 
|  30|0x0000000081e00000, 0x0000000081f00000, 0x0000000081f00000|100%| O|  |TAMS 0x0000000081e00000| PB 0x0000000081e00000| Untracked 
|  31|0x0000000081f00000, 0x0000000082000000, 0x0000000082000000|100%|HS|  |TAMS 0x0000000081f00000| PB 0x0000000081f00000| Complete 
|  32|0x0000000082000000, 0x0000000082100000, 0x0000000082100000|100%|HC|  |TAMS 0x0000000082000000| PB 0x0000000082000000| Complete 
|  33|0x0000000082100000, 0x0000000082200000, 0x0000000082200000|100%| O|  |TAMS 0x0000000082100000| PB 0x0000000082100000| Untracked 
|  34|0x0000000082200000, 0x0000000082300000, 0x0000000082300000|100%| O|  |TAMS 0x0000000082200000| PB 0x0000000082200000| Untracked 
|  35|0x0000000082300000, 0x0000000082300000, 0x0000000082400000|  0%| F|  |TAMS 0x0000000082300000| PB 0x0000000082300000| Untracked 
|  36|0x0000000082400000, 0x0000000082500000, 0x0000000082500000|100%| O|  |TAMS 0x0000000082400000| PB 0x0000000082400000| Untracked 
|  37|0x0000000082500000, 0x0000000082600000, 0x0000000082600000|100%| O|  |TAMS 0x0000000082500000| PB 0x0000000082500000| Untracked 
|  38|0x0000000082600000, 0x0000000082700000, 0x0000000082700000|100%| O|  |TAMS 0x0000000082600000| PB 0x0000000082600000| Untracked 
|  39|0x0000000082700000, 0x0000000082800000, 0x0000000082800000|100%| O|  |TAMS 0x0000000082700000| PB 0x0000000082700000| Untracked 
|  40|0x0000000082800000, 0x0000000082900000, 0x0000000082900000|100%| O|  |TAMS 0x0000000082800000| PB 0x0000000082800000| Untracked 
|  41|0x0000000082900000, 0x0000000082a00000, 0x0000000082a00000|100%| O|  |TAMS 0x0000000082900000| PB 0x0000000082900000| Untracked 
|  42|0x0000000082a00000, 0x0000000082b00000, 0x0000000082b00000|100%| O|  |TAMS 0x0000000082a00000| PB 0x0000000082a00000| Untracked 
|  43|0x0000000082b00000, 0x0000000082c00000, 0x0000000082c00000|100%| O|  |TAMS 0x0000000082b00000| PB 0x0000000082b00000| Untracked 
|  44|0x0000000082c00000, 0x0000000082d00000, 0x0000000082d00000|100%| O|  |TAMS 0x0000000082c00000| PB 0x0000000082c00000| Untracked 
|  45|0x0000000082d00000, 0x0000000082e00000, 0x0000000082e00000|100%| O|  |TAMS 0x0000000082d00000| PB 0x0000000082d00000| Untracked 
|  46|0x0000000082e00000, 0x0000000082f00000, 0x0000000082f00000|100%| O|  |TAMS 0x0000000082e00000| PB 0x0000000082e00000| Untracked 
|  47|0x0000000082f00000, 0x0000000083000000, 0x0000000083000000|100%| O|  |TAMS 0x0000000082f00000| PB 0x0000000082f00000| Untracked 
|  48|0x0000000083000000, 0x0000000083100000, 0x0000000083100000|100%| O|  |TAMS 0x0000000083000000| PB 0x0000000083000000| Untracked 
|  49|0x0000000083100000, 0x0000000083162430, 0x0000000083200000| 38%| O|  |TAMS 0x0000000083100000| PB 0x0000000083100000| Untracked 
|  50|0x0000000083200000, 0x0000000083300000, 0x0000000083300000|100%| O|  |TAMS 0x0000000083200000| PB 0x0000000083200000| Untracked 
|  51|0x0000000083300000, 0x0000000083300000, 0x0000000083400000|  0%| F|  |TAMS 0x0000000083300000| PB 0x0000000083300000| Untracked 
|  52|0x0000000083400000, 0x00000000834744c0, 0x0000000083500000| 45%| S|CS|TAMS 0x0000000083400000| PB 0x0000000083400000| Complete 
|  53|0x0000000083500000, 0x0000000083600000, 0x0000000083600000|100%| O|  |TAMS 0x0000000083500000| PB 0x0000000083500000| Untracked 
|  54|0x0000000083600000, 0x0000000083700000, 0x0000000083700000|100%| S|CS|TAMS 0x0000000083600000| PB 0x0000000083600000| Complete 
|  55|0x0000000083700000, 0x0000000083700000, 0x0000000083800000|  0%| F|  |TAMS 0x0000000083700000| PB 0x0000000083700000| Untracked 
|  56|0x0000000083800000, 0x0000000083900000, 0x0000000083900000|100%| S|CS|TAMS 0x0000000083800000| PB 0x0000000083800000| Complete 
|  57|0x0000000083900000, 0x0000000083900000, 0x0000000083a00000|  0%| F|  |TAMS 0x0000000083900000| PB 0x0000000083900000| Untracked 
|  58|0x0000000083a00000, 0x0000000083a00000, 0x0000000083b00000|  0%| F|  |TAMS 0x0000000083a00000| PB 0x0000000083a00000| Untracked 
|  59|0x0000000083b00000, 0x0000000083b00000, 0x0000000083c00000|  0%| F|  |TAMS 0x0000000083b00000| PB 0x0000000083b00000| Untracked 
|  60|0x0000000083c00000, 0x0000000083c00000, 0x0000000083d00000|  0%| F|  |TAMS 0x0000000083c00000| PB 0x0000000083c00000| Untracked 
|  61|0x0000000083d00000, 0x0000000083d00000, 0x0000000083e00000|  0%| F|  |TAMS 0x0000000083d00000| PB 0x0000000083d00000| Untracked 
|  62|0x0000000083e00000, 0x0000000083e00000, 0x0000000083f00000|  0%| F|  |TAMS 0x0000000083e00000| PB 0x0000000083e00000| Untracked 
|  63|0x0000000083f00000, 0x0000000083f00000, 0x0000000084000000|  0%| F|  |TAMS 0x0000000083f00000| PB 0x0000000083f00000| Untracked 
|  64|0x0000000084000000, 0x0000000084000000, 0x0000000084100000|  0%| F|  |TAMS 0x0000000084000000| PB 0x0000000084000000| Untracked 
|  65|0x0000000084100000, 0x0000000084100000, 0x0000000084200000|  0%| F|  |TAMS 0x0000000084100000| PB 0x0000000084100000| Untracked 
|  66|0x0000000084200000, 0x0000000084200000, 0x0000000084300000|  0%| F|  |TAMS 0x0000000084200000| PB 0x0000000084200000| Untracked 
|  67|0x0000000084300000, 0x0000000084300000, 0x0000000084400000|  0%| F|  |TAMS 0x0000000084300000| PB 0x0000000084300000| Untracked 
|  68|0x0000000084400000, 0x0000000084400000, 0x0000000084500000|  0%| F|  |TAMS 0x0000000084400000| PB 0x0000000084400000| Untracked 
|  69|0x0000000084500000, 0x0000000084500000, 0x0000000084600000|  0%| F|  |TAMS 0x0000000084500000| PB 0x0000000084500000| Untracked 
|  70|0x0000000084600000, 0x0000000084600000, 0x0000000084700000|  0%| F|  |TAMS 0x0000000084600000| PB 0x0000000084600000| Untracked 
|  71|0x0000000084700000, 0x0000000084700000, 0x0000000084800000|  0%| F|  |TAMS 0x0000000084700000| PB 0x0000000084700000| Untracked 
|  72|0x0000000084800000, 0x0000000084800000, 0x0000000084900000|  0%| F|  |TAMS 0x0000000084800000| PB 0x0000000084800000| Untracked 
|  73|0x0000000084900000, 0x0000000084900000, 0x0000000084a00000|  0%| F|  |TAMS 0x0000000084900000| PB 0x0000000084900000| Untracked 
|  74|0x0000000084a00000, 0x0000000084a00000, 0x0000000084b00000|  0%| F|  |TAMS 0x0000000084a00000| PB 0x0000000084a00000| Untracked 
|  75|0x0000000084b00000, 0x0000000084b00000, 0x0000000084c00000|  0%| F|  |TAMS 0x0000000084b00000| PB 0x0000000084b00000| Untracked 
|  76|0x0000000084c00000, 0x0000000084c00000, 0x0000000084d00000|  0%| F|  |TAMS 0x0000000084c00000| PB 0x0000000084c00000| Untracked 
|  77|0x0000000084d00000, 0x0000000084d00000, 0x0000000084e00000|  0%| F|  |TAMS 0x0000000084d00000| PB 0x0000000084d00000| Untracked 
|  78|0x0000000084e00000, 0x0000000084e00000, 0x0000000084f00000|  0%| F|  |TAMS 0x0000000084e00000| PB 0x0000000084e00000| Untracked 
|  79|0x0000000084f00000, 0x0000000084f00000, 0x0000000085000000|  0%| F|  |TAMS 0x0000000084f00000| PB 0x0000000084f00000| Untracked 
|  80|0x0000000085000000, 0x0000000085000000, 0x0000000085100000|  0%| F|  |TAMS 0x0000000085000000| PB 0x0000000085000000| Untracked 
|  81|0x0000000085100000, 0x0000000085100000, 0x0000000085200000|  0%| F|  |TAMS 0x0000000085100000| PB 0x0000000085100000| Untracked 
|  82|0x0000000085200000, 0x0000000085200000, 0x0000000085300000|  0%| F|  |TAMS 0x0000000085200000| PB 0x0000000085200000| Untracked 
|  83|0x0000000085300000, 0x0000000085300000, 0x0000000085400000|  0%| F|  |TAMS 0x0000000085300000| PB 0x0000000085300000| Untracked 
|  84|0x0000000085400000, 0x0000000085400000, 0x0000000085500000|  0%| F|  |TAMS 0x0000000085400000| PB 0x0000000085400000| Untracked 
| 201|0x000000008c900000, 0x000000008c900000, 0x000000008ca00000|  0%| F|  |TAMS 0x000000008c900000| PB 0x000000008c900000| Untracked 
| 202|0x000000008ca00000, 0x000000008ca00000, 0x000000008cb00000|  0%| F|  |TAMS 0x000000008ca00000| PB 0x000000008ca00000| Untracked 
| 203|0x000000008cb00000, 0x000000008cb00000, 0x000000008cc00000|  0%| F|  |TAMS 0x000000008cb00000| PB 0x000000008cb00000| Untracked 
| 204|0x000000008cc00000, 0x000000008cc00000, 0x000000008cd00000|  0%| F|  |TAMS 0x000000008cc00000| PB 0x000000008cc00000| Untracked 
| 205|0x000000008cd00000, 0x000000008cd00000, 0x000000008ce00000|  0%| F|  |TAMS 0x000000008cd00000| PB 0x000000008cd00000| Untracked 
| 206|0x000000008ce00000, 0x000000008ce00000, 0x000000008cf00000|  0%| F|  |TAMS 0x000000008ce00000| PB 0x000000008ce00000| Untracked 
| 207|0x000000008cf00000, 0x000000008cf00000, 0x000000008d000000|  0%| F|  |TAMS 0x000000008cf00000| PB 0x000000008cf00000| Untracked 
| 208|0x000000008d000000, 0x000000008d000000, 0x000000008d100000|  0%| F|  |TAMS 0x000000008d000000| PB 0x000000008d000000| Untracked 
| 209|0x000000008d100000, 0x000000008d100000, 0x000000008d200000|  0%| F|  |TAMS 0x000000008d100000| PB 0x000000008d100000| Untracked 
| 221|0x000000008dd00000, 0x000000008dd00000, 0x000000008de00000|  0%| F|  |TAMS 0x000000008dd00000| PB 0x000000008dd00000| Untracked 

Card table byte_map: [0x0000024d99240000,0x0000024d99640000] _byte_map_base: 0x0000024d98e40000

Marking Bits: (CMBitMap*) 0x0000024d846978f0
 Bits: [0x0000024d99640000, 0x0000024d9b640000)

Polling page: 0x0000024d88e60000

Metaspace:

Usage:
  Non-class:     59.68 MB used.
      Class:      9.82 MB used.
       Both:     69.50 MB used.

Virtual space:
  Non-class space:       64.00 MB reserved,      60.62 MB ( 95%) committed,  1 nodes.
      Class space:        1.00 GB reserved,      10.69 MB (  1%) committed,  1 nodes.
             Both:        1.06 GB reserved,      71.31 MB (  7%) committed. 

Chunk freelists:
   Non-Class:  2.53 MB
       Class:  5.20 MB
        Both:  7.73 MB

MaxMetaspaceSize: unlimited
CompressedClassSpaceSize: 1.00 GB
Initial GC threshold: 21.00 MB
Current GC threshold: 118.75 MB
CDS: off
 - commit_granule_bytes: 65536.
 - commit_granule_words: 8192.
 - virtual_space_node_default_size: 8388608.
 - enlarge_chunks_in_place: 1.
 - use_allocation_guard: 0.


Internal statistics:

num_allocs_failed_limit: 6.
num_arena_births: 3530.
num_arena_deaths: 0.
num_vsnodes_births: 2.
num_vsnodes_deaths: 0.
num_space_committed: 1141.
num_space_uncommitted: 0.
num_chunks_returned_to_freelist: 6.
num_chunks_taken_from_freelist: 6590.
num_chunk_merges: 6.
num_chunk_splits: 4251.
num_chunks_enlarged: 2605.
num_inconsistent_stats: 0.

CodeHeap 'non-profiled nmethods': size=119168Kb used=4207Kb max_used=4282Kb free=114960Kb
 bounds [0x0000024d90a20000, 0x0000024d90e50000, 0x0000024d97e80000]
CodeHeap 'profiled nmethods': size=119104Kb used=14940Kb max_used=15339Kb free=104163Kb
 bounds [0x0000024d88e80000, 0x0000024d89d80000, 0x0000024d902d0000]
CodeHeap 'non-nmethods': size=7488Kb used=3773Kb max_used=3826Kb free=3714Kb
 bounds [0x0000024d902d0000, 0x0000024d90690000, 0x0000024d90a20000]
CodeCache: size=245760Kb, used=22920Kb, max_used=23447Kb, free=222837Kb
 total_blobs=8769, nmethods=7983, adapters=687, full_count=0
Compilation: enabled, stopped_count=0, restarted_count=0

Compilation events (20 events):
Event: 11.261 Thread 0x0000024da5a8ce10 9382       4       org.gradle.internal.snapshot.VfsRelativePath::normalizeRoot (50 bytes)
Event: 11.262 Thread 0x0000024d9ea154b0 9395       3       org.gradle.api.internal.artifacts.transform.TransformExecutionResult$Builder$MixedInputAndProducedOutputResult::resolveForWorkspace (37 bytes)
Event: 11.263 Thread 0x0000024d9ea17d90 9396       3       org.gradle.api.internal.artifacts.transform.TransformExecutionResult$Builder$EntireInputArtifact::resolveForWorkspace (2 bytes)
Event: 11.263 Thread 0x0000024d9ea17d90 nmethod 9396 0x0000024d88fda110 code [0x0000024d88fda2a0, 0x0000024d88fda3b0]
Event: 11.263 Thread 0x0000024d9ea154b0 nmethod 9395 0x0000024d8972cd10 code [0x0000024d8972cfe0, 0x0000024d8972dff0]
Event: 11.264 Thread 0x0000024da5a8ce10 nmethod 9382 0x0000024d90cd6c90 code [0x0000024d90cd6e40, 0x0000024d90cd7140]
Event: 11.264 Thread 0x0000024da5a8ce10 9383       4       org.gradle.internal.snapshot.VfsRelativePath::determineOffset (34 bytes)
Event: 11.266 Thread 0x0000024da5a8ce10 nmethod 9383 0x0000024d90d3e590 code [0x0000024d90d3e740, 0x0000024d90d3e8b0]
Event: 11.266 Thread 0x0000024da5a8ce10 9381       4       org.gradle.tooling.internal.provider.runner.ClientBuildEventGenerator$Enabled::accept (58 bytes)
Event: 11.268 Thread 0x0000024d9e96fc00 nmethod 9380 0x0000024d90cd5e90 code [0x0000024d90cd6080, 0x0000024d90cd65b8]
Event: 11.268 Thread 0x0000024d9e96fc00 9398   !   4       java.util.concurrent.locks.AbstractQueuedSynchronizer::acquire (424 bytes)
Event: 11.269 Thread 0x0000024da5a8ce10 nmethod 9381 0x0000024d90cd5790 code [0x0000024d90cd5960, 0x0000024d90cd5c00]
Event: 11.269 Thread 0x0000024da5a8ce10 9385       4       java.lang.Enum::hashCode (21 bytes)
Event: 11.270 Thread 0x0000024da5a8ce10 nmethod 9385 0x0000024d90cd5490 code [0x0000024d90cd5620, 0x0000024d90cd5708]
Event: 11.270 Thread 0x0000024da5a8ce10 9397       4       com.esotericsoftware.kryo.io.Input::readVarInt (192 bytes)
Event: 11.275 Thread 0x0000024da5a8ce10 nmethod 9397 0x0000024d90cb6790 code [0x0000024d90cb6960, 0x0000024d90cb6dc0]
Event: 11.276 Thread 0x0000024da5a8ce10 9399       4       java.util.concurrent.atomic.Striped64::casBase (10 bytes)
Event: 11.277 Thread 0x0000024da5a8ce10 nmethod 9399 0x0000024d90cd4f10 code [0x0000024d90cd50a0, 0x0000024d90cd5140]
Event: 11.278 Thread 0x0000024da5a8ce10 9400       4       com.google.common.cache.LocalCache$AccessQueue::peek (5 bytes)
Event: 11.279 Thread 0x0000024da5a8ce10 nmethod 9400 0x0000024d90cb6410 code [0x0000024d90cb65a0, 0x0000024d90cb6678]

GC Heap History (20 events):
Event: 7.774 GC heap after
{Heap after GC invocations=17 (full 0):
 garbage-first heap   total 79872K, used 43803K [0x0000000080000000, 0x0000000100000000)
  region size 1024K, 2 young (2048K), 2 survivors (2048K)
 Metaspace       used 61743K, committed 63424K, reserved 1114112K
  class space    used 8723K, committed 9536K, reserved 1048576K
}
Event: 8.297 GC heap before
{Heap before GC invocations=17 (full 0):
 garbage-first heap   total 79872K, used 73499K [0x0000000080000000, 0x0000000100000000)
  region size 1024K, 31 young (31744K), 2 survivors (2048K)
 Metaspace       used 65849K, committed 67584K, reserved 1114112K
  class space    used 9358K, committed 10176K, reserved 1048576K
}
Event: 8.300 GC heap after
{Heap after GC invocations=18 (full 0):
 garbage-first heap   total 79872K, used 44554K [0x0000000080000000, 0x0000000100000000)
  region size 1024K, 4 young (4096K), 4 survivors (4096K)
 Metaspace       used 65849K, committed 67584K, reserved 1114112K
  class space    used 9358K, committed 10176K, reserved 1048576K
}
Event: 10.011 GC heap before
{Heap before GC invocations=18 (full 0):
 garbage-first heap   total 79872K, used 72202K [0x0000000080000000, 0x0000000100000000)
  region size 1024K, 31 young (31744K), 4 survivors (4096K)
 Metaspace       used 69022K, committed 70848K, reserved 1114112K
  class space    used 9874K, committed 10752K, reserved 1048576K
}
Event: 10.014 GC heap after
{Heap after GC invocations=19 (full 0):
 garbage-first heap   total 79872K, used 46312K [0x0000000080000000, 0x0000000100000000)
  region size 1024K, 4 young (4096K), 4 survivors (4096K)
 Metaspace       used 69022K, committed 70848K, reserved 1114112K
  class space    used 9874K, committed 10752K, reserved 1048576K
}
Event: 10.625 GC heap before
{Heap before GC invocations=20 (full 0):
 garbage-first heap   total 80896K, used 72936K [0x0000000080000000, 0x0000000100000000)
  region size 1024K, 30 young (30720K), 4 survivors (4096K)
 Metaspace       used 70609K, committed 72512K, reserved 1114112K
  class space    used 10057K, committed 10944K, reserved 1048576K
}
Event: 10.629 GC heap after
{Heap after GC invocations=21 (full 0):
 garbage-first heap   total 97280K, used 49321K [0x0000000080000000, 0x0000000100000000)
  region size 1024K, 4 young (4096K), 4 survivors (4096K)
 Metaspace       used 70609K, committed 72512K, reserved 1114112K
  class space    used 10057K, committed 10944K, reserved 1048576K
}
Event: 10.784 GC heap before
{Heap before GC invocations=21 (full 0):
 garbage-first heap   total 97280K, used 86185K [0x0000000080000000, 0x0000000100000000)
  region size 1024K, 41 young (41984K), 4 survivors (4096K)
 Metaspace       used 70838K, committed 72704K, reserved 1114112K
  class space    used 10057K, committed 10944K, reserved 1048576K
}
Event: 10.789 GC heap after
{Heap after GC invocations=22 (full 0):
 garbage-first heap   total 97280K, used 51305K [0x0000000080000000, 0x0000000100000000)
  region size 1024K, 6 young (6144K), 6 survivors (6144K)
 Metaspace       used 70838K, committed 72704K, reserved 1114112K
  class space    used 10057K, committed 10944K, reserved 1048576K
}
Event: 10.918 GC heap before
{Heap before GC invocations=22 (full 0):
 garbage-first heap   total 97280K, used 86121K [0x0000000080000000, 0x0000000100000000)
  region size 1024K, 41 young (41984K), 6 survivors (6144K)
 Metaspace       used 71007K, committed 72896K, reserved 1114112K
  class space    used 10057K, committed 10944K, reserved 1048576K
}
Event: 10.922 GC heap after
{Heap after GC invocations=23 (full 0):
 garbage-first heap   total 97280K, used 52574K [0x0000000080000000, 0x0000000100000000)
  region size 1024K, 5 young (5120K), 5 survivors (5120K)
 Metaspace       used 71007K, committed 72896K, reserved 1114112K
  class space    used 10057K, committed 10944K, reserved 1048576K
}
Event: 11.021 GC heap before
{Heap before GC invocations=24 (full 0):
 garbage-first heap   total 97280K, used 87390K [0x0000000080000000, 0x0000000100000000)
  region size 1024K, 40 young (40960K), 5 survivors (5120K)
 Metaspace       used 71147K, committed 72960K, reserved 1114112K
  class space    used 10057K, committed 10944K, reserved 1048576K
}
Event: 11.024 GC heap after
{Heap after GC invocations=25 (full 0):
 garbage-first heap   total 97280K, used 53137K [0x0000000080000000, 0x0000000100000000)
  region size 1024K, 2 young (2048K), 2 survivors (2048K)
 Metaspace       used 71147K, committed 72960K, reserved 1114112K
  class space    used 10057K, committed 10944K, reserved 1048576K
}
Event: 11.087 GC heap before
{Heap before GC invocations=25 (full 0):
 garbage-first heap   total 97280K, used 88977K [0x0000000080000000, 0x0000000100000000)
  region size 1024K, 38 young (38912K), 2 survivors (2048K)
 Metaspace       used 71157K, committed 73024K, reserved 1114112K
  class space    used 10057K, committed 10944K, reserved 1048576K
}
Event: 11.090 GC heap after
{Heap after GC invocations=26 (full 0):
 garbage-first heap   total 97280K, used 53212K [0x0000000080000000, 0x0000000100000000)
  region size 1024K, 2 young (2048K), 2 survivors (2048K)
 Metaspace       used 71157K, committed 73024K, reserved 1114112K
  class space    used 10057K, committed 10944K, reserved 1048576K
}
Event: 11.149 GC heap before
{Heap before GC invocations=26 (full 0):
 garbage-first heap   total 97280K, used 90076K [0x0000000080000000, 0x0000000100000000)
  region size 1024K, 39 young (39936K), 2 survivors (2048K)
 Metaspace       used 71170K, committed 73024K, reserved 1114112K
  class space    used 10057K, committed 10944K, reserved 1048576K
}
Event: 11.152 GC heap after
{Heap after GC invocations=27 (full 0):
 garbage-first heap   total 97280K, used 53694K [0x0000000080000000, 0x0000000100000000)
  region size 1024K, 3 young (3072K), 3 survivors (3072K)
 Metaspace       used 71170K, committed 73024K, reserved 1114112K
  class space    used 10057K, committed 10944K, reserved 1048576K
}
Event: 11.234 GC heap before
{Heap before GC invocations=28 (full 0):
 garbage-first heap   total 97280K, used 89534K [0x0000000080000000, 0x0000000100000000)
  region size 1024K, 39 young (39936K), 3 survivors (3072K)
 Metaspace       used 71171K, committed 73024K, reserved 1114112K
  class space    used 10057K, committed 10944K, reserved 1048576K
}
Event: 11.237 GC heap after
{Heap after GC invocations=29 (full 0):
 garbage-first heap   total 97280K, used 54231K [0x0000000080000000, 0x0000000100000000)
  region size 1024K, 3 young (3072K), 3 survivors (3072K)
 Metaspace       used 71171K, committed 73024K, reserved 1114112K
  class space    used 10057K, committed 10944K, reserved 1048576K
}
Event: 11.279 GC heap before
{Heap before GC invocations=29 (full 0):
 garbage-first heap   total 97280K, used 90071K [0x0000000080000000, 0x0000000100000000)
  region size 1024K, 39 young (39936K), 3 survivors (3072K)
 Metaspace       used 71172K, committed 73024K, reserved 1114112K
  class space    used 10057K, committed 10944K, reserved 1048576K
}

Dll operation events (3 events):
Event: 0.012 Loaded shared library C:\Program Files\Android\Android Studio\jbr\bin\java.dll
Event: 0.021 Loaded shared library C:\Program Files\Android\Android Studio\jbr\bin\zip.dll
Event: 0.948 Loaded shared library C:\Program Files\Android\Android Studio\jbr\bin\verify.dll

Deoptimization events (20 events):
Event: 11.096 Thread 0x0000024da415eaa0 Uncommon trap: reason=class_check action=maybe_recompile pc=0x0000024d90dbbc00 method=java.util.concurrent.ConcurrentHashMap.get(Ljava/lang/Object;)Ljava/lang/Object; @ 93 c2
Event: 11.096 Thread 0x0000024da477d650 DEOPT PACKING pc=0x0000024d8981c422 sp=0x000000f883dfc820
Event: 11.096 Thread 0x0000024da415eaa0 DEOPT PACKING pc=0x0000024d90dbbc00 sp=0x000000f8fdbf5cc0
Event: 11.096 Thread 0x0000024da477f720 DEOPT UNPACKING pc=0x0000024d90327aa2 sp=0x000000f8840fc6d8 mode 2
Event: 11.096 Thread 0x0000024da477d650 DEOPT UNPACKING pc=0x0000024d903285e2 sp=0x000000f883dfbd30 mode 0
Event: 11.096 Thread 0x0000024da415eaa0 DEOPT UNPACKING pc=0x0000024d90327aa2 sp=0x000000f8fdbf5c18 mode 2
Event: 11.096 Thread 0x0000024da477f720 Uncommon trap: trap_request=0xffffffde fr.pc=0x0000024d90dbbc00 relative=0x00000000000002c0
Event: 11.096 Thread 0x0000024da415eaa0 Uncommon trap: trap_request=0xffffffde fr.pc=0x0000024d90dbbc00 relative=0x00000000000002c0
Event: 11.096 Thread 0x0000024da477f720 Uncommon trap: reason=class_check action=maybe_recompile pc=0x0000024d90dbbc00 method=java.util.concurrent.ConcurrentHashMap.get(Ljava/lang/Object;)Ljava/lang/Object; @ 93 c2
Event: 11.096 Thread 0x0000024da415eaa0 Uncommon trap: reason=class_check action=maybe_recompile pc=0x0000024d90dbbc00 method=java.util.concurrent.ConcurrentHashMap.get(Ljava/lang/Object;)Ljava/lang/Object; @ 93 c2
Event: 11.096 Thread 0x0000024da477f720 DEOPT PACKING pc=0x0000024d90dbbc00 sp=0x000000f8840fc780
Event: 11.096 Thread 0x0000024da415eaa0 DEOPT PACKING pc=0x0000024d90dbbc00 sp=0x000000f8fdbf5cc0
Event: 11.096 Thread 0x0000024da415eaa0 DEOPT UNPACKING pc=0x0000024d90327aa2 sp=0x000000f8fdbf5c18 mode 2
Event: 11.096 Thread 0x0000024da477f720 DEOPT UNPACKING pc=0x0000024d90327aa2 sp=0x000000f8840fc6d8 mode 2
Event: 11.101 Thread 0x0000024da79b1420 DEOPT PACKING pc=0x0000024d8984c92c sp=0x000000f8841fce90
Event: 11.101 Thread 0x0000024da79b1420 DEOPT UNPACKING pc=0x0000024d903285e2 sp=0x000000f8841fc320 mode 0
Event: 11.225 Thread 0x0000024da477a1d0 DEOPT PACKING pc=0x0000024d89c3ecb2 sp=0x000000f8836fcf90
Event: 11.225 Thread 0x0000024da477a1d0 DEOPT UNPACKING pc=0x0000024d903285e2 sp=0x000000f8836fc450 mode 0
Event: 11.246 Thread 0x0000024da477c930 DEOPT PACKING pc=0x0000024d89c3ecb2 sp=0x000000f8838fcef0
Event: 11.246 Thread 0x0000024da477c930 DEOPT UNPACKING pc=0x0000024d903285e2 sp=0x000000f8838fc3b0 mode 0

Classes loaded (20 events):
Event: 9.978 Loading class sun/util/logging/internal/LoggingProviderImpl$JULWrapper
Event: 9.978 Loading class sun/util/logging/PlatformLogger$ConfigurableBridge$LoggerConfiguration
Event: 9.978 Loading class sun/util/logging/PlatformLogger$ConfigurableBridge$LoggerConfiguration done
Event: 9.978 Loading class sun/util/logging/internal/LoggingProviderImpl$JULWrapper done
Event: 9.979 Loading class java/io/ObjectInputFilter$Config$BuiltinFilterFactory
Event: 9.979 Loading class java/io/ObjectInputFilter$Config$BuiltinFilterFactory done
Event: 9.979 Loading class jdk/internal/access/JavaObjectInputFilterAccess
Event: 9.979 Loading class jdk/internal/access/JavaObjectInputFilterAccess done
Event: 9.979 Loading class jdk/internal/event/DeserializationEvent
Event: 9.979 Loading class jdk/internal/event/DeserializationEvent done
Event: 9.980 Loading class java/io/ObjectInputStream$FieldValues
Event: 9.980 Loading class java/io/ObjectInputStream$GetField
Event: 9.980 Loading class java/io/ObjectInputStream$GetField done
Event: 9.980 Loading class java/io/ObjectInputStream$FieldValues done
Event: 10.418 Loading class java/util/Collections$ReverseComparator
Event: 10.418 Loading class java/util/Collections$ReverseComparator done
Event: 10.418 Loading class java/util/Collections$ReverseComparator2
Event: 10.418 Loading class java/util/Collections$ReverseComparator2 done
Event: 10.913 Loading class java/util/concurrent/atomic/Striped64$Cell
Event: 10.913 Loading class java/util/concurrent/atomic/Striped64$Cell done

Classes unloaded (0 events):
No events

Classes redefined (0 events):
No events

Internal exceptions (20 events):
Event: 11.260 Thread 0x0000024da79b1420 Exception <a 'sun/nio/fs/WindowsException'{0x0000000084ab7350}> (0x0000000084ab7350) 
thrown [s\src\hotspot\share\prims\jni.cpp, line 537]
Event: 11.260 Thread 0x0000024da477c930 Exception <a 'sun/nio/fs/WindowsException'{0x0000000084a36cb8}> (0x0000000084a36cb8) 
thrown [s\src\hotspot\share\prims\jni.cpp, line 537]
Event: 11.260 Thread 0x0000024da477a860 Exception <a 'sun/nio/fs/WindowsException'{0x000000008492acc8}> (0x000000008492acc8) 
thrown [s\src\hotspot\share\prims\jni.cpp, line 537]
Event: 11.260 Thread 0x0000024da79b1ab0 Exception <a 'sun/nio/fs/WindowsException'{0x0000000084953ac8}> (0x0000000084953ac8) 
thrown [s\src\hotspot\share\prims\jni.cpp, line 537]
Event: 11.264 Thread 0x0000024da477dce0 Exception <a 'sun/nio/fs/WindowsException'{0x00000000847d4988}> (0x00000000847d4988) 
thrown [s\src\hotspot\share\prims\jni.cpp, line 537]
Event: 11.264 Thread 0x0000024da477d650 Exception <a 'sun/nio/fs/WindowsException'{0x0000000084647a88}> (0x0000000084647a88) 
thrown [s\src\hotspot\share\prims\jni.cpp, line 537]
Event: 11.265 Thread 0x0000024da477aef0 Exception <a 'sun/nio/fs/WindowsException'{0x0000000084588c68}> (0x0000000084588c68) 
thrown [s\src\hotspot\share\prims\jni.cpp, line 537]
Event: 11.265 Thread 0x0000024da477f720 Exception <a 'sun/nio/fs/WindowsException'{0x0000000084429148}> (0x0000000084429148) 
thrown [s\src\hotspot\share\prims\jni.cpp, line 537]
Event: 11.266 Thread 0x0000024da477f090 Exception <a 'sun/nio/fs/WindowsException'{0x00000000843302f0}> (0x00000000843302f0) 
thrown [s\src\hotspot\share\prims\jni.cpp, line 537]
Event: 11.266 Thread 0x0000024da477cfc0 Exception <a 'sun/nio/fs/WindowsException'{0x00000000844ebea8}> (0x00000000844ebea8) 
thrown [s\src\hotspot\share\prims\jni.cpp, line 537]
Event: 11.267 Thread 0x0000024da477a1d0 Exception <a 'sun/nio/fs/WindowsException'{0x00000000843a99b8}> (0x00000000843a99b8) 
thrown [s\src\hotspot\share\prims\jni.cpp, line 537]
Event: 11.267 Thread 0x0000024da415eaa0 Exception <a 'sun/nio/fs/WindowsException'{0x00000000843ef160}> (0x00000000843ef160) 
thrown [s\src\hotspot\share\prims\jni.cpp, line 537]
Event: 11.269 Thread 0x0000024da477ea00 Exception <a 'sun/nio/fs/WindowsException'{0x0000000084010308}> (0x0000000084010308) 
thrown [s\src\hotspot\share\prims\jni.cpp, line 537]
Event: 11.269 Thread 0x0000024da79adfa0 Exception <a 'sun/nio/fs/WindowsException'{0x0000000084051370}> (0x0000000084051370) 
thrown [s\src\hotspot\share\prims\jni.cpp, line 537]
Event: 11.269 Thread 0x0000024da477a860 Exception <a 'sun/nio/fs/WindowsException'{0x000000008403fe20}> (0x000000008403fe20) 
thrown [s\src\hotspot\share\prims\jni.cpp, line 537]
Event: 11.272 Thread 0x0000024da79b1420 Exception <a 'sun/nio/fs/WindowsException'{0x0000000083fed0f0}> (0x0000000083fed0f0) 
thrown [s\src\hotspot\share\prims\jni.cpp, line 537]
Event: 11.273 Thread 0x0000024da477aef0 Exception <a 'sun/nio/fs/WindowsException'{0x0000000083d3b9f8}> (0x0000000083d3b9f8) 
thrown [s\src\hotspot\share\prims\jni.cpp, line 537]
Event: 11.274 Thread 0x0000024da477dce0 Exception <a 'sun/nio/fs/WindowsException'{0x0000000083d442f8}> (0x0000000083d442f8) 
thrown [s\src\hotspot\share\prims\jni.cpp, line 537]
Event: 11.278 Thread 0x0000024da477a1d0 Exception <a 'sun/nio/fs/WindowsException'{0x0000000083b25858}> (0x0000000083b25858) 
thrown [s\src\hotspot\share\prims\jni.cpp, line 537]
Event: 11.278 Thread 0x0000024da477d650 Exception <a 'sun/nio/fs/WindowsException'{0x0000000083b30928}> (0x0000000083b30928) 
thrown [s\src\hotspot\share\prims\jni.cpp, line 537]

ZGC Phase Switch (0 events):
No events

VM Operations (20 events):
Event: 10.789 Executing VM operation: G1CollectForAllocation (G1 Evacuation Pause) done
Event: 10.918 Executing VM operation: G1CollectForAllocation (G1 Evacuation Pause)
Event: 10.922 Executing VM operation: G1CollectForAllocation (G1 Evacuation Pause) done
Event: 10.954 Executing VM operation: G1PauseRemark
Event: 10.958 Executing VM operation: G1PauseRemark done
Event: 10.970 Executing VM operation: G1PauseCleanup
Event: 10.971 Executing VM operation: G1PauseCleanup done
Event: 11.020 Executing VM operation: G1CollectForAllocation (G1 Evacuation Pause)
Event: 11.024 Executing VM operation: G1CollectForAllocation (G1 Evacuation Pause) done
Event: 11.087 Executing VM operation: G1CollectForAllocation (G1 Evacuation Pause)
Event: 11.090 Executing VM operation: G1CollectForAllocation (G1 Evacuation Pause) done
Event: 11.149 Executing VM operation: G1CollectForAllocation (G1 Evacuation Pause)
Event: 11.152 Executing VM operation: G1CollectForAllocation (G1 Evacuation Pause) done
Event: 11.188 Executing VM operation: G1PauseRemark
Event: 11.192 Executing VM operation: G1PauseRemark done
Event: 11.205 Executing VM operation: G1PauseCleanup
Event: 11.205 Executing VM operation: G1PauseCleanup done
Event: 11.234 Executing VM operation: G1CollectForAllocation (G1 Evacuation Pause)
Event: 11.237 Executing VM operation: G1CollectForAllocation (G1 Evacuation Pause) done
Event: 11.279 Executing VM operation: G1CollectForAllocation (G1 Evacuation Pause)

Memory protections (0 events):
No events

Nmethod flushes (20 events):
Event: 11.191 Thread 0x0000024d9e88af60 flushing  nmethod 0x0000024d88f5f710
Event: 11.191 Thread 0x0000024d9e88af60 flushing  nmethod 0x0000024d88f63e10
Event: 11.191 Thread 0x0000024d9e88af60 flushing  nmethod 0x0000024d88f65e10
Event: 11.191 Thread 0x0000024d9e88af60 flushing  nmethod 0x0000024d890a9f90
Event: 11.191 Thread 0x0000024d9e88af60 flushing  nmethod 0x0000024d89139510
Event: 11.191 Thread 0x0000024d9e88af60 flushing  nmethod 0x0000024d892c7890
Event: 11.191 Thread 0x0000024d9e88af60 flushing  nmethod 0x0000024d894fcd10
Event: 11.191 Thread 0x0000024d9e88af60 flushing  nmethod 0x0000024d8977b590
Event: 11.191 Thread 0x0000024d9e88af60 flushing  nmethod 0x0000024d89780b90
Event: 11.191 Thread 0x0000024d9e88af60 flushing  nmethod 0x0000024d89782710
Event: 11.191 Thread 0x0000024d9e88af60 flushing  nmethod 0x0000024d897e8b10
Event: 11.191 Thread 0x0000024d9e88af60 flushing  nmethod 0x0000024d898bd890
Event: 11.191 Thread 0x0000024d9e88af60 flushing  nmethod 0x0000024d8937e590
Event: 11.191 Thread 0x0000024d9e88af60 flushing  nmethod 0x0000024d89380a90
Event: 11.191 Thread 0x0000024d9e88af60 flushing  nmethod 0x0000024d8972cd10
Event: 11.191 Thread 0x0000024d9e88af60 flushing  nmethod 0x0000024d89797790
Event: 11.191 Thread 0x0000024d9e88af60 flushing  nmethod 0x0000024d898a7a90
Event: 11.191 Thread 0x0000024d9e88af60 flushing  nmethod 0x0000024d89924010
Event: 11.191 Thread 0x0000024d9e88af60 flushing  nmethod 0x0000024d89924a10
Event: 11.191 Thread 0x0000024d9e88af60 flushing  nmethod 0x0000024d89925090

Events (20 events):
Event: 10.649 Thread 0x0000024d9e9748d0 Thread added: 0x0000024da5a8fdc0
Event: 10.651 Thread 0x0000024da415eaa0 Thread added: 0x0000024da4778790
Event: 10.653 Thread 0x0000024da415eaa0 Thread added: 0x0000024da477c2a0
Event: 10.656 Thread 0x0000024da415eaa0 Thread added: 0x0000024da47794b0
Event: 10.660 Thread 0x0000024da415eaa0 Thread added: 0x0000024da477b580
Event: 10.865 Thread 0x0000024da415eaa0 Thread added: 0x0000024da477a1d0
Event: 10.866 Thread 0x0000024da415eaa0 Thread added: 0x0000024da477a860
Event: 10.867 Thread 0x0000024da415eaa0 Thread added: 0x0000024da477c930
Event: 10.867 Thread 0x0000024da415eaa0 Thread added: 0x0000024da477e370
Event: 10.868 Thread 0x0000024da415eaa0 Thread added: 0x0000024da477cfc0
Event: 10.869 Thread 0x0000024da415eaa0 Thread added: 0x0000024da477aef0
Event: 10.869 Thread 0x0000024da415eaa0 Thread added: 0x0000024da477dce0
Event: 10.869 Thread 0x0000024da415eaa0 Thread added: 0x0000024da477d650
Event: 10.870 Thread 0x0000024da415eaa0 Thread added: 0x0000024da477ea00
Event: 10.870 Thread 0x0000024da415eaa0 Thread added: 0x0000024da477f090
Event: 10.871 Thread 0x0000024da415eaa0 Thread added: 0x0000024da477f720
Event: 10.871 Thread 0x0000024da415eaa0 Thread added: 0x0000024da79b1420
Event: 10.872 Thread 0x0000024da415eaa0 Thread added: 0x0000024da79adfa0
Event: 10.872 Thread 0x0000024da415eaa0 Thread added: 0x0000024da79b1ab0
Event: 10.873 Thread 0x0000024da415eaa0 Thread added: 0x0000024da79b0070


Dynamic libraries:
0x00007ff6a9940000 - 0x00007ff6a994a000 	C:\Program Files\Android\Android Studio\jbr\bin\java.exe
0x00007ff8991c0000 - 0x00007ff899427000 	C:\WINDOWS\SYSTEM32\ntdll.dll
0x00007ff8973f0000 - 0x00007ff8974b9000 	C:\WINDOWS\System32\KERNEL32.DLL
0x00007ff895c20000 - 0x00007ff896011000 	C:\WINDOWS\System32\KERNELBASE.dll
0x00007ff896bf0000 - 0x00007ff896d3b000 	C:\WINDOWS\System32\ucrtbase.dll
0x00007ff8716c0000 - 0x00007ff8716d8000 	C:\Program Files\Android\Android Studio\jbr\bin\jli.dll
0x00007ff882840000 - 0x00007ff88285b000 	C:\Program Files\Android\Android Studio\jbr\bin\VCRUNTIME140.dll
0x00007ff898fb0000 - 0x00007ff899175000 	C:\WINDOWS\System32\USER32.dll
0x00007ff883310000 - 0x00007ff8835a3000 	C:\WINDOWS\WinSxS\amd64_microsoft.windows.common-controls_6595b64144ccf1df_6.0.26100.8037_none_3e092faae333b53b\COMCTL32.dll
0x00007ff896d40000 - 0x00007ff896d67000 	C:\WINDOWS\System32\win32u.dll
0x00007ff897340000 - 0x00007ff8973e9000 	C:\WINDOWS\System32\msvcrt.dll
0x00007ff897020000 - 0x00007ff89704b000 	C:\WINDOWS\System32\GDI32.dll
0x00007ff896ac0000 - 0x00007ff896beb000 	C:\WINDOWS\System32\gdi32full.dll
0x00007ff896d70000 - 0x00007ff896e13000 	C:\WINDOWS\System32\msvcp_win.dll
0x00007ff898f70000 - 0x00007ff898fa1000 	C:\WINDOWS\System32\IMM32.DLL
0x00007ff891180000 - 0x00007ff89118c000 	C:\Program Files\Android\Android Studio\jbr\bin\vcruntime140_1.dll
0x00007ff83c0e0000 - 0x00007ff83c16d000 	C:\Program Files\Android\Android Studio\jbr\bin\msvcp140.dll
0x00007ff834540000 - 0x00007ff8351d6000 	C:\Program Files\Android\Android Studio\jbr\bin\server\jvm.dll
0x00007ff896f60000 - 0x00007ff89701b000 	C:\WINDOWS\System32\ADVAPI32.dll
0x00007ff897bf0000 - 0x00007ff897c97000 	C:\WINDOWS\System32\sechost.dll
0x00007ff897a00000 - 0x00007ff897b18000 	C:\WINDOWS\System32\RPCRT4.dll
0x00007ff898060000 - 0x00007ff8980d4000 	C:\WINDOWS\System32\WS2_32.dll
0x00007ff895900000 - 0x00007ff89595e000 	C:\WINDOWS\SYSTEM32\POWRPROF.dll
0x00007ff88f450000 - 0x00007ff88f45b000 	C:\WINDOWS\SYSTEM32\VERSION.dll
0x00007ff88f460000 - 0x00007ff88f495000 	C:\WINDOWS\SYSTEM32\WINMM.dll
0x00007ff8958e0000 - 0x00007ff8958f4000 	C:\WINDOWS\SYSTEM32\UMPDC.dll
0x00007ff894830000 - 0x00007ff89484b000 	C:\WINDOWS\SYSTEM32\kernel.appcore.dll
0x00007ff891010000 - 0x00007ff89101a000 	C:\Program Files\Android\Android Studio\jbr\bin\jimage.dll
0x00007ff8890d0000 - 0x00007ff889312000 	C:\WINDOWS\SYSTEM32\DBGHELP.DLL
0x00007ff8974d0000 - 0x00007ff897852000 	C:\WINDOWS\System32\combase.dll
0x00007ff897ef0000 - 0x00007ff897fc7000 	C:\WINDOWS\System32\OLEAUT32.dll
0x00007ff8800b0000 - 0x00007ff8800eb000 	C:\WINDOWS\SYSTEM32\dbgcore.DLL
0x00007ff896eb0000 - 0x00007ff896f55000 	C:\WINDOWS\System32\bcryptPrimitives.dll
0x00007ff8700e0000 - 0x00007ff8700ee000 	C:\Program Files\Android\Android Studio\jbr\bin\instrument.dll
0x00007ff8824b0000 - 0x00007ff8824d0000 	C:\Program Files\Android\Android Studio\jbr\bin\java.dll
0x00007ff882420000 - 0x00007ff882438000 	C:\Program Files\Android\Android Studio\jbr\bin\zip.dll
0x00007ff8982a0000 - 0x00007ff8989ff000 	C:\WINDOWS\System32\SHELL32.dll
0x00007ff896890000 - 0x00007ff8969fa000 	C:\WINDOWS\System32\wintypes.dll
0x00007ff896020000 - 0x00007ff896884000 	C:\WINDOWS\System32\windows.storage.dll
0x00007ff897240000 - 0x00007ff897337000 	C:\WINDOWS\System32\SHCORE.dll
0x00007ff897e80000 - 0x00007ff897ee7000 	C:\WINDOWS\System32\shlwapi.dll
0x00007ff8959c0000 - 0x00007ff8959e9000 	C:\WINDOWS\SYSTEM32\profapi.dll
0x00007ff882a50000 - 0x00007ff882a60000 	C:\Program Files\Android\Android Studio\jbr\bin\net.dll
0x00007ff88b380000 - 0x00007ff88b4a7000 	C:\WINDOWS\SYSTEM32\WINHTTP.dll
0x00007ff894da0000 - 0x00007ff894e0b000 	C:\WINDOWS\system32\mswsock.dll
0x00007ff882400000 - 0x00007ff882416000 	C:\Program Files\Android\Android Studio\jbr\bin\nio.dll
0x00007ff8819e0000 - 0x00007ff8819f0000 	C:\Program Files\Android\Android Studio\jbr\bin\verify.dll
0x00007ff864920000 - 0x00007ff864947000 	C:\Users\OS\.gradle\native\1def1411415f61bf3af743bc5b6707747c0891f09f0c88961ee8f79bc544acac\windows-amd64\native-platform.dll
0x00007ff837280000 - 0x00007ff8372f7000 	C:\Users\OS\.gradle\native\0.2.8\x86_64-windows-gnu\gradle-fileevents.dll
0x00007ff8823e0000 - 0x00007ff8823e9000 	C:\Program Files\Android\Android Studio\jbr\bin\management.dll
0x00007ff882150000 - 0x00007ff88215b000 	C:\Program Files\Android\Android Studio\jbr\bin\management_ext.dll
0x00007ff897b20000 - 0x00007ff897b28000 	C:\WINDOWS\System32\PSAPI.DLL
0x00007ff894250000 - 0x00007ff894283000 	C:\WINDOWS\SYSTEM32\IPHLPAPI.DLL
0x00007ff898f30000 - 0x00007ff898f3a000 	C:\WINDOWS\System32\NSI.dll
0x00007ff8823f0000 - 0x00007ff8823f9000 	C:\Program Files\Android\Android Studio\jbr\bin\extnet.dll
0x00007ff895090000 - 0x00007ff8950ab000 	C:\WINDOWS\SYSTEM32\CRYPTSP.dll
0x00007ff894790000 - 0x00007ff8947c9000 	C:\WINDOWS\system32\rsaenh.dll
0x00007ff894e50000 - 0x00007ff894e82000 	C:\WINDOWS\SYSTEM32\USERENV.dll
0x00007ff895990000 - 0x00007ff8959ba000 	C:\WINDOWS\SYSTEM32\bcrypt.dll
0x00007ff895080000 - 0x00007ff89508c000 	C:\WINDOWS\SYSTEM32\CRYPTBASE.dll
0x00007ff8821e0000 - 0x00007ff8821e8000 	C:\WINDOWS\system32\wshunix.dll

JVMTI agents:
C:\Users\OS\.gradle\wrapper\dists\gradle-9.1.0-bin\9agqghryom9wkf8r80qlhnts3\gradle-9.1.0\lib\agents\gradle-instrumentation-agent-9.1.0.jar path:C:\Program Files\Android\Android Studio\jbr\bin\instrument.dll, loaded, initialized, instrumentlib options:none

dbghelp: loaded successfully - version: 4.0.5 - missing functions: none
symbol engine: initialized successfully - sym options: 0x614 - pdb path: .;C:\Program Files\Android\Android Studio\jbr\bin;C:\WINDOWS\SYSTEM32;C:\WINDOWS\WinSxS\amd64_microsoft.windows.common-controls_6595b64144ccf1df_6.0.26100.8037_none_3e092faae333b53b;C:\Program Files\Android\Android Studio\jbr\bin\server;C:\Users\OS\.gradle\native\1def1411415f61bf3af743bc5b6707747c0891f09f0c88961ee8f79bc544acac\windows-amd64;C:\Users\OS\.gradle\native\0.2.8\x86_64-windows-gnu

VM Arguments:
jvm_args: --add-opens=java.base/java.lang=ALL-UNNAMED --add-opens=java.base/java.lang.invoke=ALL-UNNAMED --add-opens=java.base/java.util=ALL-UNNAMED --add-opens=java.prefs/java.util.prefs=ALL-UNNAMED --add-exports=jdk.compiler/com.sun.tools.javac.api=ALL-UNNAMED --add-exports=jdk.compiler/com.sun.tools.javac.util=ALL-UNNAMED --add-opens=java.base/java.util=ALL-UNNAMED --add-opens=java.prefs/java.util.prefs=ALL-UNNAMED --add-opens=java.base/java.nio.charset=ALL-UNNAMED --add-opens=java.base/java.net=ALL-UNNAMED --add-opens=java.base/java.util.concurrent=ALL-UNNAMED --add-opens=java.base/java.util.concurrent.atomic=ALL-UNNAMED --add-opens=java.xml/javax.xml.namespace=ALL-UNNAMED --add-opens=java.base/java.time=ALL-UNNAMED -Xmx2048m -Dfile.encoding=UTF-8 -Duser.country=US -Duser.language=en -Duser.variant -javaagent:C:\Users\OS\.gradle\wrapper\dists\gradle-9.1.0-bin\9agqghryom9wkf8r80qlhnts3\gradle-9.1.0\lib\agents\gradle-instrumentation-agent-9.1.0.jar 
java_command: org.gradle.launcher.daemon.bootstrap.GradleDaemon 9.1.0
java_class_path (initial): C:\Users\OS\.gradle\wrapper\dists\gradle-9.1.0-bin\9agqghryom9wkf8r80qlhnts3\gradle-9.1.0\lib\gradle-daemon-main-9.1.0.jar
Launcher Type: SUN_STANDARD

[Global flags]
     intx CICompilerCount                          = 12                                        {product} {ergonomic}
     uint ConcGCThreads                            = 3                                         {product} {ergonomic}
     uint G1ConcRefinementThreads                  = 13                                        {product} {ergonomic}
   size_t G1HeapRegionSize                         = 1048576                                   {product} {ergonomic}
    uintx GCDrainStackTargetSize                   = 64                                        {product} {ergonomic}
   size_t InitialHeapSize                          = 232783872                                 {product} {ergonomic}
   size_t MarkStackSize                            = 4194304                                   {product} {ergonomic}
   size_t MaxHeapSize                              = 2147483648                                {product} {command line}
   size_t MaxNewSize                               = 1287651328                                {product} {ergonomic}
   size_t MinHeapDeltaBytes                        = 1048576                                   {product} {ergonomic}
   size_t MinHeapSize                              = 8388608                                   {product} {ergonomic}
    uintx NonNMethodCodeHeapSize                   = 7602480                                {pd product} {ergonomic}
    uintx NonProfiledCodeHeapSize                  = 122027880                              {pd product} {ergonomic}
    uintx ProfiledCodeHeapSize                     = 122027880                              {pd product} {ergonomic}
    uintx ReservedCodeCacheSize                    = 251658240                              {pd product} {ergonomic}
     bool SegmentedCodeCache                       = true                                      {product} {ergonomic}
   size_t SoftMaxHeapSize                          = 2147483648                             {manageable} {ergonomic}
     bool UseCompressedOops                        = true                           {product lp64_product} {ergonomic}
     bool UseG1GC                                  = true                                      {product} {ergonomic}
     bool UseLargePagesIndividualAllocation        = false                                  {pd product} {ergonomic}

Logging:
Log output configuration:
 #0: stdout all=warning uptime,level,tags foldmultilines=false
 #1: stderr all=off uptime,level,tags foldmultilines=false

Release file:
JAVA_VERSION="21.0.9" 
MODULES="java.base java.compiler java.datatransfer java.xml java.prefs java.desktop java.instrument java.logging java.management java.security.sasl java.naming java.rmi java.management.rmi java.net.http java.scripting java.security.jgss java.transaction.xa java.sql java.sql.rowset java.xml.crypto java.se java.smartcardio jdk.accessibility jdk.internal.jvmstat jdk.attach jdk.charsets jdk.internal.opt jdk.zipfs jdk.compiler jdk.crypto.ec jdk.crypto.cryptoki jdk.dynalink jdk.hotspot.agent jdk.httpserver jdk.internal.ed jdk.internal.le jdk.internal.vm.ci jdk.jartool jdk.javadoc jdk.jcmd jdk.jdeps jdk.jdwp.agent jdk.jdi jdk.jfr jdk.jlink jdk.jsobject jdk.localedata jdk.management jdk.management.agent jdk.management.jfr jdk.naming.dns jdk.naming.rmi jdk.net jdk.sctp jdk.security.auth jdk.security.jgss jdk.unsupported jdk.unsupported.desktop jdk.xml.dom" 
IMPLEMENTOR="JetBrains s.r.o." 
JAVA_RUNTIME_VERSION="21.0.9+-14649483-b1163.86" 
LIBC="default" 
OS_ARCH="x86_64" 
OS_NAME="Windows" 
SOURCE=".:git:554d0c326095" 

Environment Variables:
JAVA_HOME=C:\Program Files\Java\jdk-17
PATH=C:\Program Files\Eclipse Adoptium\jdk-21.0.9.10-hotspot\bin;C:\Program Files (x86)\Common Files\Oracle\Java\javapath;C:\Program Files\Microsoft MPI\Bin\;C:\Program Files\Common Files\Oracle\Java\javapath;C:\WINDOWS\system32;C:\WINDOWS;C:\WINDOWS\System32\Wbem;C:\WINDOWS\System32\WindowsPowerShell\v1.0\;C:\WINDOWS\System32\OpenSSH\;C:\Program Files\nodejs\;C:\Program Files\Git\cmd;C:\Program Files\Java\jdk-17\bin;C:\Program Files\MongoDB\Server\8.0\bin;C:\Users\OS\AppData\Local\Programs\mongosh\;C:\Program Files\MySQL\MySQL Server 8.0\bin;C:\Users\OS\AppData\Local\Microsoft\WindowsApps;C:\Users\OS\AppData\Roaming\npm;C:\Users\OS\AppData\Local\Programs\Microsoft VS Code\bin;C:\Program Files (x86)\mingw64\mingw64\bin;C:\Program Files\heroku\bin;C:\xampp\php;C:\Program Files\MySQL\MySQL Server 8.0\bin;C:\Program Files\MongoDB\Server\8.0\bin;C:\Program Files\Docker\Docker\resources\bin;C:\Users\OS\AppData\Local\Programs\Python\Python311\Scripts\;C:\Program Files\Java\jdk-17\bin;C:\apache-tomcat-10.1.48\bin;C:\Program Files (x86)\ZeroTier\One\;C:\Program Files\mosquitto;C:\Program Files\Cloudflare\Cloudflare WARP\;C:\Users\OS\AppData\Local\Microsoft\WindowsApps;C:\Users\OS\AppData\Roaming\npm;C:\Users\OS\AppData\Local\Programs\Microsoft VS Code\bin;C:\Program Files (x86)\mingw64\mingw64\bin;C:\Program Files\heroku\bin;C:\xampp\php;C:\Program Files\Java\jdk-17\bin;C:\Program Files\MySQL\MySQL Server 8.0\bin;C:\Program Files\MongoDB\Server\8.0\bin;C:\Users\OS\AppData\Local\Programs\Python\Python311\;C:\Users\OS\AppData\Local\Programs\Python\Python311\Scripts\;C:\Program Files\JetBrains\IntelliJ IDEA 2025.3.3\bin
USERNAME=OS
OS=Windows_NT
PROCESSOR_IDENTIFIER=AMD64 Family 25 Model 117 Stepping 2, AuthenticAMD
TMP=C:\Users\OS\AppData\Local\Temp
TEMP=C:\Users\OS\AppData\Local\Temp




Periodic native trim disabled

JNI global refs:
JNI global refs: 36, weak refs: 0

JNI global refs memory usage: 835, weak refs: 833

Process memory usage:
Resident Set Size: 336036K (2% of 14480244K total physical memory with 686212K free physical memory)

OOME stack traces (most recent first):
Classloader memory used:
Loader org.gradle.internal.classloader.VisitableURLClassLoader                         : 36811K
Loader bootstrap                                                                       : 22593K
Loader org.gradle.initialization.MixInLegacyTypesClassLoader                           : 11054K
Loader jdk.internal.loader.ClassLoaders$AppClassLoader                                 : 231K
Loader jdk.internal.loader.ClassLoaders$PlatformClassLoader                            : 130K
Loader jdk.internal.reflect.DelegatingClassLoader                                      : 124K
Loader org.gradle.groovy.scripts.internal.DefaultScriptCompilationHandler$ScriptClassLoader: 105K
Loader org.gradle.internal.classloader.VisitableURLClassLoader                         : 103K
Loader org.gradle.internal.classloader.VisitableURLClassLoader$InstrumentingVisitableURLClassLoader: 18744B

Classes loaded by more than one classloader:
Class Program                                                                         : loaded 3 times (x 72B)
Class org.gradle.internal.classloader.ClassLoaderHierarchy                            : loaded 2 times (x 70B)
Class org.gradle.api.internal.classpath.ManifestUtil                                  : loaded 2 times (x 71B)
Class org.gradle.internal.classloader.DefaultClassLoaderFactory                       : loaded 2 times (x 82B)
Class org.gradle.internal.classloader.ClassLoaderVisitor                              : loaded 2 times (x 76B)
Class org.gradle.api.internal.classpath.EffectiveClassPath                            : loaded 2 times (x 90B)
Class org.gradle.api.internal.DefaultClassPathProvider                                : loaded 2 times (x 76B)
Class [Lorg.gradle.api.internal.ClassPathProvider;                                    : loaded 2 times (x 69B)
Class org.gradle.api.internal.ClassPathProvider                                       : loaded 2 times (x 70B)
Class org.gradle.internal.service.UnknownServiceException                             : loaded 2 times (x 83B)
Class ijJvmDebugger1_9kuse2c3e909oczvnjwpq941l$_run_closure1$_closure2                : loaded 2 times (x 140B)
Class org.gradle.internal.classpath.TransformedClassPath                              : loaded 2 times (x 96B)
Class org.gradle.internal.classloader.InstrumentingClassLoader                        : loaded 2 times (x 70B)
Class ijKotlinCoroutineJvmDebugInit1_y9onw5vj1shj02n4mdtng91$_run_closure1$_closure2  : loaded 2 times (x 139B)
Class org.gradle.internal.service.ServiceLocator                                      : loaded 2 times (x 70B)
Class org.gradle.internal.InternalTransformer                                         : loaded 2 times (x 70B)
Class org.gradle.internal.classloader.ClasspathUtil$1                                 : loaded 2 times (x 76B)
Class org.gradle.api.internal.classpath.DefaultModuleRegistry$DefaultModule           : loaded 2 times (x 86B)
Class org.gradle.api.internal.classpath.Module                                        : loaded 2 times (x 70B)
Class org.gradle.api.internal.classpath.UnknownModuleException                        : loaded 2 times (x 82B)
Class org.gradle.api.internal.DefaultClassPathRegistry                                : loaded 2 times (x 76B)
Class org.gradle.api.internal.ClassPathRegistry                                       : loaded 2 times (x 70B)
Class org.gradle.internal.classpath.DefaultClassPath$ImmutableUniqueList              : loaded 2 times (x 199B)
Class org.gradle.internal.classloader.FilteringClassLoader                            : loaded 2 times (x 105B)
Class Settings_gradle$1                                                               : loaded 2 times (x 74B)
Class org.gradle.internal.classpath.ClassPath                                         : loaded 2 times (x 70B)
Class ijKotlinCoroutineJvmDebugInit1_y9onw5vj1shj02n4mdtng91$_run_closure1            : loaded 2 times (x 139B)
Class org.gradle.internal.installation.GradleInstallation$1                           : loaded 2 times (x 75B)
Class org.gradle.api.internal.classpath.ModuleRegistry                                : loaded 2 times (x 70B)
Class org.gradle.api.internal.classpath.DefaultModuleRegistry                         : loaded 2 times (x 86B)
Class org.gradle.internal.service.ServiceLookupException                              : loaded 2 times (x 82B)
Class org.gradle.internal.classloader.ClassLoaderFactory                              : loaded 2 times (x 70B)
Class org.gradle.internal.service.CachingServiceLocator                               : loaded 2 times (x 82B)
Class org.gradle.internal.classloader.ClasspathUtil                                   : loaded 2 times (x 71B)
Class org.gradle.api.specs.Spec                                                       : loaded 2 times (x 70B)
Class ijJvmDebugger1_9kuse2c3e909oczvnjwpq941l                                        : loaded 2 times (x 171B)
Class org.gradle.internal.classloader.VisitableURLClassLoader$InstrumentingVisitableURLClassLoader: loaded 2 times (x 123B)
Class org.gradle.internal.classloader.VisitableURLClassLoader$Spec                    : loaded 2 times (x 74B)
Class org.gradle.internal.classpath.DefaultClassPath                                  : loaded 2 times (x 90B)
Class org.gradle.internal.classloader.ClassLoaderSpec                                 : loaded 2 times (x 71B)
Class Settings_gradle$1$1                                                             : loaded 2 times (x 74B)
Class org.gradle.internal.classloader.VisitableURLClassLoader                         : loaded 2 times (x 117B)
Class Settings_gradle                                                                 : loaded 2 times (x 124B)
Class org.gradle.internal.Cast                                                        : loaded 2 times (x 71B)
Class org.gradle.api.Action                                                           : loaded 2 times (x 70B)
Class org.gradle.internal.classpath.DefaultClassPath$ImmutableUniqueList$Builder      : loaded 2 times (x 75B)
Class ijJvmDebugger1_9kuse2c3e909oczvnjwpq941l$_run_closure1                          : loaded 2 times (x 139B)
Class ijKotlinCoroutineJvmDebugInit1_y9onw5vj1shj02n4mdtng91                          : loaded 2 times (x 171B)
Class org.gradle.api.GradleException                                                  : loaded 2 times (x 82B)
Class org.gradle.internal.IoActions                                                   : loaded 2 times (x 71B)
Class org.gradle.internal.classloader.SystemClassLoaderSpec                           : loaded 2 times (x 71B)
Class org.gradle.api.internal.classpath.GlobalCacheRootsProvider                      : loaded 2 times (x 70B)
Class org.gradle.internal.installation.CurrentGradleInstallationLocator               : loaded 2 times (x 71B)
Class org.gradle.internal.service.DefaultServiceLocator                               : loaded 2 times (x 83B)
Class org.gradle.internal.installation.CurrentGradleInstallation                      : loaded 2 times (x 73B)
Class org.gradle.util.internal.GUtil                                                  : loaded 2 times (x 71B)
Class org.gradle.internal.installation.GradleInstallation                             : loaded 2 times (x 75B)

---------------  S Y S T E M  ---------------

OS:
 Windows 11 , 64 bit Build 26100 (10.0.26100.7920)
OS uptime: 0 days 10:12 hours
Hyper-V role detected

CPU: total 16 (initial active 16) (16 cores per cpu, 2 threads per core) family 25 model 117 stepping 2 microcode 0xa705205, cx8, cmov, fxsr, ht, mmx, 3dnowpref, sse, sse2, sse3, ssse3, sse4a, sse4.1, sse4.2, popcnt, lzcnt, tsc, tscinvbit, avx, avx2, aes, erms, clmul, bmi1, bmi2, adx, avx512f, avx512dq, avx512cd, avx512bw, avx512vl, sha, fma, vzeroupper, avx512_vpopcntdq, avx512_vpclmulqdq, avx512_vaes, avx512_vnni, clflush, clflushopt, avx512_vbmi2, avx512_vbmi, hv, rdtscp, rdpid, fsrm, gfni, avx512_bitalg, f16c, cet_ss, avx512_ifma
Processor Information for the first 16 processors :
  Max Mhz: 3801, Current Mhz: 2516, Mhz Limit: 3801

Memory: 4k page, system-wide physical 14140M (670M free)
TotalPageFile size 38434M (AvailPageFile size 17M)
current process WorkingSet (physical memory assigned to process): 328M, peak: 328M
current process commit charge ("private bytes"): 375M, peak: 429M

vm_info: OpenJDK 64-Bit Server VM (21.0.9+-14649483-b1163.86) for windows-amd64 JRE (21.0.9+-14649483-b1163.86), built on 2025-12-30T22:08:35Z by "builder" with MS VC++ 16.10 / 16.11 (VS2019)

END.
